14:36:55 **** Build of configuration Debug for project kittchen_remote ****
make all 
Building target: kittchen_remote.elf
Invoking: Cross ARM C++ Linker
arm-none-eabi-g++ -mcpu=cortex-m0plus -mthumb -O0 -fmessage-length=0 -fsigned-char -ffunction-sections -fdata-sections -Wuninitialized -Wmissing-declarations  -g3 -T "D:\DB\Dropbox\Development\24ghz_kuechenbeleuchtung_steuerung\eclipse_workspace\kittchen_remote\ldscripts\sections.ld" -nostartfiles -Xlinker --gc-sections -L"../ldscripts" -Wl,-Map,"kittchen_remote.map" -v -o "kittchen_remote.elf"  ./system/src/stm32l0xx/stm32l0xx_hal.o ./system/src/stm32l0xx/stm32l0xx_hal_adc.o ./system/src/stm32l0xx/stm32l0xx_hal_adc_ex.o ./system/src/stm32l0xx/stm32l0xx_hal_comp.o ./system/src/stm32l0xx/stm32l0xx_hal_cortex.o ./system/src/stm32l0xx/stm32l0xx_hal_crc.o ./system/src/stm32l0xx/stm32l0xx_hal_crc_ex.o ./system/src/stm32l0xx/stm32l0xx_hal_cryp.o ./system/src/stm32l0xx/stm32l0xx_hal_cryp_ex.o ./system/src/stm32l0xx/stm32l0xx_hal_dac.o ./system/src/stm32l0xx/stm32l0xx_hal_dac_ex.o ./system/src/stm32l0xx/stm32l0xx_hal_dma.o ./system/src/stm32l0xx/stm32l0xx_hal_flash.o ./system/src/stm32l0xx/stm32l0xx_hal_flash_ex.o ./system/src/stm32l0xx/stm32l0xx_hal_flash_ramfunc.o ./system/src/stm32l0xx/stm32l0xx_hal_gpio.o ./system/src/stm32l0xx/stm32l0xx_hal_i2c.o ./system/src/stm32l0xx/stm32l0xx_hal_i2c_ex.o ./system/src/stm32l0xx/stm32l0xx_hal_i2s.o ./system/src/stm32l0xx/stm32l0xx_hal_irda.o ./system/src/stm32l0xx/stm32l0xx_hal_iwdg.o ./system/src/stm32l0xx/stm32l0xx_hal_lcd.o ./system/src/stm32l0xx/stm32l0xx_hal_lptim.o ./system/src/stm32l0xx/stm32l0xx_hal_msp_template.o ./system/src/stm32l0xx/stm32l0xx_hal_pcd.o ./system/src/stm32l0xx/stm32l0xx_hal_pcd_ex.o ./system/src/stm32l0xx/stm32l0xx_hal_pwr.o ./system/src/stm32l0xx/stm32l0xx_hal_pwr_ex.o ./system/src/stm32l0xx/stm32l0xx_hal_rcc.o ./system/src/stm32l0xx/stm32l0xx_hal_rcc_ex.o ./system/src/stm32l0xx/stm32l0xx_hal_rng.o ./system/src/stm32l0xx/stm32l0xx_hal_rtc.o ./system/src/stm32l0xx/stm32l0xx_hal_rtc_ex.o ./system/src/stm32l0xx/stm32l0xx_hal_smartcard.o ./system/src/stm32l0xx/stm32l0xx_hal_smartcard_ex.o ./system/src/stm32l0xx/stm32l0xx_hal_smbus.o ./system/src/stm32l0xx/stm32l0xx_hal_spi.o ./system/src/stm32l0xx/stm32l0xx_hal_tim.o ./system/src/stm32l0xx/stm32l0xx_hal_tim_ex.o ./system/src/stm32l0xx/stm32l0xx_hal_tsc.o ./system/src/stm32l0xx/stm32l0xx_hal_uart.o ./system/src/stm32l0xx/stm32l0xx_hal_uart_ex.o ./system/src/stm32l0xx/stm32l0xx_hal_usart.o ./system/src/stm32l0xx/stm32l0xx_hal_wwdg.o  ./system/src/newlib/_cxx.o ./system/src/newlib/_exit.o ./system/src/newlib/_sbrk.o ./system/src/newlib/_startup.o ./system/src/newlib/_syscalls.o ./system/src/newlib/assert.o  ./system/src/diag/Trace.o ./system/src/diag/trace_impl.o  ./system/src/cortexm/_initialize_hardware.o ./system/src/cortexm/_reset_hardware.o ./system/src/cortexm/exception_handlers.o  ./system/src/cmsis/startup_stm32l051xx.o ./system/src/cmsis/system_stm32l0xx.o ./system/src/cmsis/vectors_stm32l0xx.o  ./src/main.o ./src/stm32l0xx_hal_msp.o ./src/stm32l0xx_it.o   
Using built-in specs.
COLLECT_GCC=arm-none-eabi-g++
COLLECT_LTO_WRAPPER=c:/progra~2/gnutoo~1/44f1d~1.820/bin/../lib/gcc/arm-none-eabi/4.8.4/lto-wrapper.exe
Target: arm-none-eabi
Configured with: /home/build/work/GCC-4-8-build/src/gcc/configure --build=i686-linux-gnu --host=i686-w64-mingw32 --target=arm-none-eabi --prefix=/home/build/work/GCC-4-8-build/install-mingw --libexecdir=/home/build/work/GCC-4-8-build/install-mingw/lib --infodir=/home/build/work/GCC-4-8-build/install-mingw/share/doc/gcc-arm-none-eabi/info --mandir=/home/build/work/GCC-4-8-build/install-mingw/share/doc/gcc-arm-none-eabi/man --htmldir=/home/build/work/GCC-4-8-build/install-mingw/share/doc/gcc-arm-none-eabi/html --pdfdir=/home/build/work/GCC-4-8-build/install-mingw/share/doc/gcc-arm-none-eabi/pdf --enable-languages=c,c++ --disable-decimal-float --disable-libffi --disable-libgomp --disable-libmudflap --disable-libquadmath --disable-libssp --disable-libstdcxx-pch --disable-nls --disable-shared --disable-threads --disable-tls --with-gnu-as --with-gnu-ld --with-headers=yes --with-newlib --with-python-dir=share/gcc-arm-none-eabi --with-sysroot=/home/build/work/GCC-4-8-build/install-mingw/arm-none-eabi --with-libiconv-prefix=/home/build/work/GCC-4-8-build/build-mingw/host-libs/usr --with-gmp=/home/build/work/GCC-4-8-build/build-mingw/host-libs/usr --with-mpfr=/home/build/work/GCC-4-8-build/build-mingw/host-libs/usr --with-mpc=/home/build/work/GCC-4-8-build/build-mingw/host-libs/usr --with-isl=/home/build/work/GCC-4-8-build/build-mingw/host-libs/usr --with-cloog=/home/build/work/GCC-4-8-build/build-mingw/host-libs/usr --with-libelf=/home/build/work/GCC-4-8-build/build-mingw/host-libs/usr --with-host-libstdcxx='-static-libgcc -Wl,-Bstatic,-lstdc++,-Bdynamic -lm' --with-pkgversion='GNU Tools for ARM Embedded Processors' --with-multilib-list=armv6-m,armv7-m,armv7e-m,armv7-r
Thread model: single
gcc version 4.8.4 20140526 (release) [ARM/embedded-4_8-branch revision 211358] (GNU Tools for ARM Embedded Processors) 
COMPILER_PATH=c:/progra~2/gnutoo~1/44f1d~1.820/bin/../lib/gcc/arm-none-eabi/4.8.4/;c:/progra~2/gnutoo~1/44f1d~1.820/bin/../lib/gcc/;c:/progra~2/gnutoo~1/44f1d~1.820/bin/../lib/gcc/arm-none-eabi/4.8.4/../../../../arm-none-eabi/bin/
LIBRARY_PATH=c:/progra~2/gnutoo~1/44f1d~1.820/bin/../lib/gcc/arm-none-eabi/4.8.4/armv6-m/;c:/progra~2/gnutoo~1/44f1d~1.820/bin/../lib/gcc/arm-none-eabi/4.8.4/../../../../arm-none-eabi/lib/armv6-m/;c:/progra~2/gnutoo~1/44f1d~1.820/bin/../arm-none-eabi/lib/armv6-m/;c:/progra~2/gnutoo~1/44f1d~1.820/bin/../lib/gcc/arm-none-eabi/4.8.4/;c:/progra~2/gnutoo~1/44f1d~1.820/bin/../lib/gcc/;c:/progra~2/gnutoo~1/44f1d~1.820/bin/../lib/gcc/arm-none-eabi/4.8.4/../../../../arm-none-eabi/lib/;c:/progra~2/gnutoo~1/44f1d~1.820/bin/../arm-none-eabi/lib/
COLLECT_GCC_OPTIONS='-mcpu=cortex-m0plus' '-mthumb' '-O0' '-fmessage-length=0' '-fsigned-char' '-ffunction-sections' '-fdata-sections' '-Wuninitialized' '-Wmissing-declarations' '-g3' '-T' 'D:\DB\Dropbox\Development\24ghz_kuechenbeleuchtung_steuerung\eclipse_workspace\kittchen_remote\ldscripts\sections.ld' '-nostartfiles' '-L../ldscripts' '-v' '-o' 'kittchen_remote.elf'
 c:/progra~2/gnutoo~1/44f1d~1.820/bin/../lib/gcc/arm-none-eabi/4.8.4/collect2.exe --sysroot=c:\progra~2\gnutoo~1\44f1d~1.820\bin\../arm-none-eabi -X -o kittchen_remote.elf -L../ldscripts -Lc:/progra~2/gnutoo~1/44f1d~1.820/bin/../lib/gcc/arm-none-eabi/4.8.4/armv6-m -Lc:/progra~2/gnutoo~1/44f1d~1.820/bin/../lib/gcc/arm-none-eabi/4.8.4/../../../../arm-none-eabi/lib/armv6-m -Lc:/progra~2/gnutoo~1/44f1d~1.820/bin/../arm-none-eabi/lib/armv6-m -Lc:/progra~2/gnutoo~1/44f1d~1.820/bin/../lib/gcc/arm-none-eabi/4.8.4 -Lc:/progra~2/gnutoo~1/44f1d~1.820/bin/../lib/gcc -Lc:/progra~2/gnutoo~1/44f1d~1.820/bin/../lib/gcc/arm-none-eabi/4.8.4/../../../../arm-none-eabi/lib -Lc:/progra~2/gnutoo~1/44f1d~1.820/bin/../arm-none-eabi/lib --gc-sections -Map kittchen_remote.map ./system/src/stm32l0xx/stm32l0xx_hal.o ./system/src/stm32l0xx/stm32l0xx_hal_adc.o ./system/src/stm32l0xx/stm32l0xx_hal_adc_ex.o ./system/src/stm32l0xx/stm32l0xx_hal_comp.o ./system/src/stm32l0xx/stm32l0xx_hal_cortex.o ./system/src/stm32l0xx/stm32l0xx_hal_crc.o ./system/src/stm32l0xx/stm32l0xx_hal_crc_ex.o ./system/src/stm32l0xx/stm32l0xx_hal_cryp.o ./system/src/stm32l0xx/stm32l0xx_hal_cryp_ex.o ./system/src/stm32l0xx/stm32l0xx_hal_dac.o ./system/src/stm32l0xx/stm32l0xx_hal_dac_ex.o ./system/src/stm32l0xx/stm32l0xx_hal_dma.o ./system/src/stm32l0xx/stm32l0xx_hal_flash.o ./system/src/stm32l0xx/stm32l0xx_hal_flash_ex.o ./system/src/stm32l0xx/stm32l0xx_hal_flash_ramfunc.o ./system/src/stm32l0xx/stm32l0xx_hal_gpio.o ./system/src/stm32l0xx/stm32l0xx_hal_i2c.o ./system/src/stm32l0xx/stm32l0xx_hal_i2c_ex.o ./system/src/stm32l0xx/stm32l0xx_hal_i2s.o ./system/src/stm32l0xx/stm32l0xx_hal_irda.o ./system/src/stm32l0xx/stm32l0xx_hal_iwdg.o ./system/src/stm32l0xx/stm32l0xx_hal_lcd.o ./system/src/stm32l0xx/stm32l0xx_hal_lptim.o ./system/src/stm32l0xx/stm32l0xx_hal_msp_template.o ./system/src/stm32l0xx/stm32l0xx_hal_pcd.o ./system/src/stm32l0xx/stm32l0xx_hal_pcd_ex.o ./system/src/stm32l0xx/stm32l0xx_hal_pwr.o ./system/src/stm32l0xx/stm32l0xx_hal_pwr_ex.o ./system/src/stm32l0xx/stm32l0xx_hal_rcc.o ./system/src/stm32l0xx/stm32l0xx_hal_rcc_ex.o ./system/src/stm32l0xx/stm32l0xx_hal_rng.o ./system/src/stm32l0xx/stm32l0xx_hal_rtc.o ./system/src/stm32l0xx/stm32l0xx_hal_rtc_ex.o ./system/src/stm32l0xx/stm32l0xx_hal_smartcard.o ./system/src/stm32l0xx/stm32l0xx_hal_smartcard_ex.o ./system/src/stm32l0xx/stm32l0xx_hal_smbus.o ./system/src/stm32l0xx/stm32l0xx_hal_spi.o ./system/src/stm32l0xx/stm32l0xx_hal_tim.o ./system/src/stm32l0xx/stm32l0xx_hal_tim_ex.o ./system/src/stm32l0xx/stm32l0xx_hal_tsc.o ./system/src/stm32l0xx/stm32l0xx_hal_uart.o ./system/src/stm32l0xx/stm32l0xx_hal_uart_ex.o ./system/src/stm32l0xx/stm32l0xx_hal_usart.o ./system/src/stm32l0xx/stm32l0xx_hal_wwdg.o ./system/src/newlib/_cxx.o ./system/src/newlib/_exit.o ./system/src/newlib/_sbrk.o ./system/src/newlib/_startup.o ./system/src/newlib/_syscalls.o ./system/src/newlib/assert.o ./system/src/diag/Trace.o ./system/src/diag/trace_impl.o ./system/src/cortexm/_initialize_hardware.o ./system/src/cortexm/_reset_hardware.o ./system/src/cortexm/exception_handlers.o ./system/src/cmsis/startup_stm32l051xx.o ./system/src/cmsis/system_stm32l0xx.o ./system/src/cmsis/vectors_stm32l0xx.o ./src/main.o ./src/stm32l0xx_hal_msp.o ./src/stm32l0xx_it.o -lstdc++ -lm --start-group -lgcc -lg -lc --end-group -T D:\DB\Dropbox\Development\24ghz_kuechenbeleuchtung_steuerung\eclipse_workspace\kittchen_remote\ldscripts\sections.ld
Finished building target: kittchen_remote.elf
 
Invoking: Cross ARM GNU Create Flash Image
arm-none-eabi-objcopy -O ihex "kittchen_remote.elf"  "kittchen_remote.hex"
Finished building: kittchen_remote.hex
 
Invoking: Cross ARM GNU Print Size
arm-none-eabi-size --format=berkeley "kittchen_remote.elf"
   text	   data	    bss	    dec	    hex	filename
  10800	    124	   1148	  12072	   2f28	kittchen_remote.elf
Finished building: kittchen_remote.siz
 
14:37:03 **** Clean-only build of configuration Debug for project kittchen_remote ****
make clean 
rm -rf  ./system/src/stm32l0xx/stm32l0xx_hal.o ./system/src/stm32l0xx/stm32l0xx_hal_adc.o ./system/src/stm32l0xx/stm32l0xx_hal_adc_ex.o ./system/src/stm32l0xx/stm32l0xx_hal_comp.o ./system/src/stm32l0xx/stm32l0xx_hal_cortex.o ./system/src/stm32l0xx/stm32l0xx_hal_crc.o ./system/src/stm32l0xx/stm32l0xx_hal_crc_ex.o ./system/src/stm32l0xx/stm32l0xx_hal_cryp.o ./system/src/stm32l0xx/stm32l0xx_hal_cryp_ex.o ./system/src/stm32l0xx/stm32l0xx_hal_dac.o ./system/src/stm32l0xx/stm32l0xx_hal_dac_ex.o ./system/src/stm32l0xx/stm32l0xx_hal_dma.o ./system/src/stm32l0xx/stm32l0xx_hal_flash.o ./system/src/stm32l0xx/stm32l0xx_hal_flash_ex.o ./system/src/stm32l0xx/stm32l0xx_hal_flash_ramfunc.o ./system/src/stm32l0xx/stm32l0xx_hal_gpio.o ./system/src/stm32l0xx/stm32l0xx_hal_i2c.o ./system/src/stm32l0xx/stm32l0xx_hal_i2c_ex.o ./system/src/stm32l0xx/stm32l0xx_hal_i2s.o ./system/src/stm32l0xx/stm32l0xx_hal_irda.o ./system/src/stm32l0xx/stm32l0xx_hal_iwdg.o ./system/src/stm32l0xx/stm32l0xx_hal_lcd.o ./system/src/stm32l0xx/stm32l0xx_hal_lptim.o ./system/src/stm32l0xx/stm32l0xx_hal_msp_template.o ./system/src/stm32l0xx/stm32l0xx_hal_pcd.o ./system/src/stm32l0xx/stm32l0xx_hal_pcd_ex.o ./system/src/stm32l0xx/stm32l0xx_hal_pwr.o ./system/src/stm32l0xx/stm32l0xx_hal_pwr_ex.o ./system/src/stm32l0xx/stm32l0xx_hal_rcc.o ./system/src/stm32l0xx/stm32l0xx_hal_rcc_ex.o ./system/src/stm32l0xx/stm32l0xx_hal_rng.o ./system/src/stm32l0xx/stm32l0xx_hal_rtc.o ./system/src/stm32l0xx/stm32l0xx_hal_rtc_ex.o ./system/src/stm32l0xx/stm32l0xx_hal_smartcard.o ./system/src/stm32l0xx/stm32l0xx_hal_smartcard_ex.o ./system/src/stm32l0xx/stm32l0xx_hal_smbus.o ./system/src/stm32l0xx/stm32l0xx_hal_spi.o ./system/src/stm32l0xx/stm32l0xx_hal_tim.o ./system/src/stm32l0xx/stm32l0xx_hal_tim_ex.o ./system/src/stm32l0xx/stm32l0xx_hal_tsc.o ./system/src/stm32l0xx/stm32l0xx_hal_uart.o ./system/src/stm32l0xx/stm32l0xx_hal_uart_ex.o ./system/src/stm32l0xx/stm32l0xx_hal_usart.o ./system/src/stm32l0xx/stm32l0xx_hal_wwdg.o  ./system/src/newlib/_cxx.o ./system/src/newlib/_exit.o ./system/src/newlib/_sbrk.o ./system/src/newlib/_startup.o ./system/src/newlib/_syscalls.o ./system/src/newlib/assert.o  ./system/src/diag/Trace.o ./system/src/diag/trace_impl.o  ./system/src/cortexm/_initialize_hardware.o ./system/src/cortexm/_reset_hardware.o ./system/src/cortexm/exception_handlers.o  ./system/src/cmsis/startup_stm32l051xx.o ./system/src/cmsis/system_stm32l0xx.o ./system/src/cmsis/vectors_stm32l0xx.o  ./src/main.o ./src/stm32l0xx_hal_msp.o ./src/stm32l0xx_it.o  kittchen_remote.hex  kittchen_remote.siz  ./system/src/cmsis/startup_stm32l051xx.d  ./system/src/stm32l0xx/stm32l0xx_hal.d ./system/src/stm32l0xx/stm32l0xx_hal_adc.d ./system/src/stm32l0xx/stm32l0xx_hal_adc_ex.d ./system/src/stm32l0xx/stm32l0xx_hal_comp.d ./system/src/stm32l0xx/stm32l0xx_hal_cortex.d ./system/src/stm32l0xx/stm32l0xx_hal_crc.d ./system/src/stm32l0xx/stm32l0xx_hal_crc_ex.d ./system/src/stm32l0xx/stm32l0xx_hal_cryp.d ./system/src/stm32l0xx/stm32l0xx_hal_cryp_ex.d ./system/src/stm32l0xx/stm32l0xx_hal_dac.d ./system/src/stm32l0xx/stm32l0xx_hal_dac_ex.d ./system/src/stm32l0xx/stm32l0xx_hal_dma.d ./system/src/stm32l0xx/stm32l0xx_hal_flash.d ./system/src/stm32l0xx/stm32l0xx_hal_flash_ex.d ./system/src/stm32l0xx/stm32l0xx_hal_flash_ramfunc.d ./system/src/stm32l0xx/stm32l0xx_hal_gpio.d ./system/src/stm32l0xx/stm32l0xx_hal_i2c.d ./system/src/stm32l0xx/stm32l0xx_hal_i2c_ex.d ./system/src/stm32l0xx/stm32l0xx_hal_i2s.d ./system/src/stm32l0xx/stm32l0xx_hal_irda.d ./system/src/stm32l0xx/stm32l0xx_hal_iwdg.d ./system/src/stm32l0xx/stm32l0xx_hal_lcd.d ./system/src/stm32l0xx/stm32l0xx_hal_lptim.d ./system/src/stm32l0xx/stm32l0xx_hal_msp_template.d ./system/src/stm32l0xx/stm32l0xx_hal_pcd.d ./system/src/stm32l0xx/stm32l0xx_hal_pcd_ex.d ./system/src/stm32l0xx/stm32l0xx_hal_pwr.d ./system/src/stm32l0xx/stm32l0xx_hal_pwr_ex.d ./system/src/stm32l0xx/stm32l0xx_hal_rcc.d ./system/src/stm32l0xx/stm32l0xx_hal_rcc_ex.d ./system/src/stm32l0xx/stm32l0xx_hal_rng.d ./system/src/stm32l0xx/stm32l0xx_hal_rtc.d ./system/src/stm32l0xx/stm32l0xx_hal_rtc_ex.d ./system/src/stm32l0xx/stm32l0xx_hal_smartcard.d ./system/src/stm32l0xx/stm32l0xx_hal_smartcard_ex.d ./system/src/stm32l0xx/stm32l0xx_hal_smbus.d ./system/src/stm32l0xx/stm32l0xx_hal_spi.d ./system/src/stm32l0xx/stm32l0xx_hal_tim.d ./system/src/stm32l0xx/stm32l0xx_hal_tim_ex.d ./system/src/stm32l0xx/stm32l0xx_hal_tsc.d ./system/src/stm32l0xx/stm32l0xx_hal_uart.d ./system/src/stm32l0xx/stm32l0xx_hal_uart_ex.d ./system/src/stm32l0xx/stm32l0xx_hal_usart.d ./system/src/stm32l0xx/stm32l0xx_hal_wwdg.d  ./system/src/newlib/_exit.d ./system/src/newlib/_sbrk.d ./system/src/newlib/_startup.d ./system/src/newlib/_syscalls.d ./system/src/newlib/assert.d  ./system/src/diag/Trace.d ./system/src/diag/trace_impl.d  ./system/src/cortexm/_initialize_hardware.d ./system/src/cortexm/_reset_hardware.d ./system/src/cortexm/exception_handlers.d  ./system/src/cmsis/system_stm32l0xx.d ./system/src/cmsis/vectors_stm32l0xx.d  ./src/main.d ./src/stm32l0xx_hal_msp.d ./src/stm32l0xx_it.d  ./system/src/newlib/_cxx.d  kittchen_remote.elf
 
14:37:04 **** Build of configuration Debug for project kittchen_remote ****
make all 
Building file: ../system/src/stm32l0xx/stm32l0xx_hal.c
Invoking: Cross ARM C Compiler
arm-none-eabi-gcc -mcpu=cortex-m0plus -mthumb -O0 -fmessage-length=0 -fsigned-char -ffunction-sections -fdata-sections -Wuninitialized -Wmissing-declarations  -g3 -DDEBUG -DSTM32L051xx -DUSE_HAL_DRIVER -I"../include" -I"../system/include" -I"../system/include/cmsis" -I"../system/include/stm32l0xx" -std=gnu11 -Wmissing-prototypes -Wstrict-prototypes -Wbad-function-cast -MMD -MP -MF"system/src/stm32l0xx/stm32l0xx_hal.d" -MT"system/src/stm32l0xx/stm32l0xx_hal.o" -c -o "system/src/stm32l0xx/stm32l0xx_hal.o" "../system/src/stm32l0xx/stm32l0xx_hal.c"
Finished building: ../system/src/stm32l0xx/stm32l0xx_hal.c
 
Building file: ../system/src/stm32l0xx/stm32l0xx_hal_adc.c
Invoking: Cross ARM C Compiler
arm-none-eabi-gcc -mcpu=cortex-m0plus -mthumb -O0 -fmessage-length=0 -fsigned-char -ffunction-sections -fdata-sections -Wuninitialized -Wmissing-declarations  -g3 -DDEBUG -DSTM32L051xx -DUSE_HAL_DRIVER -I"../include" -I"../system/include" -I"../system/include/cmsis" -I"../system/include/stm32l0xx" -std=gnu11 -Wmissing-prototypes -Wstrict-prototypes -Wbad-function-cast -MMD -MP -MF"system/src/stm32l0xx/stm32l0xx_hal_adc.d" -MT"system/src/stm32l0xx/stm32l0xx_hal_adc.o" -c -o "system/src/stm32l0xx/stm32l0xx_hal_adc.o" "../system/src/stm32l0xx/stm32l0xx_hal_adc.c"
Finished building: ../system/src/stm32l0xx/stm32l0xx_hal_adc.c
 
Building file: ../system/src/stm32l0xx/stm32l0xx_hal_adc_ex.c
Invoking: Cross ARM C Compiler
arm-none-eabi-gcc -mcpu=cortex-m0plus -mthumb -O0 -fmessage-length=0 -fsigned-char -ffunction-sections -fdata-sections -Wuninitialized -Wmissing-declarations  -g3 -DDEBUG -DSTM32L051xx -DUSE_HAL_DRIVER -I"../include" -I"../system/include" -I"../system/include/cmsis" -I"../system/include/stm32l0xx" -std=gnu11 -Wmissing-prototypes -Wstrict-prototypes -Wbad-function-cast -MMD -MP -MF"system/src/stm32l0xx/stm32l0xx_hal_adc_ex.d" -MT"system/src/stm32l0xx/stm32l0xx_hal_adc_ex.o" -c -o "system/src/stm32l0xx/stm32l0xx_hal_adc_ex.o" "../system/src/stm32l0xx/stm32l0xx_hal_adc_ex.c"
Finished building: ../system/src/stm32l0xx/stm32l0xx_hal_adc_ex.c
 
Building file: ../system/src/stm32l0xx/stm32l0xx_hal_comp.c
Invoking: Cross ARM C Compiler
arm-none-eabi-gcc -mcpu=cortex-m0plus -mthumb -O0 -fmessage-length=0 -fsigned-char -ffunction-sections -fdata-sections -Wuninitialized -Wmissing-declarations  -g3 -DDEBUG -DSTM32L051xx -DUSE_HAL_DRIVER -I"../include" -I"../system/include" -I"../system/include/cmsis" -I"../system/include/stm32l0xx" -std=gnu11 -Wmissing-prototypes -Wstrict-prototypes -Wbad-function-cast -MMD -MP -MF"system/src/stm32l0xx/stm32l0xx_hal_comp.d" -MT"system/src/stm32l0xx/stm32l0xx_hal_comp.o" -c -o "system/src/stm32l0xx/stm32l0xx_hal_comp.o" "../system/src/stm32l0xx/stm32l0xx_hal_comp.c"
Finished building: ../system/src/stm32l0xx/stm32l0xx_hal_comp.c
 
Building file: ../system/src/stm32l0xx/stm32l0xx_hal_cortex.c
Invoking: Cross ARM C Compiler
arm-none-eabi-gcc -mcpu=cortex-m0plus -mthumb -O0 -fmessage-length=0 -fsigned-char -ffunction-sections -fdata-sections -Wuninitialized -Wmissing-declarations  -g3 -DDEBUG -DSTM32L051xx -DUSE_HAL_DRIVER -I"../include" -I"../system/include" -I"../system/include/cmsis" -I"../system/include/stm32l0xx" -std=gnu11 -Wmissing-prototypes -Wstrict-prototypes -Wbad-function-cast -MMD -MP -MF"system/src/stm32l0xx/stm32l0xx_hal_cortex.d" -MT"system/src/stm32l0xx/stm32l0xx_hal_cortex.o" -c -o "system/src/stm32l0xx/stm32l0xx_hal_cortex.o" "../system/src/stm32l0xx/stm32l0xx_hal_cortex.c"
Finished building: ../system/src/stm32l0xx/stm32l0xx_hal_cortex.c
 
Building file: ../system/src/stm32l0xx/stm32l0xx_hal_crc.c
Invoking: Cross ARM C Compiler
arm-none-eabi-gcc -mcpu=cortex-m0plus -mthumb -O0 -fmessage-length=0 -fsigned-char -ffunction-sections -fdata-sections -Wuninitialized -Wmissing-declarations  -g3 -DDEBUG -DSTM32L051xx -DUSE_HAL_DRIVER -I"../include" -I"../system/include" -I"../system/include/cmsis" -I"../system/include/stm32l0xx" -std=gnu11 -Wmissing-prototypes -Wstrict-prototypes -Wbad-function-cast -MMD -MP -MF"system/src/stm32l0xx/stm32l0xx_hal_crc.d" -MT"system/src/stm32l0xx/stm32l0xx_hal_crc.o" -c -o "system/src/stm32l0xx/stm32l0xx_hal_crc.o" "../system/src/stm32l0xx/stm32l0xx_hal_crc.c"
Finished building: ../system/src/stm32l0xx/stm32l0xx_hal_crc.c
 
Building file: ../system/src/stm32l0xx/stm32l0xx_hal_crc_ex.c
Invoking: Cross ARM C Compiler
arm-none-eabi-gcc -mcpu=cortex-m0plus -mthumb -O0 -fmessage-length=0 -fsigned-char -ffunction-sections -fdata-sections -Wuninitialized -Wmissing-declarations  -g3 -DDEBUG -DSTM32L051xx -DUSE_HAL_DRIVER -I"../include" -I"../system/include" -I"../system/include/cmsis" -I"../system/include/stm32l0xx" -std=gnu11 -Wmissing-prototypes -Wstrict-prototypes -Wbad-function-cast -MMD -MP -MF"system/src/stm32l0xx/stm32l0xx_hal_crc_ex.d" -MT"system/src/stm32l0xx/stm32l0xx_hal_crc_ex.o" -c -o "system/src/stm32l0xx/stm32l0xx_hal_crc_ex.o" "../system/src/stm32l0xx/stm32l0xx_hal_crc_ex.c"
Finished building: ../system/src/stm32l0xx/stm32l0xx_hal_crc_ex.c
 
Building file: ../system/src/stm32l0xx/stm32l0xx_hal_cryp.c
Invoking: Cross ARM C Compiler
arm-none-eabi-gcc -mcpu=cortex-m0plus -mthumb -O0 -fmessage-length=0 -fsigned-char -ffunction-sections -fdata-sections -Wuninitialized -Wmissing-declarations  -g3 -DDEBUG -DSTM32L051xx -DUSE_HAL_DRIVER -I"../include" -I"../system/include" -I"../system/include/cmsis" -I"../system/include/stm32l0xx" -std=gnu11 -Wmissing-prototypes -Wstrict-prototypes -Wbad-function-cast -MMD -MP -MF"system/src/stm32l0xx/stm32l0xx_hal_cryp.d" -MT"system/src/stm32l0xx/stm32l0xx_hal_cryp.o" -c -o "system/src/stm32l0xx/stm32l0xx_hal_cryp.o" "../system/src/stm32l0xx/stm32l0xx_hal_cryp.c"
Finished building: ../system/src/stm32l0xx/stm32l0xx_hal_cryp.c
 
Building file: ../system/src/stm32l0xx/stm32l0xx_hal_cryp_ex.c
Invoking: Cross ARM C Compiler
arm-none-eabi-gcc -mcpu=cortex-m0plus -mthumb -O0 -fmessage-length=0 -fsigned-char -ffunction-sections -fdata-sections -Wuninitialized -Wmissing-declarations  -g3 -DDEBUG -DSTM32L051xx -DUSE_HAL_DRIVER -I"../include" -I"../system/include" -I"../system/include/cmsis" -I"../system/include/stm32l0xx" -std=gnu11 -Wmissing-prototypes -Wstrict-prototypes -Wbad-function-cast -MMD -MP -MF"system/src/stm32l0xx/stm32l0xx_hal_cryp_ex.d" -MT"system/src/stm32l0xx/stm32l0xx_hal_cryp_ex.o" -c -o "system/src/stm32l0xx/stm32l0xx_hal_cryp_ex.o" "../system/src/stm32l0xx/stm32l0xx_hal_cryp_ex.c"
Finished building: ../system/src/stm32l0xx/stm32l0xx_hal_cryp_ex.c
 
Building file: ../system/src/stm32l0xx/stm32l0xx_hal_dac.c
Invoking: Cross ARM C Compiler
arm-none-eabi-gcc -mcpu=cortex-m0plus -mthumb -O0 -fmessage-length=0 -fsigned-char -ffunction-sections -fdata-sections -Wuninitialized -Wmissing-declarations  -g3 -DDEBUG -DSTM32L051xx -DUSE_HAL_DRIVER -I"../include" -I"../system/include" -I"../system/include/cmsis" -I"../system/include/stm32l0xx" -std=gnu11 -Wmissing-prototypes -Wstrict-prototypes -Wbad-function-cast -MMD -MP -MF"system/src/stm32l0xx/stm32l0xx_hal_dac.d" -MT"system/src/stm32l0xx/stm32l0xx_hal_dac.o" -c -o "system/src/stm32l0xx/stm32l0xx_hal_dac.o" "../system/src/stm32l0xx/stm32l0xx_hal_dac.c"
Finished building: ../system/src/stm32l0xx/stm32l0xx_hal_dac.c
 
Building file: ../system/src/stm32l0xx/stm32l0xx_hal_dac_ex.c
Invoking: Cross ARM C Compiler
arm-none-eabi-gcc -mcpu=cortex-m0plus -mthumb -O0 -fmessage-length=0 -fsigned-char -ffunction-sections -fdata-sections -Wuninitialized -Wmissing-declarations  -g3 -DDEBUG -DSTM32L051xx -DUSE_HAL_DRIVER -I"../include" -I"../system/include" -I"../system/include/cmsis" -I"../system/include/stm32l0xx" -std=gnu11 -Wmissing-prototypes -Wstrict-prototypes -Wbad-function-cast -MMD -MP -MF"system/src/stm32l0xx/stm32l0xx_hal_dac_ex.d" -MT"system/src/stm32l0xx/stm32l0xx_hal_dac_ex.o" -c -o "system/src/stm32l0xx/stm32l0xx_hal_dac_ex.o" "../system/src/stm32l0xx/stm32l0xx_hal_dac_ex.c"
Finished building: ../system/src/stm32l0xx/stm32l0xx_hal_dac_ex.c
 
Building file: ../system/src/stm32l0xx/stm32l0xx_hal_dma.c
Invoking: Cross ARM C Compiler
arm-none-eabi-gcc -mcpu=cortex-m0plus -mthumb -O0 -fmessage-length=0 -fsigned-char -ffunction-sections -fdata-sections -Wuninitialized -Wmissing-declarations  -g3 -DDEBUG -DSTM32L051xx -DUSE_HAL_DRIVER -I"../include" -I"../system/include" -I"../system/include/cmsis" -I"../system/include/stm32l0xx" -std=gnu11 -Wmissing-prototypes -Wstrict-prototypes -Wbad-function-cast -MMD -MP -MF"system/src/stm32l0xx/stm32l0xx_hal_dma.d" -MT"system/src/stm32l0xx/stm32l0xx_hal_dma.o" -c -o "system/src/stm32l0xx/stm32l0xx_hal_dma.o" "../system/src/stm32l0xx/stm32l0xx_hal_dma.c"
Finished building: ../system/src/stm32l0xx/stm32l0xx_hal_dma.c
 
Building file: ../system/src/stm32l0xx/stm32l0xx_hal_flash.c
Invoking: Cross ARM C Compiler
arm-none-eabi-gcc -mcpu=cortex-m0plus -mthumb -O0 -fmessage-length=0 -fsigned-char -ffunction-sections -fdata-sections -Wuninitialized -Wmissing-declarations  -g3 -DDEBUG -DSTM32L051xx -DUSE_HAL_DRIVER -I"../include" -I"../system/include" -I"../system/include/cmsis" -I"../system/include/stm32l0xx" -std=gnu11 -Wmissing-prototypes -Wstrict-prototypes -Wbad-function-cast -MMD -MP -MF"system/src/stm32l0xx/stm32l0xx_hal_flash.d" -MT"system/src/stm32l0xx/stm32l0xx_hal_flash.o" -c -o "system/src/stm32l0xx/stm32l0xx_hal_flash.o" "../system/src/stm32l0xx/stm32l0xx_hal_flash.c"
Finished building: ../system/src/stm32l0xx/stm32l0xx_hal_flash.c
 
Building file: ../system/src/stm32l0xx/stm32l0xx_hal_flash_ex.c
Invoking: Cross ARM C Compiler
arm-none-eabi-gcc -mcpu=cortex-m0plus -mthumb -O0 -fmessage-length=0 -fsigned-char -ffunction-sections -fdata-sections -Wuninitialized -Wmissing-declarations  -g3 -DDEBUG -DSTM32L051xx -DUSE_HAL_DRIVER -I"../include" -I"../system/include" -I"../system/include/cmsis" -I"../system/include/stm32l0xx" -std=gnu11 -Wmissing-prototypes -Wstrict-prototypes -Wbad-function-cast -MMD -MP -MF"system/src/stm32l0xx/stm32l0xx_hal_flash_ex.d" -MT"system/src/stm32l0xx/stm32l0xx_hal_flash_ex.o" -c -o "system/src/stm32l0xx/stm32l0xx_hal_flash_ex.o" "../system/src/stm32l0xx/stm32l0xx_hal_flash_ex.c"
Finished building: ../system/src/stm32l0xx/stm32l0xx_hal_flash_ex.c
 
Building file: ../system/src/stm32l0xx/stm32l0xx_hal_flash_ramfunc.c
Invoking: Cross ARM C Compiler
arm-none-eabi-gcc -mcpu=cortex-m0plus -mthumb -O0 -fmessage-length=0 -fsigned-char -ffunction-sections -fdata-sections -Wuninitialized -Wmissing-declarations  -g3 -DDEBUG -DSTM32L051xx -DUSE_HAL_DRIVER -I"../include" -I"../system/include" -I"../system/include/cmsis" -I"../system/include/stm32l0xx" -std=gnu11 -Wmissing-prototypes -Wstrict-prototypes -Wbad-function-cast -MMD -MP -MF"system/src/stm32l0xx/stm32l0xx_hal_flash_ramfunc.d" -MT"system/src/stm32l0xx/stm32l0xx_hal_flash_ramfunc.o" -c -o "system/src/stm32l0xx/stm32l0xx_hal_flash_ramfunc.o" "../system/src/stm32l0xx/stm32l0xx_hal_flash_ramfunc.c"
Finished building: ../system/src/stm32l0xx/stm32l0xx_hal_flash_ramfunc.c
 
Building file: ../system/src/stm32l0xx/stm32l0xx_hal_gpio.c
Invoking: Cross ARM C Compiler
arm-none-eabi-gcc -mcpu=cortex-m0plus -mthumb -O0 -fmessage-length=0 -fsigned-char -ffunction-sections -fdata-sections -Wuninitialized -Wmissing-declarations  -g3 -DDEBUG -DSTM32L051xx -DUSE_HAL_DRIVER -I"../include" -I"../system/include" -I"../system/include/cmsis" -I"../system/include/stm32l0xx" -std=gnu11 -Wmissing-prototypes -Wstrict-prototypes -Wbad-function-cast -MMD -MP -MF"system/src/stm32l0xx/stm32l0xx_hal_gpio.d" -MT"system/src/stm32l0xx/stm32l0xx_hal_gpio.o" -c -o "system/src/stm32l0xx/stm32l0xx_hal_gpio.o" "../system/src/stm32l0xx/stm32l0xx_hal_gpio.c"
Finished building: ../system/src/stm32l0xx/stm32l0xx_hal_gpio.c
 
Building file: ../system/src/stm32l0xx/stm32l0xx_hal_i2c.c
Invoking: Cross ARM C Compiler
arm-none-eabi-gcc -mcpu=cortex-m0plus -mthumb -O0 -fmessage-length=0 -fsigned-char -ffunction-sections -fdata-sections -Wuninitialized -Wmissing-declarations  -g3 -DDEBUG -DSTM32L051xx -DUSE_HAL_DRIVER -I"../include" -I"../system/include" -I"../system/include/cmsis" -I"../system/include/stm32l0xx" -std=gnu11 -Wmissing-prototypes -Wstrict-prototypes -Wbad-function-cast -MMD -MP -MF"system/src/stm32l0xx/stm32l0xx_hal_i2c.d" -MT"system/src/stm32l0xx/stm32l0xx_hal_i2c.o" -c -o "system/src/stm32l0xx/stm32l0xx_hal_i2c.o" "../system/src/stm32l0xx/stm32l0xx_hal_i2c.c"
Finished building: ../system/src/stm32l0xx/stm32l0xx_hal_i2c.c
 
Building file: ../system/src/stm32l0xx/stm32l0xx_hal_i2c_ex.c
Invoking: Cross ARM C Compiler
arm-none-eabi-gcc -mcpu=cortex-m0plus -mthumb -O0 -fmessage-length=0 -fsigned-char -ffunction-sections -fdata-sections -Wuninitialized -Wmissing-declarations  -g3 -DDEBUG -DSTM32L051xx -DUSE_HAL_DRIVER -I"../include" -I"../system/include" -I"../system/include/cmsis" -I"../system/include/stm32l0xx" -std=gnu11 -Wmissing-prototypes -Wstrict-prototypes -Wbad-function-cast -MMD -MP -MF"system/src/stm32l0xx/stm32l0xx_hal_i2c_ex.d" -MT"system/src/stm32l0xx/stm32l0xx_hal_i2c_ex.o" -c -o "system/src/stm32l0xx/stm32l0xx_hal_i2c_ex.o" "../system/src/stm32l0xx/stm32l0xx_hal_i2c_ex.c"
Finished building: ../system/src/stm32l0xx/stm32l0xx_hal_i2c_ex.c
 
Building file: ../system/src/stm32l0xx/stm32l0xx_hal_i2s.c
Invoking: Cross ARM C Compiler
arm-none-eabi-gcc -mcpu=cortex-m0plus -mthumb -O0 -fmessage-length=0 -fsigned-char -ffunction-sections -fdata-sections -Wuninitialized -Wmissing-declarations  -g3 -DDEBUG -DSTM32L051xx -DUSE_HAL_DRIVER -I"../include" -I"../system/include" -I"../system/include/cmsis" -I"../system/include/stm32l0xx" -std=gnu11 -Wmissing-prototypes -Wstrict-prototypes -Wbad-function-cast -MMD -MP -MF"system/src/stm32l0xx/stm32l0xx_hal_i2s.d" -MT"system/src/stm32l0xx/stm32l0xx_hal_i2s.o" -c -o "system/src/stm32l0xx/stm32l0xx_hal_i2s.o" "../system/src/stm32l0xx/stm32l0xx_hal_i2s.c"
Finished building: ../system/src/stm32l0xx/stm32l0xx_hal_i2s.c
 
Building file: ../system/src/stm32l0xx/stm32l0xx_hal_irda.c
Invoking: Cross ARM C Compiler
arm-none-eabi-gcc -mcpu=cortex-m0plus -mthumb -O0 -fmessage-length=0 -fsigned-char -ffunction-sections -fdata-sections -Wuninitialized -Wmissing-declarations  -g3 -DDEBUG -DSTM32L051xx -DUSE_HAL_DRIVER -I"../include" -I"../system/include" -I"../system/include/cmsis" -I"../system/include/stm32l0xx" -std=gnu11 -Wmissing-prototypes -Wstrict-prototypes -Wbad-function-cast -MMD -MP -MF"system/src/stm32l0xx/stm32l0xx_hal_irda.d" -MT"system/src/stm32l0xx/stm32l0xx_hal_irda.o" -c -o "system/src/stm32l0xx/stm32l0xx_hal_irda.o" "../system/src/stm32l0xx/stm32l0xx_hal_irda.c"
Finished building: ../system/src/stm32l0xx/stm32l0xx_hal_irda.c
 
Building file: ../system/src/stm32l0xx/stm32l0xx_hal_iwdg.c
Invoking: Cross ARM C Compiler
arm-none-eabi-gcc -mcpu=cortex-m0plus -mthumb -O0 -fmessage-length=0 -fsigned-char -ffunction-sections -fdata-sections -Wuninitialized -Wmissing-declarations  -g3 -DDEBUG -DSTM32L051xx -DUSE_HAL_DRIVER -I"../include" -I"../system/include" -I"../system/include/cmsis" -I"../system/include/stm32l0xx" -std=gnu11 -Wmissing-prototypes -Wstrict-prototypes -Wbad-function-cast -MMD -MP -MF"system/src/stm32l0xx/stm32l0xx_hal_iwdg.d" -MT"system/src/stm32l0xx/stm32l0xx_hal_iwdg.o" -c -o "system/src/stm32l0xx/stm32l0xx_hal_iwdg.o" "../system/src/stm32l0xx/stm32l0xx_hal_iwdg.c"
Finished building: ../system/src/stm32l0xx/stm32l0xx_hal_iwdg.c
 
Building file: ../system/src/stm32l0xx/stm32l0xx_hal_lcd.c
Invoking: Cross ARM C Compiler
arm-none-eabi-gcc -mcpu=cortex-m0plus -mthumb -O0 -fmessage-length=0 -fsigned-char -ffunction-sections -fdata-sections -Wuninitialized -Wmissing-declarations  -g3 -DDEBUG -DSTM32L051xx -DUSE_HAL_DRIVER -I"../include" -I"../system/include" -I"../system/include/cmsis" -I"../system/include/stm32l0xx" -std=gnu11 -Wmissing-prototypes -Wstrict-prototypes -Wbad-function-cast -MMD -MP -MF"system/src/stm32l0xx/stm32l0xx_hal_lcd.d" -MT"system/src/stm32l0xx/stm32l0xx_hal_lcd.o" -c -o "system/src/stm32l0xx/stm32l0xx_hal_lcd.o" "../system/src/stm32l0xx/stm32l0xx_hal_lcd.c"
Finished building: ../system/src/stm32l0xx/stm32l0xx_hal_lcd.c
 
Building file: ../system/src/stm32l0xx/stm32l0xx_hal_lptim.c
Invoking: Cross ARM C Compiler
arm-none-eabi-gcc -mcpu=cortex-m0plus -mthumb -O0 -fmessage-length=0 -fsigned-char -ffunction-sections -fdata-sections -Wuninitialized -Wmissing-declarations  -g3 -DDEBUG -DSTM32L051xx -DUSE_HAL_DRIVER -I"../include" -I"../system/include" -I"../system/include/cmsis" -I"../system/include/stm32l0xx" -std=gnu11 -Wmissing-prototypes -Wstrict-prototypes -Wbad-function-cast -MMD -MP -MF"system/src/stm32l0xx/stm32l0xx_hal_lptim.d" -MT"system/src/stm32l0xx/stm32l0xx_hal_lptim.o" -c -o "system/src/stm32l0xx/stm32l0xx_hal_lptim.o" "../system/src/stm32l0xx/stm32l0xx_hal_lptim.c"
Finished building: ../system/src/stm32l0xx/stm32l0xx_hal_lptim.c
 
Building file: ../system/src/stm32l0xx/stm32l0xx_hal_msp_template.c
Invoking: Cross ARM C Compiler
arm-none-eabi-gcc -mcpu=cortex-m0plus -mthumb -O0 -fmessage-length=0 -fsigned-char -ffunction-sections -fdata-sections -Wuninitialized -Wmissing-declarations  -g3 -DDEBUG -DSTM32L051xx -DUSE_HAL_DRIVER -I"../include" -I"../system/include" -I"../system/include/cmsis" -I"../system/include/stm32l0xx" -std=gnu11 -Wmissing-prototypes -Wstrict-prototypes -Wbad-function-cast -MMD -MP -MF"system/src/stm32l0xx/stm32l0xx_hal_msp_template.d" -MT"system/src/stm32l0xx/stm32l0xx_hal_msp_template.o" -c -o "system/src/stm32l0xx/stm32l0xx_hal_msp_template.o" "../system/src/stm32l0xx/stm32l0xx_hal_msp_template.c"
../system/src/stm32l0xx/stm32l0xx_hal_msp_template.c:102:6: warning: no previous prototype for 'HAL_PPP_MspInit' [-Wmissing-prototypes]
 void HAL_PPP_MspInit(void)
      ^
../system/src/stm32l0xx/stm32l0xx_hal_msp_template.c:114:6: warning: no previous prototype for 'HAL_PPP_MspDeInit' [-Wmissing-prototypes]
 void HAL_PPP_MspDeInit(void)
      ^
Finished building: ../system/src/stm32l0xx/stm32l0xx_hal_msp_template.c
 
Building file: ../system/src/stm32l0xx/stm32l0xx_hal_pcd.c
Invoking: Cross ARM C Compiler
arm-none-eabi-gcc -mcpu=cortex-m0plus -mthumb -O0 -fmessage-length=0 -fsigned-char -ffunction-sections -fdata-sections -Wuninitialized -Wmissing-declarations  -g3 -DDEBUG -DSTM32L051xx -DUSE_HAL_DRIVER -I"../include" -I"../system/include" -I"../system/include/cmsis" -I"../system/include/stm32l0xx" -std=gnu11 -Wmissing-prototypes -Wstrict-prototypes -Wbad-function-cast -MMD -MP -MF"system/src/stm32l0xx/stm32l0xx_hal_pcd.d" -MT"system/src/stm32l0xx/stm32l0xx_hal_pcd.o" -c -o "system/src/stm32l0xx/stm32l0xx_hal_pcd.o" "../system/src/stm32l0xx/stm32l0xx_hal_pcd.c"
Finished building: ../system/src/stm32l0xx/stm32l0xx_hal_pcd.c
 
Building file: ../system/src/stm32l0xx/stm32l0xx_hal_pcd_ex.c
Invoking: Cross ARM C Compiler
arm-none-eabi-gcc -mcpu=cortex-m0plus -mthumb -O0 -fmessage-length=0 -fsigned-char -ffunction-sections -fdata-sections -Wuninitialized -Wmissing-declarations  -g3 -DDEBUG -DSTM32L051xx -DUSE_HAL_DRIVER -I"../include" -I"../system/include" -I"../system/include/cmsis" -I"../system/include/stm32l0xx" -std=gnu11 -Wmissing-prototypes -Wstrict-prototypes -Wbad-function-cast -MMD -MP -MF"system/src/stm32l0xx/stm32l0xx_hal_pcd_ex.d" -MT"system/src/stm32l0xx/stm32l0xx_hal_pcd_ex.o" -c -o "system/src/stm32l0xx/stm32l0xx_hal_pcd_ex.o" "../system/src/stm32l0xx/stm32l0xx_hal_pcd_ex.c"
Finished building: ../system/src/stm32l0xx/stm32l0xx_hal_pcd_ex.c
 
Building file: ../system/src/stm32l0xx/stm32l0xx_hal_pwr.c
Invoking: Cross ARM C Compiler
arm-none-eabi-gcc -mcpu=cortex-m0plus -mthumb -O0 -fmessage-length=0 -fsigned-char -ffunction-sections -fdata-sections -Wuninitialized -Wmissing-declarations  -g3 -DDEBUG -DSTM32L051xx -DUSE_HAL_DRIVER -I"../include" -I"../system/include" -I"../system/include/cmsis" -I"../system/include/stm32l0xx" -std=gnu11 -Wmissing-prototypes -Wstrict-prototypes -Wbad-function-cast -MMD -MP -MF"system/src/stm32l0xx/stm32l0xx_hal_pwr.d" -MT"system/src/stm32l0xx/stm32l0xx_hal_pwr.o" -c -o "system/src/stm32l0xx/stm32l0xx_hal_pwr.o" "../system/src/stm32l0xx/stm32l0xx_hal_pwr.c"
Finished building: ../system/src/stm32l0xx/stm32l0xx_hal_pwr.c
 
Building file: ../system/src/stm32l0xx/stm32l0xx_hal_pwr_ex.c
Invoking: Cross ARM C Compiler
arm-none-eabi-gcc -mcpu=cortex-m0plus -mthumb -O0 -fmessage-length=0 -fsigned-char -ffunction-sections -fdata-sections -Wuninitialized -Wmissing-declarations  -g3 -DDEBUG -DSTM32L051xx -DUSE_HAL_DRIVER -I"../include" -I"../system/include" -I"../system/include/cmsis" -I"../system/include/stm32l0xx" -std=gnu11 -Wmissing-prototypes -Wstrict-prototypes -Wbad-function-cast -MMD -MP -MF"system/src/stm32l0xx/stm32l0xx_hal_pwr_ex.d" -MT"system/src/stm32l0xx/stm32l0xx_hal_pwr_ex.o" -c -o "system/src/stm32l0xx/stm32l0xx_hal_pwr_ex.o" "../system/src/stm32l0xx/stm32l0xx_hal_pwr_ex.c"
Finished building: ../system/src/stm32l0xx/stm32l0xx_hal_pwr_ex.c
 
Building file: ../system/src/stm32l0xx/stm32l0xx_hal_rcc.c
Invoking: Cross ARM C Compiler
arm-none-eabi-gcc -mcpu=cortex-m0plus -mthumb -O0 -fmessage-length=0 -fsigned-char -ffunction-sections -fdata-sections -Wuninitialized -Wmissing-declarations  -g3 -DDEBUG -DSTM32L051xx -DUSE_HAL_DRIVER -I"../include" -I"../system/include" -I"../system/include/cmsis" -I"../system/include/stm32l0xx" -std=gnu11 -Wmissing-prototypes -Wstrict-prototypes -Wbad-function-cast -MMD -MP -MF"system/src/stm32l0xx/stm32l0xx_hal_rcc.d" -MT"system/src/stm32l0xx/stm32l0xx_hal_rcc.o" -c -o "system/src/stm32l0xx/stm32l0xx_hal_rcc.o" "../system/src/stm32l0xx/stm32l0xx_hal_rcc.c"
Finished building: ../system/src/stm32l0xx/stm32l0xx_hal_rcc.c
 
Building file: ../system/src/stm32l0xx/stm32l0xx_hal_rcc_ex.c
Invoking: Cross ARM C Compiler
arm-none-eabi-gcc -mcpu=cortex-m0plus -mthumb -O0 -fmessage-length=0 -fsigned-char -ffunction-sections -fdata-sections -Wuninitialized -Wmissing-declarations  -g3 -DDEBUG -DSTM32L051xx -DUSE_HAL_DRIVER -I"../include" -I"../system/include" -I"../system/include/cmsis" -I"../system/include/stm32l0xx" -std=gnu11 -Wmissing-prototypes -Wstrict-prototypes -Wbad-function-cast -MMD -MP -MF"system/src/stm32l0xx/stm32l0xx_hal_rcc_ex.d" -MT"system/src/stm32l0xx/stm32l0xx_hal_rcc_ex.o" -c -o "system/src/stm32l0xx/stm32l0xx_hal_rcc_ex.o" "../system/src/stm32l0xx/stm32l0xx_hal_rcc_ex.c"
Finished building: ../system/src/stm32l0xx/stm32l0xx_hal_rcc_ex.c
 
Building file: ../system/src/stm32l0xx/stm32l0xx_hal_rng.c
Invoking: Cross ARM C Compiler
arm-none-eabi-gcc -mcpu=cortex-m0plus -mthumb -O0 -fmessage-length=0 -fsigned-char -ffunction-sections -fdata-sections -Wuninitialized -Wmissing-declarations  -g3 -DDEBUG -DSTM32L051xx -DUSE_HAL_DRIVER -I"../include" -I"../system/include" -I"../system/include/cmsis" -I"../system/include/stm32l0xx" -std=gnu11 -Wmissing-prototypes -Wstrict-prototypes -Wbad-function-cast -MMD -MP -MF"system/src/stm32l0xx/stm32l0xx_hal_rng.d" -MT"system/src/stm32l0xx/stm32l0xx_hal_rng.o" -c -o "system/src/stm32l0xx/stm32l0xx_hal_rng.o" "../system/src/stm32l0xx/stm32l0xx_hal_rng.c"
Finished building: ../system/src/stm32l0xx/stm32l0xx_hal_rng.c
 
Building file: ../system/src/stm32l0xx/stm32l0xx_hal_rtc.c
Invoking: Cross ARM C Compiler
arm-none-eabi-gcc -mcpu=cortex-m0plus -mthumb -O0 -fmessage-length=0 -fsigned-char -ffunction-sections -fdata-sections -Wuninitialized -Wmissing-declarations  -g3 -DDEBUG -DSTM32L051xx -DUSE_HAL_DRIVER -I"../include" -I"../system/include" -I"../system/include/cmsis" -I"../system/include/stm32l0xx" -std=gnu11 -Wmissing-prototypes -Wstrict-prototypes -Wbad-function-cast -MMD -MP -MF"system/src/stm32l0xx/stm32l0xx_hal_rtc.d" -MT"system/src/stm32l0xx/stm32l0xx_hal_rtc.o" -c -o "system/src/stm32l0xx/stm32l0xx_hal_rtc.o" "../system/src/stm32l0xx/stm32l0xx_hal_rtc.c"
Finished building: ../system/src/stm32l0xx/stm32l0xx_hal_rtc.c
 
Building file: ../system/src/stm32l0xx/stm32l0xx_hal_rtc_ex.c
Invoking: Cross ARM C Compiler
arm-none-eabi-gcc -mcpu=cortex-m0plus -mthumb -O0 -fmessage-length=0 -fsigned-char -ffunction-sections -fdata-sections -Wuninitialized -Wmissing-declarations  -g3 -DDEBUG -DSTM32L051xx -DUSE_HAL_DRIVER -I"../include" -I"../system/include" -I"../system/include/cmsis" -I"../system/include/stm32l0xx" -std=gnu11 -Wmissing-prototypes -Wstrict-prototypes -Wbad-function-cast -MMD -MP -MF"system/src/stm32l0xx/stm32l0xx_hal_rtc_ex.d" -MT"system/src/stm32l0xx/stm32l0xx_hal_rtc_ex.o" -c -o "system/src/stm32l0xx/stm32l0xx_hal_rtc_ex.o" "../system/src/stm32l0xx/stm32l0xx_hal_rtc_ex.c"
Finished building: ../system/src/stm32l0xx/stm32l0xx_hal_rtc_ex.c
 
Building file: ../system/src/stm32l0xx/stm32l0xx_hal_smartcard.c
Invoking: Cross ARM C Compiler
arm-none-eabi-gcc -mcpu=cortex-m0plus -mthumb -O0 -fmessage-length=0 -fsigned-char -ffunction-sections -fdata-sections -Wuninitialized -Wmissing-declarations  -g3 -DDEBUG -DSTM32L051xx -DUSE_HAL_DRIVER -I"../include" -I"../system/include" -I"../system/include/cmsis" -I"../system/include/stm32l0xx" -std=gnu11 -Wmissing-prototypes -Wstrict-prototypes -Wbad-function-cast -MMD -MP -MF"system/src/stm32l0xx/stm32l0xx_hal_smartcard.d" -MT"system/src/stm32l0xx/stm32l0xx_hal_smartcard.o" -c -o "system/src/stm32l0xx/stm32l0xx_hal_smartcard.o" "../system/src/stm32l0xx/stm32l0xx_hal_smartcard.c"
Finished building: ../system/src/stm32l0xx/stm32l0xx_hal_smartcard.c
 
Building file: ../system/src/stm32l0xx/stm32l0xx_hal_smartcard_ex.c
Invoking: Cross ARM C Compiler
arm-none-eabi-gcc -mcpu=cortex-m0plus -mthumb -O0 -fmessage-length=0 -fsigned-char -ffunction-sections -fdata-sections -Wuninitialized -Wmissing-declarations  -g3 -DDEBUG -DSTM32L051xx -DUSE_HAL_DRIVER -I"../include" -I"../system/include" -I"../system/include/cmsis" -I"../system/include/stm32l0xx" -std=gnu11 -Wmissing-prototypes -Wstrict-prototypes -Wbad-function-cast -MMD -MP -MF"system/src/stm32l0xx/stm32l0xx_hal_smartcard_ex.d" -MT"system/src/stm32l0xx/stm32l0xx_hal_smartcard_ex.o" -c -o "system/src/stm32l0xx/stm32l0xx_hal_smartcard_ex.o" "../system/src/stm32l0xx/stm32l0xx_hal_smartcard_ex.c"
Finished building: ../system/src/stm32l0xx/stm32l0xx_hal_smartcard_ex.c
 
Building file: ../system/src/stm32l0xx/stm32l0xx_hal_smbus.c
Invoking: Cross ARM C Compiler
arm-none-eabi-gcc -mcpu=cortex-m0plus -mthumb -O0 -fmessage-length=0 -fsigned-char -ffunction-sections -fdata-sections -Wuninitialized -Wmissing-declarations  -g3 -DDEBUG -DSTM32L051xx -DUSE_HAL_DRIVER -I"../include" -I"../system/include" -I"../system/include/cmsis" -I"../system/include/stm32l0xx" -std=gnu11 -Wmissing-prototypes -Wstrict-prototypes -Wbad-function-cast -MMD -MP -MF"system/src/stm32l0xx/stm32l0xx_hal_smbus.d" -MT"system/src/stm32l0xx/stm32l0xx_hal_smbus.o" -c -o "system/src/stm32l0xx/stm32l0xx_hal_smbus.o" "../system/src/stm32l0xx/stm32l0xx_hal_smbus.c"
Finished building: ../system/src/stm32l0xx/stm32l0xx_hal_smbus.c
 
Building file: ../system/src/stm32l0xx/stm32l0xx_hal_spi.c
Invoking: Cross ARM C Compiler
arm-none-eabi-gcc -mcpu=cortex-m0plus -mthumb -O0 -fmessage-length=0 -fsigned-char -ffunction-sections -fdata-sections -Wuninitialized -Wmissing-declarations  -g3 -DDEBUG -DSTM32L051xx -DUSE_HAL_DRIVER -I"../include" -I"../system/include" -I"../system/include/cmsis" -I"../system/include/stm32l0xx" -std=gnu11 -Wmissing-prototypes -Wstrict-prototypes -Wbad-function-cast -MMD -MP -MF"system/src/stm32l0xx/stm32l0xx_hal_spi.d" -MT"system/src/stm32l0xx/stm32l0xx_hal_spi.o" -c -o "system/src/stm32l0xx/stm32l0xx_hal_spi.o" "../system/src/stm32l0xx/stm32l0xx_hal_spi.c"
Finished building: ../system/src/stm32l0xx/stm32l0xx_hal_spi.c
 
Building file: ../system/src/stm32l0xx/stm32l0xx_hal_tim.c
Invoking: Cross ARM C Compiler
arm-none-eabi-gcc -mcpu=cortex-m0plus -mthumb -O0 -fmessage-length=0 -fsigned-char -ffunction-sections -fdata-sections -Wuninitialized -Wmissing-declarations  -g3 -DDEBUG -DSTM32L051xx -DUSE_HAL_DRIVER -I"../include" -I"../system/include" -I"../system/include/cmsis" -I"../system/include/stm32l0xx" -std=gnu11 -Wmissing-prototypes -Wstrict-prototypes -Wbad-function-cast -MMD -MP -MF"system/src/stm32l0xx/stm32l0xx_hal_tim.d" -MT"system/src/stm32l0xx/stm32l0xx_hal_tim.o" -c -o "system/src/stm32l0xx/stm32l0xx_hal_tim.o" "../system/src/stm32l0xx/stm32l0xx_hal_tim.c"
Finished building: ../system/src/stm32l0xx/stm32l0xx_hal_tim.c
 
Building file: ../system/src/stm32l0xx/stm32l0xx_hal_tim_ex.c
Invoking: Cross ARM C Compiler
arm-none-eabi-gcc -mcpu=cortex-m0plus -mthumb -O0 -fmessage-length=0 -fsigned-char -ffunction-sections -fdata-sections -Wuninitialized -Wmissing-declarations  -g3 -DDEBUG -DSTM32L051xx -DUSE_HAL_DRIVER -I"../include" -I"../system/include" -I"../system/include/cmsis" -I"../system/include/stm32l0xx" -std=gnu11 -Wmissing-prototypes -Wstrict-prototypes -Wbad-function-cast -MMD -MP -MF"system/src/stm32l0xx/stm32l0xx_hal_tim_ex.d" -MT"system/src/stm32l0xx/stm32l0xx_hal_tim_ex.o" -c -o "system/src/stm32l0xx/stm32l0xx_hal_tim_ex.o" "../system/src/stm32l0xx/stm32l0xx_hal_tim_ex.c"
Finished building: ../system/src/stm32l0xx/stm32l0xx_hal_tim_ex.c
 
Building file: ../system/src/stm32l0xx/stm32l0xx_hal_tsc.c
Invoking: Cross ARM C Compiler
arm-none-eabi-gcc -mcpu=cortex-m0plus -mthumb -O0 -fmessage-length=0 -fsigned-char -ffunction-sections -fdata-sections -Wuninitialized -Wmissing-declarations  -g3 -DDEBUG -DSTM32L051xx -DUSE_HAL_DRIVER -I"../include" -I"../system/include" -I"../system/include/cmsis" -I"../system/include/stm32l0xx" -std=gnu11 -Wmissing-prototypes -Wstrict-prototypes -Wbad-function-cast -MMD -MP -MF"system/src/stm32l0xx/stm32l0xx_hal_tsc.d" -MT"system/src/stm32l0xx/stm32l0xx_hal_tsc.o" -c -o "system/src/stm32l0xx/stm32l0xx_hal_tsc.o" "../system/src/stm32l0xx/stm32l0xx_hal_tsc.c"
Finished building: ../system/src/stm32l0xx/stm32l0xx_hal_tsc.c
 
Building file: ../system/src/stm32l0xx/stm32l0xx_hal_uart.c
Invoking: Cross ARM C Compiler
arm-none-eabi-gcc -mcpu=cortex-m0plus -mthumb -O0 -fmessage-length=0 -fsigned-char -ffunction-sections -fdata-sections -Wuninitialized -Wmissing-declarations  -g3 -DDEBUG -DSTM32L051xx -DUSE_HAL_DRIVER -I"../include" -I"../system/include" -I"../system/include/cmsis" -I"../system/include/stm32l0xx" -std=gnu11 -Wmissing-prototypes -Wstrict-prototypes -Wbad-function-cast -MMD -MP -MF"system/src/stm32l0xx/stm32l0xx_hal_uart.d" -MT"system/src/stm32l0xx/stm32l0xx_hal_uart.o" -c -o "system/src/stm32l0xx/stm32l0xx_hal_uart.o" "../system/src/stm32l0xx/stm32l0xx_hal_uart.c"
Finished building: ../system/src/stm32l0xx/stm32l0xx_hal_uart.c
 
Building file: ../system/src/stm32l0xx/stm32l0xx_hal_uart_ex.c
Invoking: Cross ARM C Compiler
arm-none-eabi-gcc -mcpu=cortex-m0plus -mthumb -O0 -fmessage-length=0 -fsigned-char -ffunction-sections -fdata-sections -Wuninitialized -Wmissing-declarations  -g3 -DDEBUG -DSTM32L051xx -DUSE_HAL_DRIVER -I"../include" -I"../system/include" -I"../system/include/cmsis" -I"../system/include/stm32l0xx" -std=gnu11 -Wmissing-prototypes -Wstrict-prototypes -Wbad-function-cast -MMD -MP -MF"system/src/stm32l0xx/stm32l0xx_hal_uart_ex.d" -MT"system/src/stm32l0xx/stm32l0xx_hal_uart_ex.o" -c -o "system/src/stm32l0xx/stm32l0xx_hal_uart_ex.o" "../system/src/stm32l0xx/stm32l0xx_hal_uart_ex.c"
Finished building: ../system/src/stm32l0xx/stm32l0xx_hal_uart_ex.c
 
Building file: ../system/src/stm32l0xx/stm32l0xx_hal_usart.c
Invoking: Cross ARM C Compiler
arm-none-eabi-gcc -mcpu=cortex-m0plus -mthumb -O0 -fmessage-length=0 -fsigned-char -ffunction-sections -fdata-sections -Wuninitialized -Wmissing-declarations  -g3 -DDEBUG -DSTM32L051xx -DUSE_HAL_DRIVER -I"../include" -I"../system/include" -I"../system/include/cmsis" -I"../system/include/stm32l0xx" -std=gnu11 -Wmissing-prototypes -Wstrict-prototypes -Wbad-function-cast -MMD -MP -MF"system/src/stm32l0xx/stm32l0xx_hal_usart.d" -MT"system/src/stm32l0xx/stm32l0xx_hal_usart.o" -c -o "system/src/stm32l0xx/stm32l0xx_hal_usart.o" "../system/src/stm32l0xx/stm32l0xx_hal_usart.c"
Finished building: ../system/src/stm32l0xx/stm32l0xx_hal_usart.c
 
Building file: ../system/src/stm32l0xx/stm32l0xx_hal_wwdg.c
Invoking: Cross ARM C Compiler
arm-none-eabi-gcc -mcpu=cortex-m0plus -mthumb -O0 -fmessage-length=0 -fsigned-char -ffunction-sections -fdata-sections -Wuninitialized -Wmissing-declarations  -g3 -DDEBUG -DSTM32L051xx -DUSE_HAL_DRIVER -I"../include" -I"../system/include" -I"../system/include/cmsis" -I"../system/include/stm32l0xx" -std=gnu11 -Wmissing-prototypes -Wstrict-prototypes -Wbad-function-cast -MMD -MP -MF"system/src/stm32l0xx/stm32l0xx_hal_wwdg.d" -MT"system/src/stm32l0xx/stm32l0xx_hal_wwdg.o" -c -o "system/src/stm32l0xx/stm32l0xx_hal_wwdg.o" "../system/src/stm32l0xx/stm32l0xx_hal_wwdg.c"
Finished building: ../system/src/stm32l0xx/stm32l0xx_hal_wwdg.c
 
Building file: ../system/src/newlib/_cxx.cpp
Invoking: Cross ARM C++ Compiler
arm-none-eabi-g++ -mcpu=cortex-m0plus -mthumb -O0 -fmessage-length=0 -fsigned-char -ffunction-sections -fdata-sections -Wuninitialized -Wmissing-declarations  -g3 -DDEBUG -DSTM32L051xx -DUSE_HAL_DRIVER -I"../include" -I"../system/include" -I"../system/include/cmsis" -I"../system/include/stm32l0xx" -std=gnu++11 -fabi-version=0 -MMD -MP -MF"system/src/newlib/_cxx.d" -MT"system/src/newlib/_cxx.o" -c -o "system/src/newlib/_cxx.o" "../system/src/newlib/_cxx.cpp"
Finished building: ../system/src/newlib/_cxx.cpp
 
Building file: ../system/src/newlib/_exit.c
Invoking: Cross ARM C Compiler
arm-none-eabi-gcc -mcpu=cortex-m0plus -mthumb -O0 -fmessage-length=0 -fsigned-char -ffunction-sections -fdata-sections -Wuninitialized -Wmissing-declarations  -g3 -DDEBUG -DSTM32L051xx -DUSE_HAL_DRIVER -I"../include" -I"../system/include" -I"../system/include/cmsis" -I"../system/include/stm32l0xx" -std=gnu11 -Wmissing-prototypes -Wstrict-prototypes -Wbad-function-cast -MMD -MP -MF"system/src/newlib/_exit.d" -MT"system/src/newlib/_exit.o" -c -o "system/src/newlib/_exit.o" "../system/src/newlib/_exit.c"
Finished building: ../system/src/newlib/_exit.c
 
Building file: ../system/src/newlib/_sbrk.c
Invoking: Cross ARM C Compiler
arm-none-eabi-gcc -mcpu=cortex-m0plus -mthumb -O0 -fmessage-length=0 -fsigned-char -ffunction-sections -fdata-sections -Wuninitialized -Wmissing-declarations  -g3 -DDEBUG -DSTM32L051xx -DUSE_HAL_DRIVER -I"../include" -I"../system/include" -I"../system/include/cmsis" -I"../system/include/stm32l0xx" -std=gnu11 -Wmissing-prototypes -Wstrict-prototypes -Wbad-function-cast -MMD -MP -MF"system/src/newlib/_sbrk.d" -MT"system/src/newlib/_sbrk.o" -c -o "system/src/newlib/_sbrk.o" "../system/src/newlib/_sbrk.c"
Finished building: ../system/src/newlib/_sbrk.c
 
Building file: ../system/src/newlib/_startup.c
Invoking: Cross ARM C Compiler
arm-none-eabi-gcc -mcpu=cortex-m0plus -mthumb -O0 -fmessage-length=0 -fsigned-char -ffunction-sections -fdata-sections -Wuninitialized -Wmissing-declarations  -g3 -DDEBUG -DSTM32L051xx -DUSE_HAL_DRIVER -I"../include" -I"../system/include" -I"../system/include/cmsis" -I"../system/include/stm32l0xx" -std=gnu11 -Wmissing-prototypes -Wstrict-prototypes -Wbad-function-cast -MMD -MP -MF"system/src/newlib/_startup.d" -MT"system/src/newlib/_startup.o" -c -o "system/src/newlib/_startup.o" "../system/src/newlib/_startup.c"
Finished building: ../system/src/newlib/_startup.c
 
Building file: ../system/src/newlib/_syscalls.c
Invoking: Cross ARM C Compiler
arm-none-eabi-gcc -mcpu=cortex-m0plus -mthumb -O0 -fmessage-length=0 -fsigned-char -ffunction-sections -fdata-sections -Wuninitialized -Wmissing-declarations  -g3 -DDEBUG -DSTM32L051xx -DUSE_HAL_DRIVER -I"../include" -I"../system/include" -I"../system/include/cmsis" -I"../system/include/stm32l0xx" -std=gnu11 -Wmissing-prototypes -Wstrict-prototypes -Wbad-function-cast -MMD -MP -MF"system/src/newlib/_syscalls.d" -MT"system/src/newlib/_syscalls.o" -c -o "system/src/newlib/_syscalls.o" "../system/src/newlib/_syscalls.c"
Finished building: ../system/src/newlib/_syscalls.c
 
Building file: ../system/src/newlib/assert.c
Invoking: Cross ARM C Compiler
arm-none-eabi-gcc -mcpu=cortex-m0plus -mthumb -O0 -fmessage-length=0 -fsigned-char -ffunction-sections -fdata-sections -Wuninitialized -Wmissing-declarations  -g3 -DDEBUG -DSTM32L051xx -DUSE_HAL_DRIVER -I"../include" -I"../system/include" -I"../system/include/cmsis" -I"../system/include/stm32l0xx" -std=gnu11 -Wmissing-prototypes -Wstrict-prototypes -Wbad-function-cast -MMD -MP -MF"system/src/newlib/assert.d" -MT"system/src/newlib/assert.o" -c -o "system/src/newlib/assert.o" "../system/src/newlib/assert.c"
Finished building: ../system/src/newlib/assert.c
 
Building file: ../system/src/diag/Trace.c
Invoking: Cross ARM C Compiler
arm-none-eabi-gcc -mcpu=cortex-m0plus -mthumb -O0 -fmessage-length=0 -fsigned-char -ffunction-sections -fdata-sections -Wuninitialized -Wmissing-declarations  -g3 -DDEBUG -DSTM32L051xx -DUSE_HAL_DRIVER -I"../include" -I"../system/include" -I"../system/include/cmsis" -I"../system/include/stm32l0xx" -std=gnu11 -Wmissing-prototypes -Wstrict-prototypes -Wbad-function-cast -MMD -MP -MF"system/src/diag/Trace.d" -MT"system/src/diag/Trace.o" -c -o "system/src/diag/Trace.o" "../system/src/diag/Trace.c"
Finished building: ../system/src/diag/Trace.c
 
Building file: ../system/src/diag/trace_impl.c
Invoking: Cross ARM C Compiler
arm-none-eabi-gcc -mcpu=cortex-m0plus -mthumb -O0 -fmessage-length=0 -fsigned-char -ffunction-sections -fdata-sections -Wuninitialized -Wmissing-declarations  -g3 -DDEBUG -DSTM32L051xx -DUSE_HAL_DRIVER -I"../include" -I"../system/include" -I"../system/include/cmsis" -I"../system/include/stm32l0xx" -std=gnu11 -Wmissing-prototypes -Wstrict-prototypes -Wbad-function-cast -MMD -MP -MF"system/src/diag/trace_impl.d" -MT"system/src/diag/trace_impl.o" -c -o "system/src/diag/trace_impl.o" "../system/src/diag/trace_impl.c"
Finished building: ../system/src/diag/trace_impl.c
 
Building file: ../system/src/cortexm/_initialize_hardware.c
Invoking: Cross ARM C Compiler
arm-none-eabi-gcc -mcpu=cortex-m0plus -mthumb -O0 -fmessage-length=0 -fsigned-char -ffunction-sections -fdata-sections -Wuninitialized -Wmissing-declarations  -g3 -DDEBUG -DSTM32L051xx -DUSE_HAL_DRIVER -I"../include" -I"../system/include" -I"../system/include/cmsis" -I"../system/include/stm32l0xx" -std=gnu11 -Wmissing-prototypes -Wstrict-prototypes -Wbad-function-cast -MMD -MP -MF"system/src/cortexm/_initialize_hardware.d" -MT"system/src/cortexm/_initialize_hardware.o" -c -o "system/src/cortexm/_initialize_hardware.o" "../system/src/cortexm/_initialize_hardware.c"
Finished building: ../system/src/cortexm/_initialize_hardware.c
 
Building file: ../system/src/cortexm/_reset_hardware.c
Invoking: Cross ARM C Compiler
arm-none-eabi-gcc -mcpu=cortex-m0plus -mthumb -O0 -fmessage-length=0 -fsigned-char -ffunction-sections -fdata-sections -Wuninitialized -Wmissing-declarations  -g3 -DDEBUG -DSTM32L051xx -DUSE_HAL_DRIVER -I"../include" -I"../system/include" -I"../system/include/cmsis" -I"../system/include/stm32l0xx" -std=gnu11 -Wmissing-prototypes -Wstrict-prototypes -Wbad-function-cast -MMD -MP -MF"system/src/cortexm/_reset_hardware.d" -MT"system/src/cortexm/_reset_hardware.o" -c -o "system/src/cortexm/_reset_hardware.o" "../system/src/cortexm/_reset_hardware.c"
Finished building: ../system/src/cortexm/_reset_hardware.c
 
Building file: ../system/src/cortexm/exception_handlers.c
Invoking: Cross ARM C Compiler
arm-none-eabi-gcc -mcpu=cortex-m0plus -mthumb -O0 -fmessage-length=0 -fsigned-char -ffunction-sections -fdata-sections -Wuninitialized -Wmissing-declarations  -g3 -DDEBUG -DSTM32L051xx -DUSE_HAL_DRIVER -I"../include" -I"../system/include" -I"../system/include/cmsis" -I"../system/include/stm32l0xx" -std=gnu11 -Wmissing-prototypes -Wstrict-prototypes -Wbad-function-cast -MMD -MP -MF"system/src/cortexm/exception_handlers.d" -MT"system/src/cortexm/exception_handlers.o" -c -o "system/src/cortexm/exception_handlers.o" "../system/src/cortexm/exception_handlers.c"
Finished building: ../system/src/cortexm/exception_handlers.c
 
Building file: ../system/src/cmsis/startup_stm32l051xx.S
Invoking: Cross ARM GNU Assembler
arm-none-eabi-gcc -mcpu=cortex-m0plus -mthumb -O0 -fmessage-length=0 -fsigned-char -ffunction-sections -fdata-sections -Wuninitialized -Wmissing-declarations  -g3 -x assembler-with-cpp -DDEBUG -DSTM32L051xx -DUSE_HAL_DRIVER -I"../include" -I"../system/include" -I"../system/include/cmsis" -I"../system/include/stm32l0xx" -MMD -MP -MF"system/src/cmsis/startup_stm32l051xx.d" -MT"system/src/cmsis/startup_stm32l051xx.o" -c -o "system/src/cmsis/startup_stm32l051xx.o" "../system/src/cmsis/startup_stm32l051xx.S"
Finished building: ../system/src/cmsis/startup_stm32l051xx.S
 
Building file: ../system/src/cmsis/system_stm32l0xx.c
Invoking: Cross ARM C Compiler
arm-none-eabi-gcc -mcpu=cortex-m0plus -mthumb -O0 -fmessage-length=0 -fsigned-char -ffunction-sections -fdata-sections -Wuninitialized -Wmissing-declarations  -g3 -DDEBUG -DSTM32L051xx -DUSE_HAL_DRIVER -I"../include" -I"../system/include" -I"../system/include/cmsis" -I"../system/include/stm32l0xx" -std=gnu11 -Wmissing-prototypes -Wstrict-prototypes -Wbad-function-cast -MMD -MP -MF"system/src/cmsis/system_stm32l0xx.d" -MT"system/src/cmsis/system_stm32l0xx.o" -c -o "system/src/cmsis/system_stm32l0xx.o" "../system/src/cmsis/system_stm32l0xx.c"
Finished building: ../system/src/cmsis/system_stm32l0xx.c
 
Building file: ../system/src/cmsis/vectors_stm32l0xx.c
Invoking: Cross ARM C Compiler
arm-none-eabi-gcc -mcpu=cortex-m0plus -mthumb -O0 -fmessage-length=0 -fsigned-char -ffunction-sections -fdata-sections -Wuninitialized -Wmissing-declarations  -g3 -DDEBUG -DSTM32L051xx -DUSE_HAL_DRIVER -I"../include" -I"../system/include" -I"../system/include/cmsis" -I"../system/include/stm32l0xx" -std=gnu11 -Wmissing-prototypes -Wstrict-prototypes -Wbad-function-cast -MMD -MP -MF"system/src/cmsis/vectors_stm32l0xx.d" -MT"system/src/cmsis/vectors_stm32l0xx.o" -c -o "system/src/cmsis/vectors_stm32l0xx.o" "../system/src/cmsis/vectors_stm32l0xx.c"
Finished building: ../system/src/cmsis/vectors_stm32l0xx.c
 
Building file: ../src/main.c
Invoking: Cross ARM C Compiler
arm-none-eabi-gcc -mcpu=cortex-m0plus -mthumb -O0 -fmessage-length=0 -fsigned-char -ffunction-sections -fdata-sections -Wuninitialized -Wmissing-declarations  -g3 -DDEBUG -DSTM32L051xx -DUSE_HAL_DRIVER -I"../include" -I"../system/include" -I"../system/include/cmsis" -I"../system/include/stm32l0xx" -std=gnu11 -Wmissing-prototypes -Wstrict-prototypes -Wbad-function-cast -MMD -MP -MF"src/main.d" -MT"src/main.o" -c -o "src/main.o" "../src/main.c"
Finished building: ../src/main.c
 
Building file: ../src/stm32l0xx_hal_msp.c
Invoking: Cross ARM C Compiler
arm-none-eabi-gcc -mcpu=cortex-m0plus -mthumb -O0 -fmessage-length=0 -fsigned-char -ffunction-sections -fdata-sections -Wuninitialized -Wmissing-declarations  -g3 -DDEBUG -DSTM32L051xx -DUSE_HAL_DRIVER -I"../include" -I"../system/include" -I"../system/include/cmsis" -I"../system/include/stm32l0xx" -std=gnu11 -Wmissing-prototypes -Wstrict-prototypes -Wbad-function-cast -MMD -MP -MF"src/stm32l0xx_hal_msp.d" -MT"src/stm32l0xx_hal_msp.o" -c -o "src/stm32l0xx_hal_msp.o" "../src/stm32l0xx_hal_msp.c"
../src/stm32l0xx_hal_msp.c: In function 'HAL_GPIO_EXTI_Callback':
../src/stm32l0xx_hal_msp.c:43:3: warning: implicit declaration of function 'utrusta_send_programm' [-Wimplicit-function-declaration]
   utrusta_send_programm();
   ^
../src/stm32l0xx_hal_msp.c:48:3: warning: implicit declaration of function 'utrusta_set_light_full' [-Wimplicit-function-declaration]
   utrusta_set_light_full();
   ^
../src/stm32l0xx_hal_msp.c:53:3: warning: implicit declaration of function 'utrusta_set_light_off' [-Wimplicit-function-declaration]
   utrusta_set_light_off();
   ^
Finished building: ../src/stm32l0xx_hal_msp.c
 
Building file: ../src/stm32l0xx_it.c
Invoking: Cross ARM C Compiler
arm-none-eabi-gcc -mcpu=cortex-m0plus -mthumb -O0 -fmessage-length=0 -fsigned-char -ffunction-sections -fdata-sections -Wuninitialized -Wmissing-declarations  -g3 -DDEBUG -DSTM32L051xx -DUSE_HAL_DRIVER -I"../include" -I"../system/include" -I"../system/include/cmsis" -I"../system/include/stm32l0xx" -std=gnu11 -Wmissing-prototypes -Wstrict-prototypes -Wbad-function-cast -MMD -MP -MF"src/stm32l0xx_it.d" -MT"src/stm32l0xx_it.o" -c -o "src/stm32l0xx_it.o" "../src/stm32l0xx_it.c"
Finished building: ../src/stm32l0xx_it.c
 
Building target: kittchen_remote.elf
Invoking: Cross ARM C++ Linker
arm-none-eabi-g++ -mcpu=cortex-m0plus -mthumb -O0 -fmessage-length=0 -fsigned-char -ffunction-sections -fdata-sections -Wuninitialized -Wmissing-declarations  -g3 -T "D:\DB\Dropbox\Development\24ghz_kuechenbeleuchtung_steuerung\eclipse_workspace\kittchen_remote\ldscripts\sections.ld" -nostartfiles -Xlinker --gc-sections -L"../ldscripts" -Wl,-Map,"kittchen_remote.map" -v -o "kittchen_remote.elf"  ./system/src/stm32l0xx/stm32l0xx_hal.o ./system/src/stm32l0xx/stm32l0xx_hal_adc.o ./system/src/stm32l0xx/stm32l0xx_hal_adc_ex.o ./system/src/stm32l0xx/stm32l0xx_hal_comp.o ./system/src/stm32l0xx/stm32l0xx_hal_cortex.o ./system/src/stm32l0xx/stm32l0xx_hal_crc.o ./system/src/stm32l0xx/stm32l0xx_hal_crc_ex.o ./system/src/stm32l0xx/stm32l0xx_hal_cryp.o ./system/src/stm32l0xx/stm32l0xx_hal_cryp_ex.o ./system/src/stm32l0xx/stm32l0xx_hal_dac.o ./system/src/stm32l0xx/stm32l0xx_hal_dac_ex.o ./system/src/stm32l0xx/stm32l0xx_hal_dma.o ./system/src/stm32l0xx/stm32l0xx_hal_flash.o ./system/src/stm32l0xx/stm32l0xx_hal_flash_ex.o ./system/src/stm32l0xx/stm32l0xx_hal_flash_ramfunc.o ./system/src/stm32l0xx/stm32l0xx_hal_gpio.o ./system/src/stm32l0xx/stm32l0xx_hal_i2c.o ./system/src/stm32l0xx/stm32l0xx_hal_i2c_ex.o ./system/src/stm32l0xx/stm32l0xx_hal_i2s.o ./system/src/stm32l0xx/stm32l0xx_hal_irda.o ./system/src/stm32l0xx/stm32l0xx_hal_iwdg.o ./system/src/stm32l0xx/stm32l0xx_hal_lcd.o ./system/src/stm32l0xx/stm32l0xx_hal_lptim.o ./system/src/stm32l0xx/stm32l0xx_hal_msp_template.o ./system/src/stm32l0xx/stm32l0xx_hal_pcd.o ./system/src/stm32l0xx/stm32l0xx_hal_pcd_ex.o ./system/src/stm32l0xx/stm32l0xx_hal_pwr.o ./system/src/stm32l0xx/stm32l0xx_hal_pwr_ex.o ./system/src/stm32l0xx/stm32l0xx_hal_rcc.o ./system/src/stm32l0xx/stm32l0xx_hal_rcc_ex.o ./system/src/stm32l0xx/stm32l0xx_hal_rng.o ./system/src/stm32l0xx/stm32l0xx_hal_rtc.o ./system/src/stm32l0xx/stm32l0xx_hal_rtc_ex.o ./system/src/stm32l0xx/stm32l0xx_hal_smartcard.o ./system/src/stm32l0xx/stm32l0xx_hal_smartcard_ex.o ./system/src/stm32l0xx/stm32l0xx_hal_smbus.o ./system/src/stm32l0xx/stm32l0xx_hal_spi.o ./system/src/stm32l0xx/stm32l0xx_hal_tim.o ./system/src/stm32l0xx/stm32l0xx_hal_tim_ex.o ./system/src/stm32l0xx/stm32l0xx_hal_tsc.o ./system/src/stm32l0xx/stm32l0xx_hal_uart.o ./system/src/stm32l0xx/stm32l0xx_hal_uart_ex.o ./system/src/stm32l0xx/stm32l0xx_hal_usart.o ./system/src/stm32l0xx/stm32l0xx_hal_wwdg.o  ./system/src/newlib/_cxx.o ./system/src/newlib/_exit.o ./system/src/newlib/_sbrk.o ./system/src/newlib/_startup.o ./system/src/newlib/_syscalls.o ./system/src/newlib/assert.o  ./system/src/diag/Trace.o ./system/src/diag/trace_impl.o  ./system/src/cortexm/_initialize_hardware.o ./system/src/cortexm/_reset_hardware.o ./system/src/cortexm/exception_handlers.o  ./system/src/cmsis/startup_stm32l051xx.o ./system/src/cmsis/system_stm32l0xx.o ./system/src/cmsis/vectors_stm32l0xx.o  ./src/main.o ./src/stm32l0xx_hal_msp.o ./src/stm32l0xx_it.o   
Using built-in specs.
COLLECT_GCC=arm-none-eabi-g++
COLLECT_LTO_WRAPPER=c:/progra~2/gnutoo~1/44f1d~1.820/bin/../lib/gcc/arm-none-eabi/4.8.4/lto-wrapper.exe
Target: arm-none-eabi
Configured with: /home/build/work/GCC-4-8-build/src/gcc/configure --build=i686-linux-gnu --host=i686-w64-mingw32 --target=arm-none-eabi --prefix=/home/build/work/GCC-4-8-build/install-mingw --libexecdir=/home/build/work/GCC-4-8-build/install-mingw/lib --infodir=/home/build/work/GCC-4-8-build/install-mingw/share/doc/gcc-arm-none-eabi/info --mandir=/home/build/work/GCC-4-8-build/install-mingw/share/doc/gcc-arm-none-eabi/man --htmldir=/home/build/work/GCC-4-8-build/install-mingw/share/doc/gcc-arm-none-eabi/html --pdfdir=/home/build/work/GCC-4-8-build/install-mingw/share/doc/gcc-arm-none-eabi/pdf --enable-languages=c,c++ --disable-decimal-float --disable-libffi --disable-libgomp --disable-libmudflap --disable-libquadmath --disable-libssp --disable-libstdcxx-pch --disable-nls --disable-shared --disable-threads --disable-tls --with-gnu-as --with-gnu-ld --with-headers=yes --with-newlib --with-python-dir=share/gcc-arm-none-eabi --with-sysroot=/home/build/work/GCC-4-8-build/install-mingw/arm-none-eabi --with-libiconv-prefix=/home/build/work/GCC-4-8-build/build-mingw/host-libs/usr --with-gmp=/home/build/work/GCC-4-8-build/build-mingw/host-libs/usr --with-mpfr=/home/build/work/GCC-4-8-build/build-mingw/host-libs/usr --with-mpc=/home/build/work/GCC-4-8-build/build-mingw/host-libs/usr --with-isl=/home/build/work/GCC-4-8-build/build-mingw/host-libs/usr --with-cloog=/home/build/work/GCC-4-8-build/build-mingw/host-libs/usr --with-libelf=/home/build/work/GCC-4-8-build/build-mingw/host-libs/usr --with-host-libstdcxx='-static-libgcc -Wl,-Bstatic,-lstdc++,-Bdynamic -lm' --with-pkgversion='GNU Tools for ARM Embedded Processors' --with-multilib-list=armv6-m,armv7-m,armv7e-m,armv7-r
Thread model: single
gcc version 4.8.4 20140526 (release) [ARM/embedded-4_8-branch revision 211358] (GNU Tools for ARM Embedded Processors) 
COMPILER_PATH=c:/progra~2/gnutoo~1/44f1d~1.820/bin/../lib/gcc/arm-none-eabi/4.8.4/;c:/progra~2/gnutoo~1/44f1d~1.820/bin/../lib/gcc/;c:/progra~2/gnutoo~1/44f1d~1.820/bin/../lib/gcc/arm-none-eabi/4.8.4/../../../../arm-none-eabi/bin/
LIBRARY_PATH=c:/progra~2/gnutoo~1/44f1d~1.820/bin/../lib/gcc/arm-none-eabi/4.8.4/armv6-m/;c:/progra~2/gnutoo~1/44f1d~1.820/bin/../lib/gcc/arm-none-eabi/4.8.4/../../../../arm-none-eabi/lib/armv6-m/;c:/progra~2/gnutoo~1/44f1d~1.820/bin/../arm-none-eabi/lib/armv6-m/;c:/progra~2/gnutoo~1/44f1d~1.820/bin/../lib/gcc/arm-none-eabi/4.8.4/;c:/progra~2/gnutoo~1/44f1d~1.820/bin/../lib/gcc/;c:/progra~2/gnutoo~1/44f1d~1.820/bin/../lib/gcc/arm-none-eabi/4.8.4/../../../../arm-none-eabi/lib/;c:/progra~2/gnutoo~1/44f1d~1.820/bin/../arm-none-eabi/lib/
COLLECT_GCC_OPTIONS='-mcpu=cortex-m0plus' '-mthumb' '-O0' '-fmessage-length=0' '-fsigned-char' '-ffunction-sections' '-fdata-sections' '-Wuninitialized' '-Wmissing-declarations' '-g3' '-T' 'D:\DB\Dropbox\Development\24ghz_kuechenbeleuchtung_steuerung\eclipse_workspace\kittchen_remote\ldscripts\sections.ld' '-nostartfiles' '-L../ldscripts' '-v' '-o' 'kittchen_remote.elf'
 c:/progra~2/gnutoo~1/44f1d~1.820/bin/../lib/gcc/arm-none-eabi/4.8.4/collect2.exe --sysroot=c:\progra~2\gnutoo~1\44f1d~1.820\bin\../arm-none-eabi -X -o kittchen_remote.elf -L../ldscripts -Lc:/progra~2/gnutoo~1/44f1d~1.820/bin/../lib/gcc/arm-none-eabi/4.8.4/armv6-m -Lc:/progra~2/gnutoo~1/44f1d~1.820/bin/../lib/gcc/arm-none-eabi/4.8.4/../../../../arm-none-eabi/lib/armv6-m -Lc:/progra~2/gnutoo~1/44f1d~1.820/bin/../arm-none-eabi/lib/armv6-m -Lc:/progra~2/gnutoo~1/44f1d~1.820/bin/../lib/gcc/arm-none-eabi/4.8.4 -Lc:/progra~2/gnutoo~1/44f1d~1.820/bin/../lib/gcc -Lc:/progra~2/gnutoo~1/44f1d~1.820/bin/../lib/gcc/arm-none-eabi/4.8.4/../../../../arm-none-eabi/lib -Lc:/progra~2/gnutoo~1/44f1d~1.820/bin/../arm-none-eabi/lib --gc-sections -Map kittchen_remote.map ./system/src/stm32l0xx/stm32l0xx_hal.o ./system/src/stm32l0xx/stm32l0xx_hal_adc.o ./system/src/stm32l0xx/stm32l0xx_hal_adc_ex.o ./system/src/stm32l0xx/stm32l0xx_hal_comp.o ./system/src/stm32l0xx/stm32l0xx_hal_cortex.o ./system/src/stm32l0xx/stm32l0xx_hal_crc.o ./system/src/stm32l0xx/stm32l0xx_hal_crc_ex.o ./system/src/stm32l0xx/stm32l0xx_hal_cryp.o ./system/src/stm32l0xx/stm32l0xx_hal_cryp_ex.o ./system/src/stm32l0xx/stm32l0xx_hal_dac.o ./system/src/stm32l0xx/stm32l0xx_hal_dac_ex.o ./system/src/stm32l0xx/stm32l0xx_hal_dma.o ./system/src/stm32l0xx/stm32l0xx_hal_flash.o ./system/src/stm32l0xx/stm32l0xx_hal_flash_ex.o ./system/src/stm32l0xx/stm32l0xx_hal_flash_ramfunc.o ./system/src/stm32l0xx/stm32l0xx_hal_gpio.o ./system/src/stm32l0xx/stm32l0xx_hal_i2c.o ./system/src/stm32l0xx/stm32l0xx_hal_i2c_ex.o ./system/src/stm32l0xx/stm32l0xx_hal_i2s.o ./system/src/stm32l0xx/stm32l0xx_hal_irda.o ./system/src/stm32l0xx/stm32l0xx_hal_iwdg.o ./system/src/stm32l0xx/stm32l0xx_hal_lcd.o ./system/src/stm32l0xx/stm32l0xx_hal_lptim.o ./system/src/stm32l0xx/stm32l0xx_hal_msp_template.o ./system/src/stm32l0xx/stm32l0xx_hal_pcd.o ./system/src/stm32l0xx/stm32l0xx_hal_pcd_ex.o ./system/src/stm32l0xx/stm32l0xx_hal_pwr.o ./system/src/stm32l0xx/stm32l0xx_hal_pwr_ex.o ./system/src/stm32l0xx/stm32l0xx_hal_rcc.o ./system/src/stm32l0xx/stm32l0xx_hal_rcc_ex.o ./system/src/stm32l0xx/stm32l0xx_hal_rng.o ./system/src/stm32l0xx/stm32l0xx_hal_rtc.o ./system/src/stm32l0xx/stm32l0xx_hal_rtc_ex.o ./system/src/stm32l0xx/stm32l0xx_hal_smartcard.o ./system/src/stm32l0xx/stm32l0xx_hal_smartcard_ex.o ./system/src/stm32l0xx/stm32l0xx_hal_smbus.o ./system/src/stm32l0xx/stm32l0xx_hal_spi.o ./system/src/stm32l0xx/stm32l0xx_hal_tim.o ./system/src/stm32l0xx/stm32l0xx_hal_tim_ex.o ./system/src/stm32l0xx/stm32l0xx_hal_tsc.o ./system/src/stm32l0xx/stm32l0xx_hal_uart.o ./system/src/stm32l0xx/stm32l0xx_hal_uart_ex.o ./system/src/stm32l0xx/stm32l0xx_hal_usart.o ./system/src/stm32l0xx/stm32l0xx_hal_wwdg.o ./system/src/newlib/_cxx.o ./system/src/newlib/_exit.o ./system/src/newlib/_sbrk.o ./system/src/newlib/_startup.o ./system/src/newlib/_syscalls.o ./system/src/newlib/assert.o ./system/src/diag/Trace.o ./system/src/diag/trace_impl.o ./system/src/cortexm/_initialize_hardware.o ./system/src/cortexm/_reset_hardware.o ./system/src/cortexm/exception_handlers.o ./system/src/cmsis/startup_stm32l051xx.o ./system/src/cmsis/system_stm32l0xx.o ./system/src/cmsis/vectors_stm32l0xx.o ./src/main.o ./src/stm32l0xx_hal_msp.o ./src/stm32l0xx_it.o -lstdc++ -lm --start-group -lgcc -lg -lc --end-group -T D:\DB\Dropbox\Development\24ghz_kuechenbeleuchtung_steuerung\eclipse_workspace\kittchen_remote\ldscripts\sections.ld
Finished building target: kittchen_remote.elf
 
Invoking: Cross ARM GNU Create Flash Image
arm-none-eabi-objcopy -O ihex "kittchen_remote.elf"  "kittchen_remote.hex"
Finished building: kittchen_remote.hex
 
Invoking: Cross ARM GNU Print Size
arm-none-eabi-size --format=berkeley "kittchen_remote.elf"
   text	   data	    bss	    dec	    hex	filename
  10900	    124	   1148	  12172	   2f8c	kittchen_remote.elf
Finished building: kittchen_remote.siz
 
15:43:31 **** Incremental Build of configuration Debug for project kittchen_remote ****
make all 
Invoking: Cross ARM GNU Print Size
arm-none-eabi-size --format=berkeley "kittchen_remote.elf"
   text	   data	    bss	    dec	    hex	filename
  10900	    124	   1148	  12172	   2f8c	kittchen_remote.elf
Finished building: kittchen_remote.siz
 
15:44:23 **** Incremental Build of configuration Debug for project kittchen_remote ****
make all 
Invoking: Cross ARM GNU Print Size
arm-none-eabi-size --format=berkeley "kittchen_remote.elf"
   text	   data	    bss	    dec	    hex	filename
  10900	    124	   1148	  12172	   2f8c	kittchen_remote.elf
Finished building: kittchen_remote.siz
 
15:45:20 **** Incremental Build of configuration Debug for project kittchen_remote ****
make all 
Invoking: Cross ARM GNU Print Size
arm-none-eabi-size --format=berkeley "kittchen_remote.elf"
   text	   data	    bss	    dec	    hex	filename
  10900	    124	   1148	  12172	   2f8c	kittchen_remote.elf
Finished building: kittchen_remote.siz
 
15:46:33 **** Incremental Build of configuration Debug for project kittchen_remote ****
make all 
Invoking: Cross ARM GNU Print Size
arm-none-eabi-size --format=berkeley "kittchen_remote.elf"
   text	   data	    bss	    dec	    hex	filename
  10900	    124	   1148	  12172	   2f8c	kittchen_remote.elf
Finished building: kittchen_remote.siz
 
15:46:34 **** Incremental Build of configuration Debug for project kittchen_remote ****
make all 
Invoking: Cross ARM GNU Print Size
arm-none-eabi-size --format=berkeley "kittchen_remote.elf"
   text	   data	    bss	    dec	    hex	filename
  10900	    124	   1148	  12172	   2f8c	kittchen_remote.elf
Finished building: kittchen_remote.siz
 
15:47:16 **** Incremental Build of configuration Debug for project kittchen_remote ****
make all 
Invoking: Cross ARM GNU Print Size
arm-none-eabi-size --format=berkeley "kittchen_remote.elf"
   text	   data	    bss	    dec	    hex	filename
  10900	    124	   1148	  12172	   2f8c	kittchen_remote.elf
Finished building: kittchen_remote.siz
 
15:47:43 **** Incremental Build of configuration Debug for project kittchen_remote ****
make all 
Invoking: Cross ARM GNU Print Size
arm-none-eabi-size --format=berkeley "kittchen_remote.elf"
   text	   data	    bss	    dec	    hex	filename
  10900	    124	   1148	  12172	   2f8c	kittchen_remote.elf
Finished building: kittchen_remote.siz
 
15:52:08 **** Incremental Build of configuration Debug for project kittchen_remote ****
make all 
Invoking: Cross ARM GNU Print Size
arm-none-eabi-size --format=berkeley "kittchen_remote.elf"
   text	   data	    bss	    dec	    hex	filename
  10900	    124	   1148	  12172	   2f8c	kittchen_remote.elf
Finished building: kittchen_remote.siz
 
15:54:06 **** Incremental Build of configuration Debug for project kittchen_remote ****
make all 
Invoking: Cross ARM GNU Print Size
arm-none-eabi-size --format=berkeley "kittchen_remote.elf"
   text	   data	    bss	    dec	    hex	filename
  10900	    124	   1148	  12172	   2f8c	kittchen_remote.elf
Finished building: kittchen_remote.siz
 
15:54:45 **** Incremental Build of configuration Debug for project kittchen_remote ****
make all 
Invoking: Cross ARM GNU Print Size
arm-none-eabi-size --format=berkeley "kittchen_remote.elf"
   text	   data	    bss	    dec	    hex	filename
  10900	    124	   1148	  12172	   2f8c	kittchen_remote.elf
Finished building: kittchen_remote.siz
 
15:55:45 **** Incremental Build of configuration Debug for project kittchen_remote ****
make all 
Invoking: Cross ARM GNU Print Size
arm-none-eabi-size --format=berkeley "kittchen_remote.elf"
   text	   data	    bss	    dec	    hex	filename
  10900	    124	   1148	  12172	   2f8c	kittchen_remote.elf
Finished building: kittchen_remote.siz
 
