Archive member included because of file (symbol)

c:/program files (x86)/atollic/truestudio for arm 5.4.0/armtools/bin/../lib/gcc/arm-atollic-eabi/4.8.3/../../../../arm-atollic-eabi/lib/armv7-m\libc.a(lib_a-init.o)
                              src\startup_stm32l1xx_md.o (__libc_init_array)
c:/program files (x86)/atollic/truestudio for arm 5.4.0/armtools/bin/../lib/gcc/arm-atollic-eabi/4.8.3/../../../../arm-atollic-eabi/lib/armv7-m\libc.a(lib_a-memcmp.o)
                              FreeRTOS_Source\tasks.o (memcmp)
c:/program files (x86)/atollic/truestudio for arm 5.4.0/armtools/bin/../lib/gcc/arm-atollic-eabi/4.8.3/../../../../arm-atollic-eabi/lib/armv7-m\libc.a(lib_a-memcpy-stub.o)
                              FreeRTOS_Source\queue.o (memcpy)
c:/program files (x86)/atollic/truestudio for arm 5.4.0/armtools/bin/../lib/gcc/arm-atollic-eabi/4.8.3/../../../../arm-atollic-eabi/lib/armv7-m\libc.a(lib_a-memset.o)
                              FreeRTOS_Source\tasks.o (memset)
c:/program files (x86)/atollic/truestudio for arm 5.4.0/armtools/bin/../lib/gcc/arm-atollic-eabi/4.8.3/../../../../arm-atollic-eabi/lib/armv7-m\libc.a(lib_a-strncpy.o)
                              FreeRTOS_Source\tasks.o (strncpy)
c:/program files (x86)/atollic/truestudio for arm 5.4.0/armtools/bin/../lib/gcc/arm-atollic-eabi/4.8.3/../../../../arm-atollic-eabi/lib/armv7-m\libc.a(lib_a-syscalls.o)
                              src\tiny_printf.o (_write)
c:/program files (x86)/atollic/truestudio for arm 5.4.0/armtools/bin/../lib/gcc/arm-atollic-eabi/4.8.3/../../../../arm-atollic-eabi/lib/armv7-m\libc.a(lib_a-reent.o)
                              c:/program files (x86)/atollic/truestudio for arm 5.4.0/armtools/bin/../lib/gcc/arm-atollic-eabi/4.8.3/../../../../arm-atollic-eabi/lib/armv7-m\libc.a(lib_a-syscalls.o) (errno)
c:/program files (x86)/atollic/truestudio for arm 5.4.0/armtools/bin/../lib/gcc/arm-atollic-eabi/4.8.3/../../../../arm-atollic-eabi/lib/armv7-m\libc.a(lib_a-freer.o)
                              c:/program files (x86)/atollic/truestudio for arm 5.4.0/armtools/bin/../lib/gcc/arm-atollic-eabi/4.8.3/../../../../arm-atollic-eabi/lib/armv7-m\libc.a(lib_a-reent.o) (_free_r)
c:/program files (x86)/atollic/truestudio for arm 5.4.0/armtools/bin/../lib/gcc/arm-atollic-eabi/4.8.3/../../../../arm-atollic-eabi/lib/armv7-m\libc.a(lib_a-impure.o)
                              c:/program files (x86)/atollic/truestudio for arm 5.4.0/armtools/bin/../lib/gcc/arm-atollic-eabi/4.8.3/../../../../arm-atollic-eabi/lib/armv7-m\libc.a(lib_a-reent.o) (_impure_ptr)
c:/program files (x86)/atollic/truestudio for arm 5.4.0/armtools/bin/../lib/gcc/arm-atollic-eabi/4.8.3/../../../../arm-atollic-eabi/lib/armv7-m\libc.a(lib_a-mallocr.o)
                              c:/program files (x86)/atollic/truestudio for arm 5.4.0/armtools/bin/../lib/gcc/arm-atollic-eabi/4.8.3/../../../../arm-atollic-eabi/lib/armv7-m\libc.a(lib_a-freer.o) (__malloc_current_mallinfo)
c:/program files (x86)/atollic/truestudio for arm 5.4.0/armtools/bin/../lib/gcc/arm-atollic-eabi/4.8.3/../../../../arm-atollic-eabi/lib/armv7-m\libc.a(lib_a-mlock.o)
                              c:/program files (x86)/atollic/truestudio for arm 5.4.0/armtools/bin/../lib/gcc/arm-atollic-eabi/4.8.3/../../../../arm-atollic-eabi/lib/armv7-m\libc.a(lib_a-freer.o) (__malloc_lock)
c:/program files (x86)/atollic/truestudio for arm 5.4.0/armtools/bin/../lib/gcc/arm-atollic-eabi/4.8.3/../../../../arm-atollic-eabi/lib/armv7-m\libc.a(lib_a-sbrkr.o)
                              c:/program files (x86)/atollic/truestudio for arm 5.4.0/armtools/bin/../lib/gcc/arm-atollic-eabi/4.8.3/../../../../arm-atollic-eabi/lib/armv7-m\libc.a(lib_a-freer.o) (_sbrk_r)

Allocating common symbols
Common symbol       size              file

errno               0x4               c:/program files (x86)/atollic/truestudio for arm 5.4.0/armtools/bin/../lib/gcc/arm-atollic-eabi/4.8.3/../../../../arm-atollic-eabi/lib/armv7-m\libc.a(lib_a-reent.o)
xQueueRegistry      0x80              FreeRTOS_Source\queue.o

Discarded input sections

 .text          0x00000000        0x0 c:/program files (x86)/atollic/truestudio for arm 5.4.0/armtools/bin/../lib/gcc/arm-atollic-eabi/4.8.3/armv7-m/crti.o
 .data          0x00000000        0x0 c:/program files (x86)/atollic/truestudio for arm 5.4.0/armtools/bin/../lib/gcc/arm-atollic-eabi/4.8.3/armv7-m/crti.o
 .bss           0x00000000        0x0 c:/program files (x86)/atollic/truestudio for arm 5.4.0/armtools/bin/../lib/gcc/arm-atollic-eabi/4.8.3/armv7-m/crti.o
 .data          0x00000000        0x4 c:/program files (x86)/atollic/truestudio for arm 5.4.0/armtools/bin/../lib/gcc/arm-atollic-eabi/4.8.3/armv7-m/crtbegin.o
 .text          0x00000000        0x0 src\tiny_printf.o
 .data          0x00000000        0x0 src\tiny_printf.o
 .bss           0x00000000        0x0 src\tiny_printf.o
 .text.ts_itoa  0x00000000       0x90 src\tiny_printf.o
 .text.ts_formatstring
[...]
Memory Configuration

Name             Origin             Length             Attributes
FLASH            0x08000000         0x00020000         xr
RAM              0x20000000         0x00004000         xrw
MEMORY_B1        0x60000000         0x00000000         xr
*default*        0x00000000         0xffffffff

Linker script and memory map

LOAD c:/program files (x86)/atollic/truestudio for arm 5.4.0/armtools/bin/../lib/gcc/arm-atollic-eabi/4.8.3/armv7-m/crti.o
LOAD c:/program files (x86)/atollic/truestudio for arm 5.4.0/armtools/bin/../lib/gcc/arm-atollic-eabi/4.8.3/armv7-m/crtbegin.o
LOAD src\tiny_printf.o
LOAD src\system_stm32l1xx.o
LOAD src\stm32l1xx_it.o
LOAD src\startup_stm32l1xx_md.o
LOAD src\main.o
LOAD Utilities\STM32_EVAL\stm32l_discovery_lcd.o
LOAD Libraries\STM32L1xx_StdPeriph_Driver\src\stm32l1xx_wwdg.o
LOAD Libraries\STM32L1xx_StdPeriph_Driver\src\stm32l1xx_usart.o
LOAD Libraries\STM32L1xx_StdPeriph_Driver\src\stm32l1xx_tim.o
LOAD Libraries\STM32L1xx_StdPeriph_Driver\src\stm32l1xx_syscfg.o
LOAD Libraries\STM32L1xx_StdPeriph_Driver\src\stm32l1xx_spi.o
LOAD Libraries\STM32L1xx_StdPeriph_Driver\src\stm32l1xx_sdio.o
LOAD Libraries\STM32L1xx_StdPeriph_Driver\src\stm32l1xx_rtc.o
LOAD Libraries\STM32L1xx_StdPeriph_Driver\src\stm32l1xx_rcc.o
LOAD Libraries\STM32L1xx_StdPeriph_Driver\src\stm32l1xx_pwr.o
LOAD Libraries\STM32L1xx_StdPeriph_Driver\src\stm32l1xx_opamp.o
LOAD Libraries\STM32L1xx_StdPeriph_Driver\src\stm32l1xx_lcd.o
LOAD Libraries\STM32L1xx_StdPeriph_Driver\src\stm32l1xx_iwdg.o
LOAD Libraries\STM32L1xx_StdPeriph_Driver\src\stm32l1xx_i2c.o
LOAD Libraries\STM32L1xx_StdPeriph_Driver\src\stm32l1xx_gpio.o
LOAD Libraries\STM32L1xx_StdPeriph_Driver\src\stm32l1xx_fsmc.o
LOAD Libraries\STM32L1xx_StdPeriph_Driver\src\stm32l1xx_flash_ramfunc.o
LOAD Libraries\STM32L1xx_StdPeriph_Driver\src\stm32l1xx_flash.o
LOAD Libraries\STM32L1xx_StdPeriph_Driver\src\stm32l1xx_exti.o
LOAD Libraries\STM32L1xx_StdPeriph_Driver\src\stm32l1xx_dma.o
LOAD Libraries\STM32L1xx_StdPeriph_Driver\src\stm32l1xx_dbgmcu.o
LOAD Libraries\STM32L1xx_StdPeriph_Driver\src\stm32l1xx_dac.o
LOAD Libraries\STM32L1xx_StdPeriph_Driver\src\stm32l1xx_crc.o
LOAD Libraries\STM32L1xx_StdPeriph_Driver\src\stm32l1xx_comp.o
LOAD Libraries\STM32L1xx_StdPeriph_Driver\src\stm32l1xx_aes_util.o
LOAD Libraries\STM32L1xx_StdPeriph_Driver\src\stm32l1xx_aes.o
LOAD Libraries\STM32L1xx_StdPeriph_Driver\src\stm32l1xx_adc.o
LOAD Libraries\STM32L1xx_StdPeriph_Driver\src\misc.o
LOAD FreeRTOS_Source\timers.o
LOAD FreeRTOS_Source\tasks.o
LOAD FreeRTOS_Source\queue.o
LOAD FreeRTOS_Source\portable\MemMang\heap_1.o
LOAD FreeRTOS_Source\portable\GCC\ARM_CM3\port.o
LOAD FreeRTOS_Source\list.o
LOAD c:/program files (x86)/atollic/truestudio for arm 5.4.0/armtools/bin/../lib/gcc/arm-atollic-eabi/4.8.3/../../../../arm-atollic-eabi/lib/armv7-m\libm.a
START GROUP
LOAD c:/program files (x86)/atollic/truestudio for arm 5.4.0/armtools/bin/../lib/gcc/arm-atollic-eabi/4.8.3/../../../../arm-atollic-eabi/lib/armv7-m\libc.a
LOAD c:/program files (x86)/atollic/truestudio for arm 5.4.0/armtools/bin/../lib/gcc/arm-atollic-eabi/4.8.3/../../../../arm-atollic-eabi/lib/armv7-m\libm.a
END GROUP
                0x00001000                malloc_getpagesize_P = 0x1000
START GROUP
LOAD c:/program files (x86)/atollic/truestudio for arm 5.4.0/armtools/bin/../lib/gcc/arm-atollic-eabi/4.8.3/armv7-m\libgcc.a
LOAD c:/program files (x86)/atollic/truestudio for arm 5.4.0/armtools/bin/../lib/gcc/arm-atollic-eabi/4.8.3/../../../../arm-atollic-eabi/lib/armv7-m\libc.a
END GROUP
LOAD c:/program files (x86)/atollic/truestudio for arm 5.4.0/armtools/bin/../lib/gcc/arm-atollic-eabi/4.8.3/armv7-m/crtend.o
LOAD c:/program files (x86)/atollic/truestudio for arm 5.4.0/armtools/bin/../lib/gcc/arm-atollic-eabi/4.8.3/armv7-m/crtn.o
                0x20004000                _estack = 0x20004000
                0x00000000                _Min_Heap_Size = 0x0
                0x00000080                _Min_Stack_Size = 0x80

.isr_vector     0x08000000      0x10c
                0x08000000                . = ALIGN (0x4)
 *(.isr_vector)
 .isr_vector    0x08000000      0x10c src\startup_stm32l1xx_md.o
                0x08000000                g_pfnVectors
                0x0800010c                . = ALIGN (0x4)

.text           0x0800010c     0x236c
                0x0800010c                . = ALIGN (0x4)
 *(.text)
 .text          0x0800010c       0x40 c:/program files (x86)/atollic/truestudio for arm 5.4.0/armtools/bin/../lib/gcc/arm-atollic-eabi/4.8.3/armv7-m/crtbegin.o
 *(.text*)
 .text.SystemInit
                0x0800014c       0x64 src\system_stm32l1xx.o
                0x0800014c                SystemInit
 .text.SetSysClock
                0x080001b0      0x120 src\system_stm32l1xx.o
 .text.NMI_Handler
                0x080002d0        0xc src\stm32l1xx_it.o
                0x080002d0                NMI_Handler
 .text.HardFault_Handler
                0x080002dc        0x8 src\stm32l1xx_it.o
                0x080002dc                HardFault_Handler
 .text.MemManage_Handler
                0x080002e4        0x8 src\stm32l1xx_it.o
                0x080002e4                MemManage_Handler
 .text.BusFault_Handler
                0x080002ec        0x8 src\stm32l1xx_it.o
                0x080002ec                BusFault_Handler
 .text.UsageFault_Handler
                0x080002f4        0x8 src\stm32l1xx_it.o
                0x080002f4                UsageFault_Handler
 .text.DebugMon_Handler
                0x080002fc        0xc src\stm32l1xx_it.o
                0x080002fc                DebugMon_Handler
 .text.Reset_Handler
                0x08000308       0x50 src\startup_stm32l1xx_md.o
                0x08000308                Reset_Handler
 .text.Default_Handler
                0x08000358        0x4 src\startup_stm32l1xx_md.o
                0x08000358                RTC_Alarm_IRQHandler
                0x08000358                EXTI2_IRQHandler
                0x08000358                TIM10_IRQHandler
                0x08000358                USB_HP_IRQHandler
                0x08000358                TIM6_IRQHandler
                0x08000358                PVD_IRQHandler
                0x08000358                EXTI3_IRQHandler
                0x08000358                EXTI0_IRQHandler
                0x08000358                I2C2_EV_IRQHandler
                0x08000358                SPI1_IRQHandler
                0x08000358                USB_FS_WKUP_IRQHandler
                0x08000358                DMA1_Channel4_IRQHandler
                0x08000358                ADC1_IRQHandler
                0x08000358                USART3_IRQHandler
                0x08000358                DMA1_Channel7_IRQHandler
                0x08000358                LCD_IRQHandler
                0x08000358                TIM4_IRQHandler
                0x08000358                I2C1_EV_IRQHandler
                0x08000358                DMA1_Channel6_IRQHandler
                0x08000358                TIM3_IRQHandler
                0x08000358                RCC_IRQHandler
                0x08000358                DMA1_Channel1_IRQHandler
                0x08000358                Default_Handler
                0x08000358                EXTI15_10_IRQHandler
                0x08000358                TIM7_IRQHandler
                0x08000358                EXTI9_5_IRQHandler
                0x08000358                TIM9_IRQHandler
                0x08000358                TAMPER_STAMP_IRQHandler
                0x08000358                RTC_WKUP_IRQHandler
                0x08000358                SPI2_IRQHandler
                0x08000358                DMA1_Channel5_IRQHandler
                0x08000358                USB_LP_IRQHandler
                0x08000358                EXTI4_IRQHandler
                0x08000358                DMA1_Channel3_IRQHandler
                0x08000358                COMP_IRQHandler
                0x08000358                WWDG_IRQHandler
                0x08000358                TIM2_IRQHandler
                0x08000358                DAC_IRQHandler
                0x08000358                EXTI1_IRQHandler
                0x08000358                TIM11_IRQHandler
                0x08000358                USART2_IRQHandler
                0x08000358                I2C2_ER_IRQHandler
                0x08000358                DMA1_Channel2_IRQHandler
                0x08000358                FLASH_IRQHandler
                0x08000358                USART1_IRQHandler
                0x08000358                I2C1_ER_IRQHandler
 .text.NVIC_SetPriorityGrouping
                0x0800035c       0x48 src\main.o
 .text.main     0x080003a4      0x114 src\main.o
                0x080003a4                main
 .text.vExampleTimerCallback
                0x080004b8       0x20 src\main.o
 .text.prvQueueSendTask
                0x080004d8       0x3c src\main.o
 .text.prvQueueReceiveTask
                0x08000514       0x3c src\main.o
 .text.prvEventSemaphoreTask
                0x08000550       0x30 src\main.o
 .text.vApplicationTickHook
                0x08000580       0x44 src\main.o
                0x08000580                vApplicationTickHook
 .text.vApplicationMallocFailedHook
                0x080005c4        0x8 src\main.o
                0x080005c4                vApplicationMallocFailedHook
 .text.vApplicationStackOverflowHook
                0x080005cc        0xc src\main.o
                0x080005cc                vApplicationStackOverflowHook
 .text.vApplicationIdleHook
                0x080005d8       0x18 src\main.o
                0x080005d8                vApplicationIdleHook
 .text.prvSetupHardware
                0x080005f0        0xc src\main.o
 .text.xTimerCreateTimerTask
                0x080005fc       0x5c FreeRTOS_Source\timers.o
                0x080005fc                xTimerCreateTimerTask
 .text.xTimerCreate
                0x08000658       0x6c FreeRTOS_Source\timers.o
                0x08000658                xTimerCreate
 .text.xTimerGenericCommand
                0x080006c4       0x8c FreeRTOS_Source\timers.o
                0x080006c4                xTimerGenericCommand
 .text.prvProcessExpiredTimer
                0x08000750       0x74 FreeRTOS_Source\timers.o
 .text.prvTimerTask
                0x080007c4       0x24 FreeRTOS_Source\timers.o
 .text.prvProcessTimerOrBlockTask
                0x080007e8       0x6c FreeRTOS_Source\timers.o
 .text.prvGetNextExpireTime
                0x08000854       0x48 FreeRTOS_Source\timers.o
 .text.prvSampleTimeNow
                0x0800089c       0x44 FreeRTOS_Source\timers.o
 .text.prvInsertTimerInActiveList
                0x080008e0       0x84 FreeRTOS_Source\timers.o
 .text.prvProcessReceivedCommands
                0x08000964      0x100 FreeRTOS_Source\timers.o
 .text.prvSwitchTimerLists
                0x08000a64       0xb8 FreeRTOS_Source\timers.o
 .text.prvCheckForValidListAndQueue
                0x08000b1c       0x54 FreeRTOS_Source\timers.o
 .text.xTaskGenericCreate
                0x08000b70      0x19c FreeRTOS_Source\tasks.o
                0x08000b70                xTaskGenericCreate
 .text.vTaskDelayUntil
                0x08000d0c       0xb8 FreeRTOS_Source\tasks.o
                0x08000d0c                vTaskDelayUntil
 .text.vTaskStartScheduler
                0x08000dc4       0x74 FreeRTOS_Source\tasks.o
                0x08000dc4                vTaskStartScheduler
 .text.vTaskSuspendAll
                0x08000e38       0x1c FreeRTOS_Source\tasks.o
                0x08000e38                vTaskSuspendAll
 .text.xTaskResumeAll
                0x08000e54      0x108 FreeRTOS_Source\tasks.o
                0x08000e54                xTaskResumeAll
 .text.xTaskGetTickCount
                0x08000f5c       0x24 FreeRTOS_Source\tasks.o
                0x08000f5c                xTaskGetTickCount
 .text.vTaskIncrementTick
                0x08000f80      0x150 FreeRTOS_Source\tasks.o
                0x08000f80                vTaskIncrementTick
 .text.vTaskSwitchContext
                0x080010d0       0xf0 FreeRTOS_Source\tasks.o
                0x080010d0                vTaskSwitchContext
 .text.vTaskPlaceOnEventList
                0x080011c0       0x70 FreeRTOS_Source\tasks.o
                0x080011c0                vTaskPlaceOnEventList
 .text.vTaskPlaceOnEventListRestricted
                0x08001230       0x54 FreeRTOS_Source\tasks.o
                0x08001230                vTaskPlaceOnEventListRestricted
 .text.xTaskRemoveFromEventList
                0x08001284       0xb0 FreeRTOS_Source\tasks.o
                0x08001284                xTaskRemoveFromEventList
 .text.vTaskSetTimeOutState
                0x08001334       0x3c FreeRTOS_Source\tasks.o
                0x08001334                vTaskSetTimeOutState
 .text.xTaskCheckForTimeOut
                0x08001370       0xa8 FreeRTOS_Source\tasks.o
                0x08001370                xTaskCheckForTimeOut
 .text.vTaskMissedYield
                0x08001418       0x18 FreeRTOS_Source\tasks.o
                0x08001418                vTaskMissedYield
 .text.prvIdleTask
                0x08001430       0x24 FreeRTOS_Source\tasks.o
 .text.prvInitialiseTCBVariables
                0x08001454       0x6c FreeRTOS_Source\tasks.o
 .text.prvInitialiseTaskLists
                0x080014c0       0x7c FreeRTOS_Source\tasks.o
 .text.prvCheckTasksWaitingTermination
                0x0800153c       0x74 FreeRTOS_Source\tasks.o
 .text.prvAddCurrentTaskToDelayedList
                0x080015b0       0x6c FreeRTOS_Source\tasks.o
 .text.prvAllocateTCBAndStack
                0x0800161c       0x64 FreeRTOS_Source\tasks.o
 .text.prvDeleteTCB
                0x08001680       0x20 FreeRTOS_Source\tasks.o
 .text.xTaskGetCurrentTaskHandle
                0x080016a0       0x20 FreeRTOS_Source\tasks.o
                0x080016a0                xTaskGetCurrentTaskHandle
 .text.xTaskGetSchedulerState
                0x080016c0       0x3c FreeRTOS_Source\tasks.o
                0x080016c0                xTaskGetSchedulerState
 .text.vTaskPriorityInherit
                0x080016fc       0xb4 FreeRTOS_Source\tasks.o
                0x080016fc                vTaskPriorityInherit
 .text.vTaskPriorityDisinherit
                0x080017b0       0x7c FreeRTOS_Source\tasks.o
                0x080017b0                vTaskPriorityDisinherit
 .text.xQueueGenericReset
                0x0800182c       0xb0 FreeRTOS_Source\queue.o
                0x0800182c                xQueueGenericReset
 .text.xQueueGenericCreate
                0x080018dc       0x80 FreeRTOS_Source\queue.o
                0x080018dc                xQueueGenericCreate
 .text.xQueueGenericSend
                0x0800195c      0x140 FreeRTOS_Source\queue.o
                0x0800195c                xQueueGenericSend
 .text.xQueueGenericSendFromISR
                0x08001a9c       0xb8 FreeRTOS_Source\queue.o
                0x08001a9c                xQueueGenericSendFromISR
 .text.xQueueGenericReceive
                0x08001b54      0x1a0 FreeRTOS_Source\queue.o
                0x08001b54                xQueueGenericReceive
 .text.prvCopyDataToQueue
                0x08001cf4       0xb8 FreeRTOS_Source\queue.o
 .text.prvCopyDataFromQueue
                0x08001dac       0x4c FreeRTOS_Source\queue.o
 .text.prvUnlockQueue
                0x08001df8       0x98 FreeRTOS_Source\queue.o
 .text.prvIsQueueEmpty
                0x08001e90       0x2c FreeRTOS_Source\queue.o
 .text.prvIsQueueFull
                0x08001ebc       0x30 FreeRTOS_Source\queue.o
 .text.vQueueAddToRegistry
                0x08001eec       0x50 FreeRTOS_Source\queue.o
                0x08001eec                vQueueAddToRegistry
 .text.vQueueWaitForMessageRestricted
                0x08001f3c       0x54 FreeRTOS_Source\queue.o
                0x08001f3c                vQueueWaitForMessageRestricted
 .text.pvPortMalloc
                0x08001f90       0x78 FreeRTOS_Source\portable\MemMang\heap_1.o
                0x08001f90                pvPortMalloc
 .text.vPortFree
                0x08002008       0x14 FreeRTOS_Source\portable\MemMang\heap_1.o
                0x08002008                vPortFree
 .text.xPortGetFreeHeapSize
                0x0800201c       0x1c FreeRTOS_Source\portable\MemMang\heap_1.o
                0x0800201c                xPortGetFreeHeapSize
 .text.pxPortInitialiseStack
                0x08002038       0x54 FreeRTOS_Source\portable\GCC\ARM_CM3\port.o
                0x08002038                pxPortInitialiseStack
 .text.SVC_Handler
                0x0800208c       0x20 FreeRTOS_Source\portable\GCC\ARM_CM3\port.o
                0x0800208c                SVC_Handler
 .text.prvPortStartFirstTask
                0x080020ac       0x14 FreeRTOS_Source\portable\GCC\ARM_CM3\port.o
 .text.xPortStartScheduler
                0x080020c0       0x38 FreeRTOS_Source\portable\GCC\ARM_CM3\port.o
                0x080020c0                xPortStartScheduler
 .text.vPortYieldFromISR
                0x080020f8       0x18 FreeRTOS_Source\portable\GCC\ARM_CM3\port.o
                0x080020f8                vPortYieldFromISR
 .text.vPortEnterCritical
                0x08002110       0x24 FreeRTOS_Source\portable\GCC\ARM_CM3\port.o
                0x08002110                vPortEnterCritical
 .text.vPortExitCritical
                0x08002134       0x2c FreeRTOS_Source\portable\GCC\ARM_CM3\port.o
                0x08002134                vPortExitCritical
 .text.PendSV_Handler
                0x08002160       0x3c FreeRTOS_Source\portable\GCC\ARM_CM3\port.o
                0x08002160                PendSV_Handler
 .text.SysTick_Handler
                0x0800219c       0x30 FreeRTOS_Source\portable\GCC\ARM_CM3\port.o
                0x0800219c                SysTick_Handler
 .text.prvSetupTimerInterrupt
                0x080021cc       0x24 FreeRTOS_Source\portable\GCC\ARM_CM3\port.o
 .text.vListInitialise
                0x080021f0       0x40 FreeRTOS_Source\list.o
                0x080021f0                vListInitialise
 .text.vListInitialiseItem
                0x08002230       0x18 FreeRTOS_Source\list.o
                0x08002230                vListInitialiseItem
 .text.vListInsertEnd
                0x08002248       0x50 FreeRTOS_Source\list.o
                0x08002248                vListInsertEnd
 .text.vListInsert
                0x08002298       0x70 FreeRTOS_Source\list.o
                0x08002298                vListInsert
 .text.vListRemove
                0x08002308       0x50 FreeRTOS_Source\list.o
                0x08002308                vListRemove
 .text.__libc_init_array
                0x08002358       0x4c c:/program files (x86)/atollic/truestudio for arm 5.4.0/armtools/bin/../lib/gcc/arm-atollic-eabi/4.8.3/../../../../arm-atollic-eabi/lib/armv7-m\libc.a(lib_a-init.o)
                0x08002358                __libc_init_array
 .text.memcmp   0x080023a4       0x1e c:/program files (x86)/atollic/truestudio for arm 5.4.0/armtools/bin/../lib/gcc/arm-atollic-eabi/4.8.3/../../../../arm-atollic-eabi/lib/armv7-m\libc.a(lib_a-memcmp.o)
                0x080023a4                memcmp
 .text.memcpy   0x080023c2       0x12 c:/program files (x86)/atollic/truestudio for arm 5.4.0/armtools/bin/../lib/gcc/arm-atollic-eabi/4.8.3/../../../../arm-atollic-eabi/lib/armv7-m\libc.a(lib_a-memcpy-stub.o)
                0x080023c2                memcpy
 .text.memset   0x080023d4       0x10 c:/program files (x86)/atollic/truestudio for arm 5.4.0/armtools/bin/../lib/gcc/arm-atollic-eabi/4.8.3/../../../../arm-atollic-eabi/lib/armv7-m\libc.a(lib_a-memset.o)
                0x080023d4                memset
 .text.strncpy  0x080023e4       0x24 c:/program files (x86)/atollic/truestudio for arm 5.4.0/armtools/bin/../lib/gcc/arm-atollic-eabi/4.8.3/../../../../arm-atollic-eabi/lib/armv7-m\libc.a(lib_a-strncpy.o)
                0x080023e4                strncpy
 *(.rodata)
 .rodata        0x08002408       0x34 src\main.o
 .rodata        0x0800243c        0x8 FreeRTOS_Source\timers.o
 .rodata        0x08002444        0x8 FreeRTOS_Source\tasks.o
 *(.rodata*)
 .rodata.ucExpectedStackBytes.5912
                0x0800244c       0x14 FreeRTOS_Source\tasks.o
 *(.glue_7)
 .glue_7        0x00000000        0x0 linker stubs
 *(.glue_7t)
 .glue_7t       0x00000000        0x0 linker stubs
 *(.eh_frame)
 .eh_frame      0x08002460        0x0 c:/program files (x86)/atollic/truestudio for arm 5.4.0/armtools/bin/../lib/gcc/arm-atollic-eabi/4.8.3/armv7-m/crtbegin.o
 *(.init)
 .init          0x08002460        0x4 c:/program files (x86)/atollic/truestudio for arm 5.4.0/armtools/bin/../lib/gcc/arm-atollic-eabi/4.8.3/armv7-m/crti.o
                0x08002460                _init
 .init          0x08002464        0x8 c:/program files (x86)/atollic/truestudio for arm 5.4.0/armtools/bin/../lib/gcc/arm-atollic-eabi/4.8.3/armv7-m/crtn.o
 *(.fini)
 .fini          0x0800246c        0x4 c:/program files (x86)/atollic/truestudio for arm 5.4.0/armtools/bin/../lib/gcc/arm-atollic-eabi/4.8.3/armv7-m/crti.o
                0x0800246c                _fini
 .fini          0x08002470        0x8 c:/program files (x86)/atollic/truestudio for arm 5.4.0/armtools/bin/../lib/gcc/arm-atollic-eabi/4.8.3/armv7-m/crtn.o
                0x08002478                . = ALIGN (0x4)
                0x08002478                _etext = .

.vfp11_veneer   0x08002478        0x0
 .vfp11_veneer  0x00000000        0x0 linker stubs

.v4_bx          0x08002478        0x0
 .v4_bx         0x00000000        0x0 linker stubs

.iplt           0x08002478        0x0
 .iplt          0x00000000        0x0 c:/program files (x86)/atollic/truestudio for arm 5.4.0/armtools/bin/../lib/gcc/arm-atollic-eabi/4.8.3/armv7-m/crtbegin.o

.rel.dyn        0x08002478        0x0
 .rel.iplt      0x00000000        0x0 c:/program files (x86)/atollic/truestudio for arm 5.4.0/armtools/bin/../lib/gcc/arm-atollic-eabi/4.8.3/armv7-m/crtbegin.o

.ARM.extab
 *(.ARM.extab* .gnu.linkonce.armextab.*)

.ARM            0x08002478        0x0
                0x08002478                __exidx_start = .
 *(.ARM.exidx*)
                0x08002478                __exidx_end = .

.preinit_array  0x08002478        0x0
                0x08002478                PROVIDE (__preinit_array_start, .)
 *(.preinit_array*)
                0x08002478                PROVIDE (__preinit_array_end, .)

.init_array     0x08002478        0x4
                0x08002478                PROVIDE (__init_array_start, .)
 *(SORT(.init_array.*))
 *(.init_array*)
 .init_array    0x08002478        0x4 c:/program files (x86)/atollic/truestudio for arm 5.4.0/armtools/bin/../lib/gcc/arm-atollic-eabi/4.8.3/armv7-m/crtbegin.o
                0x0800247c                PROVIDE (__init_array_end, .)

.fini_array     0x0800247c        0x4
                0x0800247c                PROVIDE (__fini_array_start, .)
 *(SORT(.fini_array.*))
 *(.fini_array*)
 .fini_array    0x0800247c        0x4 c:/program files (x86)/atollic/truestudio for arm 5.4.0/armtools/bin/../lib/gcc/arm-atollic-eabi/4.8.3/armv7-m/crtbegin.o
                0x08002480                PROVIDE (__fini_array_end, .)
                0x08002480                _sidata = LOADADDR (.data)

.data           0x20000000        0x8 load address 0x08002480
                0x20000000                . = ALIGN (0x4)
                0x20000000                _sdata = .
 *(.data)
 *(.data*)
 .data.xNextTaskUnblockTime
                0x20000000        0x4 FreeRTOS_Source\tasks.o
 .data.uxCriticalNesting
                0x20000004        0x4 FreeRTOS_Source\portable\GCC\ARM_CM3\port.o
                0x20000008                . = ALIGN (0x4)
                0x20000008                _edata = .

.igot.plt       0x20000008        0x0 load address 0x08002488
 .igot.plt      0x00000000        0x0 c:/program files (x86)/atollic/truestudio for arm 5.4.0/armtools/bin/../lib/gcc/arm-atollic-eabi/4.8.3/armv7-m/crtbegin.o
                0x20000008                . = ALIGN (0x4)

.bss            0x20000008     0x1df4 load address 0x08002488
                0x20000008                _sbss = .
                0x20000008                __bss_start__ = _sbss
 *(.bss)
 .bss           0x20000008       0x1c c:/program files (x86)/atollic/truestudio for arm 5.4.0/armtools/bin/../lib/gcc/arm-atollic-eabi/4.8.3/armv7-m/crtbegin.o
 *(.bss*)
 .bss.xQueue    0x20000024        0x4 src\main.o
 .bss.xEventSemaphore
                0x20000028        0x4 src\main.o
 .bss.ulCountOfTimerCallbackExecutions
                0x2000002c        0x4 src\main.o
 .bss.ulCountOfItemsReceivedOnQueue
                0x20000030        0x4 src\main.o
 .bss.ulCountOfReceivedSemaphores
                0x20000034        0x4 src\main.o
 .bss.ulCount.6640
                0x20000038        0x4 src\main.o
 .bss.xActiveTimerList1
                0x2000003c       0x14 FreeRTOS_Source\timers.o
 .bss.xActiveTimerList2
                0x20000050       0x14 FreeRTOS_Source\timers.o
 .bss.pxCurrentTimerList
                0x20000064        0x4 FreeRTOS_Source\timers.o
 .bss.pxOverflowTimerList
                0x20000068        0x4 FreeRTOS_Source\timers.o
 .bss.xTimerQueue
                0x2000006c        0x4 FreeRTOS_Source\timers.o
 .bss.xLastTime.4426
                0x20000070        0x4 FreeRTOS_Source\timers.o
 .bss.pxCurrentTCB
                0x20000074        0x4 FreeRTOS_Source\tasks.o
                0x20000074                pxCurrentTCB
 .bss.pxReadyTasksLists
                0x20000078       0x64 FreeRTOS_Source\tasks.o
 .bss.xDelayedTaskList1
                0x200000dc       0x14 FreeRTOS_Source\tasks.o
 .bss.xDelayedTaskList2
                0x200000f0       0x14 FreeRTOS_Source\tasks.o
 .bss.pxDelayedTaskList
                0x20000104        0x4 FreeRTOS_Source\tasks.o
 .bss.pxOverflowDelayedTaskList
                0x20000108        0x4 FreeRTOS_Source\tasks.o
 .bss.xPendingReadyList
                0x2000010c       0x14 FreeRTOS_Source\tasks.o
 .bss.xTasksWaitingTermination
                0x20000120       0x14 FreeRTOS_Source\tasks.o
 .bss.uxTasksDeleted
                0x20000134        0x4 FreeRTOS_Source\tasks.o
 .bss.xSuspendedTaskList
                0x20000138       0x14 FreeRTOS_Source\tasks.o
 .bss.uxCurrentNumberOfTasks
                0x2000014c        0x4 FreeRTOS_Source\tasks.o
 .bss.xTickCount
                0x20000150        0x4 FreeRTOS_Source\tasks.o
 .bss.uxTopUsedPriority
                0x20000154        0x4 FreeRTOS_Source\tasks.o
 .bss.uxTopReadyPriority
                0x20000158        0x4 FreeRTOS_Source\tasks.o
 .bss.xSchedulerRunning
                0x2000015c        0x4 FreeRTOS_Source\tasks.o
 .bss.uxSchedulerSuspended
                0x20000160        0x4 FreeRTOS_Source\tasks.o
 .bss.uxMissedTicks
                0x20000164        0x4 FreeRTOS_Source\tasks.o
 .bss.xMissedYield
                0x20000168        0x4 FreeRTOS_Source\tasks.o
 .bss.xNumOfOverflows
                0x2000016c        0x4 FreeRTOS_Source\tasks.o
 .bss.uxTaskNumber
                0x20000170        0x4 FreeRTOS_Source\tasks.o
 *fill*         0x20000174        0x4 
 .bss.xHeap     0x20000178     0x1c00 FreeRTOS_Source\portable\MemMang\heap_1.o
 .bss.xNextFreeByte
                0x20001d78        0x4 FreeRTOS_Source\portable\MemMang\heap_1.o
 *(COMMON)
 COMMON         0x20001d7c       0x80 FreeRTOS_Source\queue.o
                0x20001d7c                xQueueRegistry
                0x20001dfc                . = ALIGN (0x4)
                0x20001dfc                _ebss = .
                0x20001dfc                __bss_end__ = _ebss

._user_heap_stack
                0x20001dfc       0x80 load address 0x08002488
                0x20001dfc                . = ALIGN (0x4)
                0x20001dfc                PROVIDE (end, .)
                0x20001dfc                PROVIDE (_end, .)
                0x20001dfc                . = (. + _Min_Heap_Size)
                0x20001e7c                . = (. + _Min_Stack_Size)
 *fill*         0x20001dfc       0x80 
                0x20001e7c                . = ALIGN (0x4)

.memory_b1_text
 *(.mb1text)
 *(.mb1text*)
 *(.mb1rodata)
 *(.mb1rodata*)

/DISCARD/
 libc.a(*)
 libm.a(*)
 libgcc.a(*)

.ARM.attributes
                0x00000000       0x29
 *(.ARM.attributes)
 .ARM.attributes
                0x00000000       0x1d c:/program files (x86)/atollic/truestudio for arm 5.4.0/armtools/bin/../lib/gcc/arm-atollic-eabi/4.8.3/armv7-m/crti.o
 .ARM.attributes
                0x0000001d       0x2d c:/program files (x86)/atollic/truestudio for arm 5.4.0/armtools/bin/../lib/gcc/arm-atollic-eabi/4.8.3/armv7-m/crtbegin.o
 .ARM.attributes
                0x0000004a       0x33 src\system_stm32l1xx.o
 .ARM.attributes
                0x0000007d       0x33 src\stm32l1xx_it.o
 .ARM.attributes
                0x000000b0       0x21 src\startup_stm32l1xx_md.o
 .ARM.attributes
                0x000000d1       0x33 src\main.o
 .ARM.attributes
                0x00000104       0x33 FreeRTOS_Source\timers.o
 .ARM.attributes
                0x00000137       0x33 FreeRTOS_Source\tasks.o
 .ARM.attributes
                0x0000016a       0x33 FreeRTOS_Source\queue.o
 .ARM.attributes
                0x0000019d       0x33 FreeRTOS_Source\portable\MemMang\heap_1.o
 .ARM.attributes
                0x000001d0       0x33 FreeRTOS_Source\portable\GCC\ARM_CM3\port.o
 .ARM.attributes
                0x00000203       0x33 FreeRTOS_Source\list.o
 .ARM.attributes
                0x00000236       0x2d c:/program files (x86)/atollic/truestudio for arm 5.4.0/armtools/bin/../lib/gcc/arm-atollic-eabi/4.8.3/../../../../arm-atollic-eabi/lib/armv7-m\libc.a(lib_a-init.o)
 .ARM.attributes
                0x00000263       0x2d c:/program files (x86)/atollic/truestudio for arm 5.4.0/armtools/bin/../lib/gcc/arm-atollic-eabi/4.8.3/../../../../arm-atollic-eabi/lib/armv7-m\libc.a(lib_a-memcmp.o)
 .ARM.attributes
                0x00000290       0x2d c:/program files (x86)/atollic/truestudio for arm 5.4.0/armtools/bin/../lib/gcc/arm-atollic-eabi/4.8.3/../../../../arm-atollic-eabi/lib/armv7-m\libc.a(lib_a-memcpy-stub.o)
 .ARM.attributes
                0x000002bd       0x2d c:/program files (x86)/atollic/truestudio for arm 5.4.0/armtools/bin/../lib/gcc/arm-atollic-eabi/4.8.3/../../../../arm-atollic-eabi/lib/armv7-m\libc.a(lib_a-memset.o)
 .ARM.attributes
                0x000002ea       0x2d c:/program files (x86)/atollic/truestudio for arm 5.4.0/armtools/bin/../lib/gcc/arm-atollic-eabi/4.8.3/../../../../arm-atollic-eabi/lib/armv7-m\libc.a(lib_a-strncpy.o)
 .ARM.attributes
                0x00000317       0x1d c:/program files (x86)/atollic/truestudio for arm 5.4.0/armtools/bin/../lib/gcc/arm-atollic-eabi/4.8.3/armv7-m/crtn.o
OUTPUT(STM32L_Discovery_FreeRTOS_Simple_Demo.elf elf32-littlearm)

.debug_info     0x00000000     0x2e53
 .debug_info    0x00000000      0x54a src\system_stm32l1xx.o
 .debug_info    0x0000054a      0x100 src\stm32l1xx_it.o
 .debug_info    0x0000064a       0xbd src\startup_stm32l1xx_md.o
 .debug_info    0x00000707      0x4eb src\main.o
 .debug_info    0x00000bf2      0x6e4 FreeRTOS_Source\timers.o
 .debug_info    0x000012d6      0xd71 FreeRTOS_Source\tasks.o
 .debug_info    0x00002047      0x85a FreeRTOS_Source\queue.o
 .debug_info    0x000028a1      0x17a FreeRTOS_Source\portable\MemMang\heap_1.o
 .debug_info    0x00002a1b      0x1b5 FreeRTOS_Source\portable\GCC\ARM_CM3\port.o
 .debug_info    0x00002bd0      0x283 FreeRTOS_Source\list.o

.debug_abbrev   0x00000000      0xb2c
 .debug_abbrev  0x00000000      0x147 src\system_stm32l1xx.o
 .debug_abbrev  0x00000147       0x67 src\stm32l1xx_it.o
 .debug_abbrev  0x000001ae       0x12 src\startup_stm32l1xx_md.o
 .debug_abbrev  0x000001c0      0x18b src\main.o
 .debug_abbrev  0x0000034b      0x175 FreeRTOS_Source\timers.o
 .debug_abbrev  0x000004c0      0x1e0 FreeRTOS_Source\tasks.o
 .debug_abbrev  0x000006a0      0x17e FreeRTOS_Source\queue.o
 .debug_abbrev  0x0000081e      0x122 FreeRTOS_Source\portable\MemMang\heap_1.o
 .debug_abbrev  0x00000940      0x130 FreeRTOS_Source\portable\GCC\ARM_CM3\port.o
 .debug_abbrev  0x00000a70       0xbc FreeRTOS_Source\list.o

.debug_aranges  0x00000000      0x470
 .debug_aranges
                0x00000000       0x30 src\system_stm32l1xx.o
 .debug_aranges
                0x00000030       0x48 src\stm32l1xx_it.o
 .debug_aranges
                0x00000078       0x28 src\startup_stm32l1xx_md.o
 .debug_aranges
                0x000000a0       0x70 src\main.o
 .debug_aranges
                0x00000110       0x88 FreeRTOS_Source\timers.o
 .debug_aranges
                0x00000198      0x138 FreeRTOS_Source\tasks.o
 .debug_aranges
                0x000002d0       0xb8 FreeRTOS_Source\queue.o
 .debug_aranges
                0x00000388       0x38 FreeRTOS_Source\portable\MemMang\heap_1.o
 .debug_aranges
                0x000003c0       0x70 FreeRTOS_Source\portable\GCC\ARM_CM3\port.o
 .debug_aranges
                0x00000430       0x40 FreeRTOS_Source\list.o

.debug_ranges   0x00000000      0x3d8
 .debug_ranges  0x00000000       0x20 src\system_stm32l1xx.o
 .debug_ranges  0x00000020       0x38 src\stm32l1xx_it.o
 .debug_ranges  0x00000058       0x20 src\startup_stm32l1xx_md.o
 .debug_ranges  0x00000078       0x60 src\main.o
 .debug_ranges  0x000000d8       0x78 FreeRTOS_Source\timers.o
 .debug_ranges  0x00000150      0x128 FreeRTOS_Source\tasks.o
 .debug_ranges  0x00000278       0xa8 FreeRTOS_Source\queue.o
 .debug_ranges  0x00000320       0x28 FreeRTOS_Source\portable\MemMang\heap_1.o
 .debug_ranges  0x00000348       0x60 FreeRTOS_Source\portable\GCC\ARM_CM3\port.o
 .debug_ranges  0x000003a8       0x30 FreeRTOS_Source\list.o

.debug_line     0x00000000     0x1958
 .debug_line    0x00000000      0x20d src\system_stm32l1xx.o
 .debug_line    0x0000020d      0x1af src\stm32l1xx_it.o
 .debug_line    0x000003bc       0x7a src\startup_stm32l1xx_md.o
 .debug_line    0x00000436      0x357 src\main.o
 .debug_line    0x0000078d      0x27f FreeRTOS_Source\timers.o
 .debug_line    0x00000a0c      0x714 FreeRTOS_Source\tasks.o
 .debug_line    0x00001120      0x4a1 FreeRTOS_Source\queue.o
 .debug_line    0x000015c1      0x11c FreeRTOS_Source\portable\MemMang\heap_1.o
 .debug_line    0x000016dd      0x161 FreeRTOS_Source\portable\GCC\ARM_CM3\port.o
 .debug_line    0x0000183e      0x11a FreeRTOS_Source\list.o

.debug_str      0x00000000     0x16ea
 .debug_str     0x00000000      0x36d src\system_stm32l1xx.o
                                0x3c3 (size before relaxing)
 .debug_str     0x0000036d       0x7b src\stm32l1xx_it.o
                                0x239 (size before relaxing)
 .debug_str     0x000003e8      0x24b src\main.o
                                0x4b4 (size before relaxing)
 .debug_str     0x00000633      0x3eb FreeRTOS_Source\timers.o
                                0x5bc (size before relaxing)
 .debug_str     0x00000a1e      0x6f9 FreeRTOS_Source\tasks.o
                                0x9a4 (size before relaxing)
 .debug_str     0x00001117      0x342 FreeRTOS_Source\queue.o
                                0x637 (size before relaxing)
 .debug_str     0x00001459       0xb8 FreeRTOS_Source\portable\MemMang\heap_1.o
                                0x280 (size before relaxing)
 .debug_str     0x00001511      0x12c FreeRTOS_Source\portable\GCC\ARM_CM3\port.o
                                0x2c1 (size before relaxing)
 .debug_str     0x0000163d       0xad FreeRTOS_Source\list.o
                                0x2ef (size before relaxing)

.comment        0x00000000       0x82
 .comment       0x00000000       0x82 src\system_stm32l1xx.o
                                 0x83 (size before relaxing)
 .comment       0x00000000       0x83 src\stm32l1xx_it.o
 .comment       0x00000000       0x83 src\main.o
 .comment       0x00000000       0x83 FreeRTOS_Source\timers.o
 .comment       0x00000000       0x83 FreeRTOS_Source\tasks.o
 .comment       0x00000000       0x83 FreeRTOS_Source\queue.o
 .comment       0x00000000       0x83 FreeRTOS_Source\portable\MemMang\heap_1.o
 .comment       0x00000000       0x83 FreeRTOS_Source\portable\GCC\ARM_CM3\port.o
 .comment       0x00000000       0x83 FreeRTOS_Source\list.o

.debug_frame    0x00000000      0xdec
 .debug_frame   0x00000000       0x64 src\system_stm32l1xx.o
 .debug_frame   0x00000064       0xa0 src\stm32l1xx_it.o
 .debug_frame   0x00000104      0x158 src\main.o
 .debug_frame   0x0000025c      0x1c4 FreeRTOS_Source\timers.o
 .debug_frame   0x00000420      0x460 FreeRTOS_Source\tasks.o
 .debug_frame   0x00000880      0x27c FreeRTOS_Source\queue.o
 .debug_frame   0x00000afc       0x7c FreeRTOS_Source\portable\MemMang\heap_1.o
 .debug_frame   0x00000b78      0x110 FreeRTOS_Source\portable\GCC\ARM_CM3\port.o
 .debug_frame   0x00000c88       0x9c FreeRTOS_Source\list.o
 .debug_frame   0x00000d24       0x2c c:/program files (x86)/atollic/truestudio for arm 5.4.0/armtools/bin/../lib/gcc/arm-atollic-eabi/4.8.3/../../../../arm-atollic-eabi/lib/armv7-m\libc.a(lib_a-init.o)
 .debug_frame   0x00000d50       0x2c c:/program files (x86)/atollic/truestudio for arm 5.4.0/armtools/bin/../lib/gcc/arm-atollic-eabi/4.8.3/../../../../arm-atollic-eabi/lib/armv7-m\libc.a(lib_a-memcmp.o)
 .debug_frame   0x00000d7c       0x28 c:/program files (x86)/atollic/truestudio for arm 5.4.0/armtools/bin/../lib/gcc/arm-atollic-eabi/4.8.3/../../../../arm-atollic-eabi/lib/armv7-m\libc.a(lib_a-memcpy-stub.o)
 .debug_frame   0x00000da4       0x20 c:/program files (x86)/atollic/truestudio for arm 5.4.0/armtools/bin/../lib/gcc/arm-atollic-eabi/4.8.3/../../../../arm-atollic-eabi/lib/armv7-m\libc.a(lib_a-memset.o)
 .debug_frame   0x00000dc4       0x28 c:/program files (x86)/atollic/truestudio for arm 5.4.0/armtools/bin/../lib/gcc/arm-atollic-eabi/4.8.3/../../../../arm-atollic-eabi/lib/armv7-m\libc.a(lib_a-strncpy.o)

Cross Reference Table

Symbol                                            File
ADC1_IRQHandler                                   src\startup_stm32l1xx_md.o
ADC_AnalogWatchdogCmd                             Libraries\STM32L1xx_StdPeriph_Driver\src\stm32l1xx_adc.o
ADC_AnalogWatchdogSingleChannelConfig             Libraries\STM32L1xx_StdPeriph_Driver\src\stm32l1xx_adc.o
ADC_AnalogWatchdogThresholdsConfig                Libraries\STM32L1xx_StdPeriph_Driver\src\stm32l1xx_adc.o
ADC_AutoInjectedConvCmd                           Libraries\STM32L1xx_StdPeriph_Driver\src\stm32l1xx_adc.o
ADC_BankSelection                                 Libraries\STM32L1xx_StdPeriph_Driver\src\stm32l1xx_adc.o
ADC_ClearFlag                                     Libraries\STM32L1xx_StdPeriph_Driver\src\stm32l1xx_adc.o
ADC_ClearITPendingBit                             Libraries\STM32L1xx_StdPeriph_Driver\src\stm32l1xx_adc.o
ADC_Cmd                                           Libraries\STM32L1xx_StdPeriph_Driver\src\stm32l1xx_adc.o
ADC_CommonInit                                    Libraries\STM32L1xx_StdPeriph_Driver\src\stm32l1xx_adc.o
ADC_CommonStructInit                              Libraries\STM32L1xx_StdPeriph_Driver\src\stm32l1xx_adc.o
ADC_ContinuousModeCmd                             Libraries\STM32L1xx_StdPeriph_Driver\src\stm32l1xx_adc.o
ADC_DMACmd                                        Libraries\STM32L1xx_StdPeriph_Driver\src\stm32l1xx_adc.o
ADC_DMARequestAfterLastTransferCmd                Libraries\STM32L1xx_StdPeriph_Driver\src\stm32l1xx_adc.o
ADC_DeInit                                        Libraries\STM32L1xx_StdPeriph_Driver\src\stm32l1xx_adc.o
ADC_DelaySelectionConfig                          Libraries\STM32L1xx_StdPeriph_Driver\src\stm32l1xx_adc.o
ADC_DiscModeChannelCountConfig                    Libraries\STM32L1xx_StdPeriph_Driver\src\stm32l1xx_adc.o
ADC_DiscModeCmd                                   Libraries\STM32L1xx_StdPeriph_Driver\src\stm32l1xx_adc.o
ADC_EOCOnEachRegularChannelCmd                    Libraries\STM32L1xx_StdPeriph_Driver\src\stm32l1xx_adc.o
ADC_ExternalTrigInjectedConvConfig                Libraries\STM32L1xx_StdPeriph_Driver\src\stm32l1xx_adc.o
ADC_ExternalTrigInjectedConvEdgeConfig            Libraries\STM32L1xx_StdPeriph_Driver\src\stm32l1xx_adc.o
ADC_GetConversionValue                            Libraries\STM32L1xx_StdPeriph_Driver\src\stm32l1xx_adc.o
ADC_GetFlagStatus                                 Libraries\STM32L1xx_StdPeriph_Driver\src\stm32l1xx_adc.o
ADC_GetITStatus                                   Libraries\STM32L1xx_StdPeriph_Driver\src\stm32l1xx_adc.o
ADC_GetInjectedConversionValue                    Libraries\STM32L1xx_StdPeriph_Driver\src\stm32l1xx_adc.o
ADC_GetSoftwareStartConvStatus                    Libraries\STM32L1xx_StdPeriph_Driver\src\stm32l1xx_adc.o
ADC_GetSoftwareStartInjectedConvCmdStatus         Libraries\STM32L1xx_StdPeriph_Driver\src\stm32l1xx_adc.o
ADC_ITConfig                                      Libraries\STM32L1xx_StdPeriph_Driver\src\stm32l1xx_adc.o
ADC_Init                                          Libraries\STM32L1xx_StdPeriph_Driver\src\stm32l1xx_adc.o
ADC_InjectedChannelConfig                         Libraries\STM32L1xx_StdPeriph_Driver\src\stm32l1xx_adc.o
ADC_InjectedDiscModeCmd                           Libraries\STM32L1xx_StdPeriph_Driver\src\stm32l1xx_adc.o
ADC_InjectedSequencerLengthConfig                 Libraries\STM32L1xx_StdPeriph_Driver\src\stm32l1xx_adc.o
ADC_PowerDownCmd                                  Libraries\STM32L1xx_StdPeriph_Driver\src\stm32l1xx_adc.o
ADC_RegularChannelConfig                          Libraries\STM32L1xx_StdPeriph_Driver\src\stm32l1xx_adc.o
ADC_SetInjectedOffset                             Libraries\STM32L1xx_StdPeriph_Driver\src\stm32l1xx_adc.o
ADC_SoftwareStartConv                             Libraries\STM32L1xx_StdPeriph_Driver\src\stm32l1xx_adc.o
ADC_SoftwareStartInjectedConv                     Libraries\STM32L1xx_StdPeriph_Driver\src\stm32l1xx_adc.o
ADC_StructInit                                    Libraries\STM32L1xx_StdPeriph_Driver\src\stm32l1xx_adc.o
ADC_TempSensorVrefintCmd                          Libraries\STM32L1xx_StdPeriph_Driver\src\stm32l1xx_adc.o
AES_CBC_Decrypt                                   Libraries\STM32L1xx_StdPeriph_Driver\src\stm32l1xx_aes_util.o
AES_CBC_Encrypt                                   Libraries\STM32L1xx_StdPeriph_Driver\src\stm32l1xx_aes_util.o
AES_CTR_Decrypt                                   Libraries\STM32L1xx_StdPeriph_Driver\src\stm32l1xx_aes_util.o
AES_CTR_Encrypt                                   Libraries\STM32L1xx_StdPeriph_Driver\src\stm32l1xx_aes_util.o
AES_ClearFlag                                     Libraries\STM32L1xx_StdPeriph_Driver\src\stm32l1xx_aes.o
                                                  Libraries\STM32L1xx_StdPeriph_Driver\src\stm32l1xx_aes_util.o
AES_ClearITPendingBit                             Libraries\STM32L1xx_StdPeriph_Driver\src\stm32l1xx_aes.o
AES_Cmd                                           Libraries\STM32L1xx_StdPeriph_Driver\src\stm32l1xx_aes.o
                                                  Libraries\STM32L1xx_StdPeriph_Driver\src\stm32l1xx_aes_util.o
AES_DMAConfig                                     Libraries\STM32L1xx_StdPeriph_Driver\src\stm32l1xx_aes.o
AES_DeInit                                        Libraries\STM32L1xx_StdPeriph_Driver\src\stm32l1xx_aes.o
AES_ECB_Decrypt                                   Libraries\STM32L1xx_StdPeriph_Driver\src\stm32l1xx_aes_util.o
AES_ECB_Encrypt                                   Libraries\STM32L1xx_StdPeriph_Driver\src\stm32l1xx_aes_util.o
AES_GetFlagStatus                                 Libraries\STM32L1xx_StdPeriph_Driver\src\stm32l1xx_aes.o
                                                  Libraries\STM32L1xx_StdPeriph_Driver\src\stm32l1xx_aes_util.o
AES_GetITStatus                                   Libraries\STM32L1xx_StdPeriph_Driver\src\stm32l1xx_aes.o
AES_ITConfig                                      Libraries\STM32L1xx_StdPeriph_Driver\src\stm32l1xx_aes.o
AES_IVInit                                        Libraries\STM32L1xx_StdPeriph_Driver\src\stm32l1xx_aes.o
                                                  Libraries\STM32L1xx_StdPeriph_Driver\src\stm32l1xx_aes_util.o
AES_IVStructInit                                  Libraries\STM32L1xx_StdPeriph_Driver\src\stm32l1xx_aes.o
AES_Init                                          Libraries\STM32L1xx_StdPeriph_Driver\src\stm32l1xx_aes.o
                                                  Libraries\STM32L1xx_StdPeriph_Driver\src\stm32l1xx_aes_util.o
AES_KeyInit                                       Libraries\STM32L1xx_StdPeriph_Driver\src\stm32l1xx_aes.o
                                                  Libraries\STM32L1xx_StdPeriph_Driver\src\stm32l1xx_aes_util.o
AES_KeyStructInit                                 Libraries\STM32L1xx_StdPeriph_Driver\src\stm32l1xx_aes.o
AES_ReadIV                                        Libraries\STM32L1xx_StdPeriph_Driver\src\stm32l1xx_aes.o
AES_ReadKey                                       Libraries\STM32L1xx_StdPeriph_Driver\src\stm32l1xx_aes.o
AES_ReadSubData                                   Libraries\STM32L1xx_StdPeriph_Driver\src\stm32l1xx_aes.o
                                                  Libraries\STM32L1xx_StdPeriph_Driver\src\stm32l1xx_aes_util.o
AES_StructInit                                    Libraries\STM32L1xx_StdPeriph_Driver\src\stm32l1xx_aes.o
AES_WriteSubData                                  Libraries\STM32L1xx_StdPeriph_Driver\src\stm32l1xx_aes.o
                                                  Libraries\STM32L1xx_StdPeriph_Driver\src\stm32l1xx_aes_util.o
AHBPrescTable                                     src\system_stm32l1xx.o
BusFault_Handler                                  src\stm32l1xx_it.o
COMP_Cmd                                          Libraries\STM32L1xx_StdPeriph_Driver\src\stm32l1xx_comp.o
COMP_DeInit                                       Libraries\STM32L1xx_StdPeriph_Driver\src\stm32l1xx_comp.o
COMP_GetOutputLevel                               Libraries\STM32L1xx_StdPeriph_Driver\src\stm32l1xx_comp.o
COMP_IRQHandler                                   src\startup_stm32l1xx_md.o
COMP_Init                                         Libraries\STM32L1xx_StdPeriph_Driver\src\stm32l1xx_comp.o
COMP_SW1SwitchConfig                              Libraries\STM32L1xx_StdPeriph_Driver\src\stm32l1xx_comp.o
COMP_VrefintOutputCmd                             Libraries\STM32L1xx_StdPeriph_Driver\src\stm32l1xx_comp.o
COMP_WindowCmd                                    Libraries\STM32L1xx_StdPeriph_Driver\src\stm32l1xx_comp.o
CRC_CalcBlockCRC                                  Libraries\STM32L1xx_StdPeriph_Driver\src\stm32l1xx_crc.o
CRC_CalcCRC                                       Libraries\STM32L1xx_StdPeriph_Driver\src\stm32l1xx_crc.o
CRC_GetCRC                                        Libraries\STM32L1xx_StdPeriph_Driver\src\stm32l1xx_crc.o
CRC_GetIDRegister                                 Libraries\STM32L1xx_StdPeriph_Driver\src\stm32l1xx_crc.o
CRC_ResetDR                                       Libraries\STM32L1xx_StdPeriph_Driver\src\stm32l1xx_crc.o
CRC_SetIDRegister                                 Libraries\STM32L1xx_StdPeriph_Driver\src\stm32l1xx_crc.o
CapLetterMap                                      Utilities\STM32_EVAL\stm32l_discovery_lcd.o
DAC_ClearFlag                                     Libraries\STM32L1xx_StdPeriph_Driver\src\stm32l1xx_dac.o
DAC_ClearITPendingBit                             Libraries\STM32L1xx_StdPeriph_Driver\src\stm32l1xx_dac.o
DAC_Cmd                                           Libraries\STM32L1xx_StdPeriph_Driver\src\stm32l1xx_dac.o
DAC_DMACmd                                        Libraries\STM32L1xx_StdPeriph_Driver\src\stm32l1xx_dac.o
DAC_DeInit                                        Libraries\STM32L1xx_StdPeriph_Driver\src\stm32l1xx_dac.o
DAC_DualSoftwareTriggerCmd                        Libraries\STM32L1xx_StdPeriph_Driver\src\stm32l1xx_dac.o
DAC_GetDataOutputValue                            Libraries\STM32L1xx_StdPeriph_Driver\src\stm32l1xx_dac.o
DAC_GetFlagStatus                                 Libraries\STM32L1xx_StdPeriph_Driver\src\stm32l1xx_dac.o
DAC_GetITStatus                                   Libraries\STM32L1xx_StdPeriph_Driver\src\stm32l1xx_dac.o
DAC_IRQHandler                                    src\startup_stm32l1xx_md.o
DAC_ITConfig                                      Libraries\STM32L1xx_StdPeriph_Driver\src\stm32l1xx_dac.o
DAC_Init                                          Libraries\STM32L1xx_StdPeriph_Driver\src\stm32l1xx_dac.o
DAC_SetChannel1Data                               Libraries\STM32L1xx_StdPeriph_Driver\src\stm32l1xx_dac.o
DAC_SetChannel2Data                               Libraries\STM32L1xx_StdPeriph_Driver\src\stm32l1xx_dac.o
DAC_SetDualChannelData                            Libraries\STM32L1xx_StdPeriph_Driver\src\stm32l1xx_dac.o
DAC_SoftwareTriggerCmd                            Libraries\STM32L1xx_StdPeriph_Driver\src\stm32l1xx_dac.o
DAC_StructInit                                    Libraries\STM32L1xx_StdPeriph_Driver\src\stm32l1xx_dac.o
DAC_WaveGenerationCmd                             Libraries\STM32L1xx_StdPeriph_Driver\src\stm32l1xx_dac.o
DATA_EEPROM_EraseByte                             Libraries\STM32L1xx_StdPeriph_Driver\src\stm32l1xx_flash.o
DATA_EEPROM_EraseDoubleWord                       Libraries\STM32L1xx_StdPeriph_Driver\src\stm32l1xx_flash_ramfunc.o
DATA_EEPROM_EraseHalfWord                         Libraries\STM32L1xx_StdPeriph_Driver\src\stm32l1xx_flash.o
DATA_EEPROM_EraseWord                             Libraries\STM32L1xx_StdPeriph_Driver\src\stm32l1xx_flash.o
DATA_EEPROM_FastProgramByte                       Libraries\STM32L1xx_StdPeriph_Driver\src\stm32l1xx_flash.o
DATA_EEPROM_FastProgramHalfWord                   Libraries\STM32L1xx_StdPeriph_Driver\src\stm32l1xx_flash.o
DATA_EEPROM_FastProgramWord                       Libraries\STM32L1xx_StdPeriph_Driver\src\stm32l1xx_flash.o
DATA_EEPROM_FixedTimeProgramCmd                   Libraries\STM32L1xx_StdPeriph_Driver\src\stm32l1xx_flash.o
DATA_EEPROM_Lock                                  Libraries\STM32L1xx_StdPeriph_Driver\src\stm32l1xx_flash.o
DATA_EEPROM_ProgramByte                           Libraries\STM32L1xx_StdPeriph_Driver\src\stm32l1xx_flash.o
DATA_EEPROM_ProgramDoubleWord                     Libraries\STM32L1xx_StdPeriph_Driver\src\stm32l1xx_flash_ramfunc.o
DATA_EEPROM_ProgramHalfWord                       Libraries\STM32L1xx_StdPeriph_Driver\src\stm32l1xx_flash.o
DATA_EEPROM_ProgramWord                           Libraries\STM32L1xx_StdPeriph_Driver\src\stm32l1xx_flash.o
DATA_EEPROM_Unlock                                Libraries\STM32L1xx_StdPeriph_Driver\src\stm32l1xx_flash.o
DBGMCU_APB1PeriphConfig                           Libraries\STM32L1xx_StdPeriph_Driver\src\stm32l1xx_dbgmcu.o
DBGMCU_APB2PeriphConfig                           Libraries\STM32L1xx_StdPeriph_Driver\src\stm32l1xx_dbgmcu.o
DBGMCU_Config                                     Libraries\STM32L1xx_StdPeriph_Driver\src\stm32l1xx_dbgmcu.o
DBGMCU_GetDEVID                                   Libraries\STM32L1xx_StdPeriph_Driver\src\stm32l1xx_dbgmcu.o
DBGMCU_GetREVID                                   Libraries\STM32L1xx_StdPeriph_Driver\src\stm32l1xx_dbgmcu.o
DMA1_Channel1_IRQHandler                          src\startup_stm32l1xx_md.o
DMA1_Channel2_IRQHandler                          src\startup_stm32l1xx_md.o
DMA1_Channel3_IRQHandler                          src\startup_stm32l1xx_md.o
DMA1_Channel4_IRQHandler                          src\startup_stm32l1xx_md.o
DMA1_Channel5_IRQHandler                          src\startup_stm32l1xx_md.o
DMA1_Channel6_IRQHandler                          src\startup_stm32l1xx_md.o
DMA1_Channel7_IRQHandler                          src\startup_stm32l1xx_md.o
DMA_ClearFlag                                     Libraries\STM32L1xx_StdPeriph_Driver\src\stm32l1xx_dma.o
DMA_ClearITPendingBit                             Libraries\STM32L1xx_StdPeriph_Driver\src\stm32l1xx_dma.o
DMA_Cmd                                           Libraries\STM32L1xx_StdPeriph_Driver\src\stm32l1xx_dma.o
DMA_DeInit                                        Libraries\STM32L1xx_StdPeriph_Driver\src\stm32l1xx_dma.o
DMA_GetCurrDataCounter                            Libraries\STM32L1xx_StdPeriph_Driver\src\stm32l1xx_dma.o
DMA_GetFlagStatus                                 Libraries\STM32L1xx_StdPeriph_Driver\src\stm32l1xx_dma.o
DMA_GetITStatus                                   Libraries\STM32L1xx_StdPeriph_Driver\src\stm32l1xx_dma.o
DMA_ITConfig                                      Libraries\STM32L1xx_StdPeriph_Driver\src\stm32l1xx_dma.o
DMA_Init                                          Libraries\STM32L1xx_StdPeriph_Driver\src\stm32l1xx_dma.o
DMA_SetCurrDataCounter                            Libraries\STM32L1xx_StdPeriph_Driver\src\stm32l1xx_dma.o
DMA_StructInit                                    Libraries\STM32L1xx_StdPeriph_Driver\src\stm32l1xx_dma.o
DebugMon_Handler                                  src\stm32l1xx_it.o
Default_Handler                                   src\startup_stm32l1xx_md.o
Delay                                             Utilities\STM32_EVAL\stm32l_discovery_lcd.o
EXTI0_IRQHandler                                  src\startup_stm32l1xx_md.o
EXTI15_10_IRQHandler                              src\startup_stm32l1xx_md.o
EXTI1_IRQHandler                                  src\startup_stm32l1xx_md.o
EXTI2_IRQHandler                                  src\startup_stm32l1xx_md.o
EXTI3_IRQHandler                                  src\startup_stm32l1xx_md.o
EXTI4_IRQHandler                                  src\startup_stm32l1xx_md.o
EXTI9_5_IRQHandler                                src\startup_stm32l1xx_md.o
EXTI_ClearFlag                                    Libraries\STM32L1xx_StdPeriph_Driver\src\stm32l1xx_exti.o
EXTI_ClearITPendingBit                            Libraries\STM32L1xx_StdPeriph_Driver\src\stm32l1xx_exti.o
EXTI_DeInit                                       Libraries\STM32L1xx_StdPeriph_Driver\src\stm32l1xx_exti.o
EXTI_GenerateSWInterrupt                          Libraries\STM32L1xx_StdPeriph_Driver\src\stm32l1xx_exti.o
EXTI_GetFlagStatus                                Libraries\STM32L1xx_StdPeriph_Driver\src\stm32l1xx_exti.o
EXTI_GetITStatus                                  Libraries\STM32L1xx_StdPeriph_Driver\src\stm32l1xx_exti.o
EXTI_Init                                         Libraries\STM32L1xx_StdPeriph_Driver\src\stm32l1xx_exti.o
EXTI_StructInit                                   Libraries\STM32L1xx_StdPeriph_Driver\src\stm32l1xx_exti.o
FLASH_ClearFlag                                   Libraries\STM32L1xx_StdPeriph_Driver\src\stm32l1xx_flash.o
FLASH_ErasePage                                   Libraries\STM32L1xx_StdPeriph_Driver\src\stm32l1xx_flash.o
FLASH_EraseParallelPage                           Libraries\STM32L1xx_StdPeriph_Driver\src\stm32l1xx_flash_ramfunc.o
FLASH_FastProgramWord                             Libraries\STM32L1xx_StdPeriph_Driver\src\stm32l1xx_flash.o
FLASH_GetFlagStatus                               Libraries\STM32L1xx_StdPeriph_Driver\src\stm32l1xx_flash.o
FLASH_GetStatus                                   Libraries\STM32L1xx_StdPeriph_Driver\src\stm32l1xx_flash.o
FLASH_IRQHandler                                  src\startup_stm32l1xx_md.o
FLASH_ITConfig                                    Libraries\STM32L1xx_StdPeriph_Driver\src\stm32l1xx_flash.o
FLASH_Lock                                        Libraries\STM32L1xx_StdPeriph_Driver\src\stm32l1xx_flash.o
FLASH_OB_BORConfig                                Libraries\STM32L1xx_StdPeriph_Driver\src\stm32l1xx_flash.o
FLASH_OB_BootConfig                               Libraries\STM32L1xx_StdPeriph_Driver\src\stm32l1xx_flash.o
FLASH_OB_GetBOR                                   Libraries\STM32L1xx_StdPeriph_Driver\src\stm32l1xx_flash.o
FLASH_OB_GetRDP                                   Libraries\STM32L1xx_StdPeriph_Driver\src\stm32l1xx_flash.o
FLASH_OB_GetUser                                  Libraries\STM32L1xx_StdPeriph_Driver\src\stm32l1xx_flash.o
FLASH_OB_GetWRP                                   Libraries\STM32L1xx_StdPeriph_Driver\src\stm32l1xx_flash.o
FLASH_OB_GetWRP1                                  Libraries\STM32L1xx_StdPeriph_Driver\src\stm32l1xx_flash.o
FLASH_OB_GetWRP2                                  Libraries\STM32L1xx_StdPeriph_Driver\src\stm32l1xx_flash.o
FLASH_OB_Launch                                   Libraries\STM32L1xx_StdPeriph_Driver\src\stm32l1xx_flash.o
FLASH_OB_Lock                                     Libraries\STM32L1xx_StdPeriph_Driver\src\stm32l1xx_flash.o
FLASH_OB_RDPConfig                                Libraries\STM32L1xx_StdPeriph_Driver\src\stm32l1xx_flash.o
FLASH_OB_Unlock                                   Libraries\STM32L1xx_StdPeriph_Driver\src\stm32l1xx_flash.o
FLASH_OB_UserConfig                               Libraries\STM32L1xx_StdPeriph_Driver\src\stm32l1xx_flash.o
FLASH_OB_WRP1Config                               Libraries\STM32L1xx_StdPeriph_Driver\src\stm32l1xx_flash.o
FLASH_OB_WRP2Config                               Libraries\STM32L1xx_StdPeriph_Driver\src\stm32l1xx_flash.o
FLASH_OB_WRPConfig                                Libraries\STM32L1xx_StdPeriph_Driver\src\stm32l1xx_flash.o
FLASH_PrefetchBufferCmd                           Libraries\STM32L1xx_StdPeriph_Driver\src\stm32l1xx_flash.o
FLASH_ProgramHalfPage                             Libraries\STM32L1xx_StdPeriph_Driver\src\stm32l1xx_flash_ramfunc.o
FLASH_ProgramParallelHalfPage                     Libraries\STM32L1xx_StdPeriph_Driver\src\stm32l1xx_flash_ramfunc.o
FLASH_RUNPowerDownCmd                             Libraries\STM32L1xx_StdPeriph_Driver\src\stm32l1xx_flash_ramfunc.o
FLASH_ReadAccess64Cmd                             Libraries\STM32L1xx_StdPeriph_Driver\src\stm32l1xx_flash.o
FLASH_SLEEPPowerDownCmd                           Libraries\STM32L1xx_StdPeriph_Driver\src\stm32l1xx_flash.o
FLASH_SetLatency                                  Libraries\STM32L1xx_StdPeriph_Driver\src\stm32l1xx_flash.o
FLASH_Unlock                                      Libraries\STM32L1xx_StdPeriph_Driver\src\stm32l1xx_flash.o
FLASH_WaitForLastOperation                        Libraries\STM32L1xx_StdPeriph_Driver\src\stm32l1xx_flash.o
FSMC_NORSRAMCmd                                   Libraries\STM32L1xx_StdPeriph_Driver\src\stm32l1xx_fsmc.o
FSMC_NORSRAMDeInit                                Libraries\STM32L1xx_StdPeriph_Driver\src\stm32l1xx_fsmc.o
FSMC_NORSRAMInit                                  Libraries\STM32L1xx_StdPeriph_Driver\src\stm32l1xx_fsmc.o
FSMC_NORSRAMStructInit                            Libraries\STM32L1xx_StdPeriph_Driver\src\stm32l1xx_fsmc.o
GPIO_DeInit                                       Libraries\STM32L1xx_StdPeriph_Driver\src\stm32l1xx_gpio.o
GPIO_Init                                         Libraries\STM32L1xx_StdPeriph_Driver\src\stm32l1xx_gpio.o
GPIO_PinAFConfig                                  Libraries\STM32L1xx_StdPeriph_Driver\src\stm32l1xx_gpio.o
GPIO_PinLockConfig                                Libraries\STM32L1xx_StdPeriph_Driver\src\stm32l1xx_gpio.o
GPIO_ReadInputData                                Libraries\STM32L1xx_StdPeriph_Driver\src\stm32l1xx_gpio.o
GPIO_ReadInputDataBit                             Libraries\STM32L1xx_StdPeriph_Driver\src\stm32l1xx_gpio.o
GPIO_ReadOutputData                               Libraries\STM32L1xx_StdPeriph_Driver\src\stm32l1xx_gpio.o
GPIO_ReadOutputDataBit                            Libraries\STM32L1xx_StdPeriph_Driver\src\stm32l1xx_gpio.o
GPIO_ResetBits                                    Libraries\STM32L1xx_StdPeriph_Driver\src\stm32l1xx_gpio.o
GPIO_SetBits                                      Libraries\STM32L1xx_StdPeriph_Driver\src\stm32l1xx_gpio.o
GPIO_StructInit                                   Libraries\STM32L1xx_StdPeriph_Driver\src\stm32l1xx_gpio.o
GPIO_ToggleBits                                   Libraries\STM32L1xx_StdPeriph_Driver\src\stm32l1xx_gpio.o
GPIO_Write                                        Libraries\STM32L1xx_StdPeriph_Driver\src\stm32l1xx_gpio.o
GPIO_WriteBit                                     Libraries\STM32L1xx_StdPeriph_Driver\src\stm32l1xx_gpio.o
HardFault_Handler                                 src\stm32l1xx_it.o
I2C1_ER_IRQHandler                                src\startup_stm32l1xx_md.o
I2C1_EV_IRQHandler                                src\startup_stm32l1xx_md.o
I2C2_ER_IRQHandler                                src\startup_stm32l1xx_md.o
I2C2_EV_IRQHandler                                src\startup_stm32l1xx_md.o
I2C_ARPCmd                                        Libraries\STM32L1xx_StdPeriph_Driver\src\stm32l1xx_i2c.o
I2C_AcknowledgeConfig                             Libraries\STM32L1xx_StdPeriph_Driver\src\stm32l1xx_i2c.o
I2C_CalculatePEC                                  Libraries\STM32L1xx_StdPeriph_Driver\src\stm32l1xx_i2c.o
I2C_CheckEvent                                    Libraries\STM32L1xx_StdPeriph_Driver\src\stm32l1xx_i2c.o
I2C_ClearFlag                                     Libraries\STM32L1xx_StdPeriph_Driver\src\stm32l1xx_i2c.o
I2C_ClearITPendingBit                             Libraries\STM32L1xx_StdPeriph_Driver\src\stm32l1xx_i2c.o
I2C_Cmd                                           Libraries\STM32L1xx_StdPeriph_Driver\src\stm32l1xx_i2c.o
I2C_DMACmd                                        Libraries\STM32L1xx_StdPeriph_Driver\src\stm32l1xx_i2c.o
I2C_DMALastTransferCmd                            Libraries\STM32L1xx_StdPeriph_Driver\src\stm32l1xx_i2c.o
I2C_DeInit                                        Libraries\STM32L1xx_StdPeriph_Driver\src\stm32l1xx_i2c.o
I2C_DualAddressCmd                                Libraries\STM32L1xx_StdPeriph_Driver\src\stm32l1xx_i2c.o
I2C_FastModeDutyCycleConfig                       Libraries\STM32L1xx_StdPeriph_Driver\src\stm32l1xx_i2c.o
I2C_GeneralCallCmd                                Libraries\STM32L1xx_StdPeriph_Driver\src\stm32l1xx_i2c.o
I2C_GenerateSTART                                 Libraries\STM32L1xx_StdPeriph_Driver\src\stm32l1xx_i2c.o
I2C_GenerateSTOP                                  Libraries\STM32L1xx_StdPeriph_Driver\src\stm32l1xx_i2c.o
I2C_GetFlagStatus                                 Libraries\STM32L1xx_StdPeriph_Driver\src\stm32l1xx_i2c.o
I2C_GetITStatus                                   Libraries\STM32L1xx_StdPeriph_Driver\src\stm32l1xx_i2c.o
I2C_GetLastEvent                                  Libraries\STM32L1xx_StdPeriph_Driver\src\stm32l1xx_i2c.o
I2C_GetPEC                                        Libraries\STM32L1xx_StdPeriph_Driver\src\stm32l1xx_i2c.o
I2C_ITConfig                                      Libraries\STM32L1xx_StdPeriph_Driver\src\stm32l1xx_i2c.o
I2C_Init                                          Libraries\STM32L1xx_StdPeriph_Driver\src\stm32l1xx_i2c.o
I2C_NACKPositionConfig                            Libraries\STM32L1xx_StdPeriph_Driver\src\stm32l1xx_i2c.o
I2C_OwnAddress2Config                             Libraries\STM32L1xx_StdPeriph_Driver\src\stm32l1xx_i2c.o
I2C_PECPositionConfig                             Libraries\STM32L1xx_StdPeriph_Driver\src\stm32l1xx_i2c.o
I2C_ReadRegister                                  Libraries\STM32L1xx_StdPeriph_Driver\src\stm32l1xx_i2c.o
I2C_ReceiveData                                   Libraries\STM32L1xx_StdPeriph_Driver\src\stm32l1xx_i2c.o
I2C_SMBusAlertConfig                              Libraries\STM32L1xx_StdPeriph_Driver\src\stm32l1xx_i2c.o
I2C_Send7bitAddress                               Libraries\STM32L1xx_StdPeriph_Driver\src\stm32l1xx_i2c.o
I2C_SendData                                      Libraries\STM32L1xx_StdPeriph_Driver\src\stm32l1xx_i2c.o
I2C_SoftwareResetCmd                              Libraries\STM32L1xx_StdPeriph_Driver\src\stm32l1xx_i2c.o
I2C_StretchClockCmd                               Libraries\STM32L1xx_StdPeriph_Driver\src\stm32l1xx_i2c.o
I2C_StructInit                                    Libraries\STM32L1xx_StdPeriph_Driver\src\stm32l1xx_i2c.o
I2C_TransmitPEC                                   Libraries\STM32L1xx_StdPeriph_Driver\src\stm32l1xx_i2c.o
I2S_Cmd                                           Libraries\STM32L1xx_StdPeriph_Driver\src\stm32l1xx_spi.o
I2S_Init                                          Libraries\STM32L1xx_StdPeriph_Driver\src\stm32l1xx_spi.o
I2S_StructInit                                    Libraries\STM32L1xx_StdPeriph_Driver\src\stm32l1xx_spi.o
IWDG_Enable                                       Libraries\STM32L1xx_StdPeriph_Driver\src\stm32l1xx_iwdg.o
IWDG_GetFlagStatus                                Libraries\STM32L1xx_StdPeriph_Driver\src\stm32l1xx_iwdg.o
IWDG_ReloadCounter                                Libraries\STM32L1xx_StdPeriph_Driver\src\stm32l1xx_iwdg.o
IWDG_SetPrescaler                                 Libraries\STM32L1xx_StdPeriph_Driver\src\stm32l1xx_iwdg.o
IWDG_SetReload                                    Libraries\STM32L1xx_StdPeriph_Driver\src\stm32l1xx_iwdg.o
IWDG_WriteAccessCmd                               Libraries\STM32L1xx_StdPeriph_Driver\src\stm32l1xx_iwdg.o
KeyPressed                                        Utilities\STM32_EVAL\stm32l_discovery_lcd.o
LCD_BlinkConfig                                   Libraries\STM32L1xx_StdPeriph_Driver\src\stm32l1xx_lcd.o
                                                  Utilities\STM32_EVAL\stm32l_discovery_lcd.o
LCD_ClearFlag                                     Libraries\STM32L1xx_StdPeriph_Driver\src\stm32l1xx_lcd.o
LCD_ClearITPendingBit                             Libraries\STM32L1xx_StdPeriph_Driver\src\stm32l1xx_lcd.o
LCD_Cmd                                           Libraries\STM32L1xx_StdPeriph_Driver\src\stm32l1xx_lcd.o
                                                  Utilities\STM32_EVAL\stm32l_discovery_lcd.o
LCD_ContrastConfig                                Libraries\STM32L1xx_StdPeriph_Driver\src\stm32l1xx_lcd.o
                                                  Utilities\STM32_EVAL\stm32l_discovery_lcd.o
LCD_DeInit                                        Libraries\STM32L1xx_StdPeriph_Driver\src\stm32l1xx_lcd.o
LCD_DeadTimeConfig                                Libraries\STM32L1xx_StdPeriph_Driver\src\stm32l1xx_lcd.o
                                                  Utilities\STM32_EVAL\stm32l_discovery_lcd.o
LCD_GLASS_Clear                                   Utilities\STM32_EVAL\stm32l_discovery_lcd.o
LCD_GLASS_DisplayStrDeci                          Utilities\STM32_EVAL\stm32l_discovery_lcd.o
LCD_GLASS_DisplayString                           Utilities\STM32_EVAL\stm32l_discovery_lcd.o
LCD_GLASS_Init                                    Utilities\STM32_EVAL\stm32l_discovery_lcd.o
LCD_GLASS_ScrollSentence                          Utilities\STM32_EVAL\stm32l_discovery_lcd.o
LCD_GLASS_WriteChar                               Utilities\STM32_EVAL\stm32l_discovery_lcd.o
LCD_GetFlagStatus                                 Libraries\STM32L1xx_StdPeriph_Driver\src\stm32l1xx_lcd.o
                                                  Utilities\STM32_EVAL\stm32l_discovery_lcd.o
LCD_GetITStatus                                   Libraries\STM32L1xx_StdPeriph_Driver\src\stm32l1xx_lcd.o
LCD_HighDriveCmd                                  Libraries\STM32L1xx_StdPeriph_Driver\src\stm32l1xx_lcd.o
LCD_IRQHandler                                    src\startup_stm32l1xx_md.o
LCD_ITConfig                                      Libraries\STM32L1xx_StdPeriph_Driver\src\stm32l1xx_lcd.o
LCD_Init                                          Libraries\STM32L1xx_StdPeriph_Driver\src\stm32l1xx_lcd.o
                                                  Utilities\STM32_EVAL\stm32l_discovery_lcd.o
LCD_MuxSegmentCmd                                 Libraries\STM32L1xx_StdPeriph_Driver\src\stm32l1xx_lcd.o
                                                  Utilities\STM32_EVAL\stm32l_discovery_lcd.o
LCD_PulseOnDurationConfig                         Libraries\STM32L1xx_StdPeriph_Driver\src\stm32l1xx_lcd.o
                                                  Utilities\STM32_EVAL\stm32l_discovery_lcd.o
LCD_StructInit                                    Libraries\STM32L1xx_StdPeriph_Driver\src\stm32l1xx_lcd.o
LCD_UpdateDisplayRequest                          Libraries\STM32L1xx_StdPeriph_Driver\src\stm32l1xx_lcd.o
                                                  Utilities\STM32_EVAL\stm32l_discovery_lcd.o
LCD_WaitForSynchro                                Libraries\STM32L1xx_StdPeriph_Driver\src\stm32l1xx_lcd.o
                                                  Utilities\STM32_EVAL\stm32l_discovery_lcd.o
LCD_Write                                         Libraries\STM32L1xx_StdPeriph_Driver\src\stm32l1xx_lcd.o
LCD_bar                                           Utilities\STM32_EVAL\stm32l_discovery_lcd.o
LCD_contrast                                      Utilities\STM32_EVAL\stm32l_discovery_lcd.o
MemManage_Handler                                 src\stm32l1xx_it.o
NMI_Handler                                       src\stm32l1xx_it.o
NVIC_Init                                         Libraries\STM32L1xx_StdPeriph_Driver\src\misc.o
NVIC_PriorityGroupConfig                          Libraries\STM32L1xx_StdPeriph_Driver\src\misc.o
NVIC_SetVectorTable                               Libraries\STM32L1xx_StdPeriph_Driver\src\misc.o
NVIC_SystemLPConfig                               Libraries\STM32L1xx_StdPeriph_Driver\src\misc.o
NumberMap                                         Utilities\STM32_EVAL\stm32l_discovery_lcd.o
OPAMP_Cmd                                         Libraries\STM32L1xx_StdPeriph_Driver\src\stm32l1xx_opamp.o
OPAMP_DeInit                                      Libraries\STM32L1xx_StdPeriph_Driver\src\stm32l1xx_opamp.o
OPAMP_GetFlagStatus                               Libraries\STM32L1xx_StdPeriph_Driver\src\stm32l1xx_opamp.o
OPAMP_LowPowerCmd                                 Libraries\STM32L1xx_StdPeriph_Driver\src\stm32l1xx_opamp.o
OPAMP_OffsetTrimConfig                            Libraries\STM32L1xx_StdPeriph_Driver\src\stm32l1xx_opamp.o
OPAMP_OffsetTrimLowPowerConfig                    Libraries\STM32L1xx_StdPeriph_Driver\src\stm32l1xx_opamp.o
OPAMP_OffsetTrimmingModeSelect                    Libraries\STM32L1xx_StdPeriph_Driver\src\stm32l1xx_opamp.o
OPAMP_PowerRangeSelect                            Libraries\STM32L1xx_StdPeriph_Driver\src\stm32l1xx_opamp.o
OPAMP_SwitchCmd                                   Libraries\STM32L1xx_StdPeriph_Driver\src\stm32l1xx_opamp.o
PLLMulTable                                       src\system_stm32l1xx.o
PVD_IRQHandler                                    src\startup_stm32l1xx_md.o
PWR_ClearFlag                                     Libraries\STM32L1xx_StdPeriph_Driver\src\stm32l1xx_pwr.o
PWR_DeInit                                        Libraries\STM32L1xx_StdPeriph_Driver\src\stm32l1xx_pwr.o
PWR_EnterLowPowerRunMode                          Libraries\STM32L1xx_StdPeriph_Driver\src\stm32l1xx_pwr.o
PWR_EnterSTANDBYMode                              Libraries\STM32L1xx_StdPeriph_Driver\src\stm32l1xx_pwr.o
PWR_EnterSTOPMode                                 Libraries\STM32L1xx_StdPeriph_Driver\src\stm32l1xx_pwr.o
PWR_EnterSleepMode                                Libraries\STM32L1xx_StdPeriph_Driver\src\stm32l1xx_pwr.o
PWR_FastWakeUpCmd                                 Libraries\STM32L1xx_StdPeriph_Driver\src\stm32l1xx_pwr.o
PWR_GetFlagStatus                                 Libraries\STM32L1xx_StdPeriph_Driver\src\stm32l1xx_pwr.o
PWR_PVDCmd                                        Libraries\STM32L1xx_StdPeriph_Driver\src\stm32l1xx_pwr.o
PWR_PVDLevelConfig                                Libraries\STM32L1xx_StdPeriph_Driver\src\stm32l1xx_pwr.o
PWR_RTCAccessCmd                                  Libraries\STM32L1xx_StdPeriph_Driver\src\stm32l1xx_pwr.o
PWR_UltraLowPowerCmd                              Libraries\STM32L1xx_StdPeriph_Driver\src\stm32l1xx_pwr.o
PWR_VoltageScalingConfig                          Libraries\STM32L1xx_StdPeriph_Driver\src\stm32l1xx_pwr.o
PWR_WakeUpPinCmd                                  Libraries\STM32L1xx_StdPeriph_Driver\src\stm32l1xx_pwr.o
PendSV_Handler                                    FreeRTOS_Source\portable\GCC\ARM_CM3\port.o
                                                  src\startup_stm32l1xx_md.o
RCC_AHBPeriphClockCmd                             Libraries\STM32L1xx_StdPeriph_Driver\src\stm32l1xx_rcc.o
RCC_AHBPeriphClockLPModeCmd                       Libraries\STM32L1xx_StdPeriph_Driver\src\stm32l1xx_rcc.o
RCC_AHBPeriphResetCmd                             Libraries\STM32L1xx_StdPeriph_Driver\src\stm32l1xx_rcc.o
                                                  Libraries\STM32L1xx_StdPeriph_Driver\src\stm32l1xx_aes.o
                                                  Libraries\STM32L1xx_StdPeriph_Driver\src\stm32l1xx_gpio.o
RCC_APB1PeriphClockCmd                            Libraries\STM32L1xx_StdPeriph_Driver\src\stm32l1xx_rcc.o
RCC_APB1PeriphClockLPModeCmd                      Libraries\STM32L1xx_StdPeriph_Driver\src\stm32l1xx_rcc.o
RCC_APB1PeriphResetCmd                            Libraries\STM32L1xx_StdPeriph_Driver\src\stm32l1xx_rcc.o
                                                  Libraries\STM32L1xx_StdPeriph_Driver\src\stm32l1xx_dac.o
                                                  Libraries\STM32L1xx_StdPeriph_Driver\src\stm32l1xx_i2c.o
                                                  Libraries\STM32L1xx_StdPeriph_Driver\src\stm32l1xx_lcd.o
                                                  Libraries\STM32L1xx_StdPeriph_Driver\src\stm32l1xx_pwr.o
                                                  Libraries\STM32L1xx_StdPeriph_Driver\src\stm32l1xx_spi.o
                                                  Libraries\STM32L1xx_StdPeriph_Driver\src\stm32l1xx_tim.o
                                                  Libraries\STM32L1xx_StdPeriph_Driver\src\stm32l1xx_usart.o
                                                  Libraries\STM32L1xx_StdPeriph_Driver\src\stm32l1xx_wwdg.o
RCC_APB2PeriphClockCmd                            Libraries\STM32L1xx_StdPeriph_Driver\src\stm32l1xx_rcc.o
RCC_APB2PeriphClockLPModeCmd                      Libraries\STM32L1xx_StdPeriph_Driver\src\stm32l1xx_rcc.o
RCC_APB2PeriphResetCmd                            Libraries\STM32L1xx_StdPeriph_Driver\src\stm32l1xx_rcc.o
                                                  Libraries\STM32L1xx_StdPeriph_Driver\src\stm32l1xx_adc.o
                                                  Libraries\STM32L1xx_StdPeriph_Driver\src\stm32l1xx_sdio.o
                                                  Libraries\STM32L1xx_StdPeriph_Driver\src\stm32l1xx_spi.o
                                                  Libraries\STM32L1xx_StdPeriph_Driver\src\stm32l1xx_syscfg.o
                                                  Libraries\STM32L1xx_StdPeriph_Driver\src\stm32l1xx_tim.o
                                                  Libraries\STM32L1xx_StdPeriph_Driver\src\stm32l1xx_usart.o
RCC_AdjustHSICalibrationValue                     Libraries\STM32L1xx_StdPeriph_Driver\src\stm32l1xx_rcc.o
RCC_AdjustMSICalibrationValue                     Libraries\STM32L1xx_StdPeriph_Driver\src\stm32l1xx_rcc.o
RCC_ClearFlag                                     Libraries\STM32L1xx_StdPeriph_Driver\src\stm32l1xx_rcc.o
RCC_ClearITPendingBit                             Libraries\STM32L1xx_StdPeriph_Driver\src\stm32l1xx_rcc.o
RCC_ClockSecuritySystemCmd                        Libraries\STM32L1xx_StdPeriph_Driver\src\stm32l1xx_rcc.o
RCC_DeInit                                        Libraries\STM32L1xx_StdPeriph_Driver\src\stm32l1xx_rcc.o
RCC_GetClocksFreq                                 Libraries\STM32L1xx_StdPeriph_Driver\src\stm32l1xx_rcc.o
                                                  Libraries\STM32L1xx_StdPeriph_Driver\src\stm32l1xx_i2c.o
                                                  Libraries\STM32L1xx_StdPeriph_Driver\src\stm32l1xx_spi.o
                                                  Libraries\STM32L1xx_StdPeriph_Driver\src\stm32l1xx_usart.o
RCC_GetFlagStatus                                 Libraries\STM32L1xx_StdPeriph_Driver\src\stm32l1xx_rcc.o
RCC_GetITStatus                                   Libraries\STM32L1xx_StdPeriph_Driver\src\stm32l1xx_rcc.o
RCC_GetSYSCLKSource                               Libraries\STM32L1xx_StdPeriph_Driver\src\stm32l1xx_rcc.o
RCC_HCLKConfig                                    Libraries\STM32L1xx_StdPeriph_Driver\src\stm32l1xx_rcc.o
RCC_HSEConfig                                     Libraries\STM32L1xx_StdPeriph_Driver\src\stm32l1xx_rcc.o
RCC_HSICmd                                        Libraries\STM32L1xx_StdPeriph_Driver\src\stm32l1xx_rcc.o
RCC_IRQHandler                                    src\startup_stm32l1xx_md.o
RCC_ITConfig                                      Libraries\STM32L1xx_StdPeriph_Driver\src\stm32l1xx_rcc.o
RCC_LSEClockSecuritySystemCmd                     Libraries\STM32L1xx_StdPeriph_Driver\src\stm32l1xx_rcc.o
RCC_LSEConfig                                     Libraries\STM32L1xx_StdPeriph_Driver\src\stm32l1xx_rcc.o
RCC_LSICmd                                        Libraries\STM32L1xx_StdPeriph_Driver\src\stm32l1xx_rcc.o
RCC_MCOConfig                                     Libraries\STM32L1xx_StdPeriph_Driver\src\stm32l1xx_rcc.o
RCC_MSICmd                                        Libraries\STM32L1xx_StdPeriph_Driver\src\stm32l1xx_rcc.o
RCC_MSIRangeConfig                                Libraries\STM32L1xx_StdPeriph_Driver\src\stm32l1xx_rcc.o
RCC_PCLK1Config                                   Libraries\STM32L1xx_StdPeriph_Driver\src\stm32l1xx_rcc.o
RCC_PCLK2Config                                   Libraries\STM32L1xx_StdPeriph_Driver\src\stm32l1xx_rcc.o
RCC_PLLCmd                                        Libraries\STM32L1xx_StdPeriph_Driver\src\stm32l1xx_rcc.o
RCC_PLLConfig                                     Libraries\STM32L1xx_StdPeriph_Driver\src\stm32l1xx_rcc.o
RCC_RTCCLKCmd                                     Libraries\STM32L1xx_StdPeriph_Driver\src\stm32l1xx_rcc.o
RCC_RTCCLKConfig                                  Libraries\STM32L1xx_StdPeriph_Driver\src\stm32l1xx_rcc.o
RCC_RTCResetCmd                                   Libraries\STM32L1xx_StdPeriph_Driver\src\stm32l1xx_rcc.o
RCC_SYSCLKConfig                                  Libraries\STM32L1xx_StdPeriph_Driver\src\stm32l1xx_rcc.o
RCC_WaitForHSEStartUp                             Libraries\STM32L1xx_StdPeriph_Driver\src\stm32l1xx_rcc.o
RTC_AlarmCmd                                      Libraries\STM32L1xx_StdPeriph_Driver\src\stm32l1xx_rtc.o
RTC_AlarmStructInit                               Libraries\STM32L1xx_StdPeriph_Driver\src\stm32l1xx_rtc.o
RTC_AlarmSubSecondConfig                          Libraries\STM32L1xx_StdPeriph_Driver\src\stm32l1xx_rtc.o
RTC_Alarm_IRQHandler                              src\startup_stm32l1xx_md.o
RTC_BypassShadowCmd                               Libraries\STM32L1xx_StdPeriph_Driver\src\stm32l1xx_rtc.o
RTC_CalibOutputCmd                                Libraries\STM32L1xx_StdPeriph_Driver\src\stm32l1xx_rtc.o
RTC_CalibOutputConfig                             Libraries\STM32L1xx_StdPeriph_Driver\src\stm32l1xx_rtc.o
RTC_ClearFlag                                     Libraries\STM32L1xx_StdPeriph_Driver\src\stm32l1xx_rtc.o
RTC_ClearITPendingBit                             Libraries\STM32L1xx_StdPeriph_Driver\src\stm32l1xx_rtc.o
RTC_CoarseCalibCmd                                Libraries\STM32L1xx_StdPeriph_Driver\src\stm32l1xx_rtc.o
RTC_CoarseCalibConfig                             Libraries\STM32L1xx_StdPeriph_Driver\src\stm32l1xx_rtc.o
RTC_DateStructInit                                Libraries\STM32L1xx_StdPeriph_Driver\src\stm32l1xx_rtc.o
RTC_DayLightSavingConfig                          Libraries\STM32L1xx_StdPeriph_Driver\src\stm32l1xx_rtc.o
RTC_DeInit                                        Libraries\STM32L1xx_StdPeriph_Driver\src\stm32l1xx_rtc.o
RTC_EnterInitMode                                 Libraries\STM32L1xx_StdPeriph_Driver\src\stm32l1xx_rtc.o
RTC_ExitInitMode                                  Libraries\STM32L1xx_StdPeriph_Driver\src\stm32l1xx_rtc.o
RTC_GetAlarm                                      Libraries\STM32L1xx_StdPeriph_Driver\src\stm32l1xx_rtc.o
RTC_GetAlarmSubSecond                             Libraries\STM32L1xx_StdPeriph_Driver\src\stm32l1xx_rtc.o
RTC_GetDate                                       Libraries\STM32L1xx_StdPeriph_Driver\src\stm32l1xx_rtc.o
RTC_GetFlagStatus                                 Libraries\STM32L1xx_StdPeriph_Driver\src\stm32l1xx_rtc.o
RTC_GetITStatus                                   Libraries\STM32L1xx_StdPeriph_Driver\src\stm32l1xx_rtc.o
RTC_GetStoreOperation                             Libraries\STM32L1xx_StdPeriph_Driver\src\stm32l1xx_rtc.o
RTC_GetSubSecond                                  Libraries\STM32L1xx_StdPeriph_Driver\src\stm32l1xx_rtc.o
RTC_GetTime                                       Libraries\STM32L1xx_StdPeriph_Driver\src\stm32l1xx_rtc.o
RTC_GetTimeStamp                                  Libraries\STM32L1xx_StdPeriph_Driver\src\stm32l1xx_rtc.o
RTC_GetTimeStampSubSecond                         Libraries\STM32L1xx_StdPeriph_Driver\src\stm32l1xx_rtc.o
RTC_GetWakeUpCounter                              Libraries\STM32L1xx_StdPeriph_Driver\src\stm32l1xx_rtc.o
RTC_ITConfig                                      Libraries\STM32L1xx_StdPeriph_Driver\src\stm32l1xx_rtc.o
RTC_Init                                          Libraries\STM32L1xx_StdPeriph_Driver\src\stm32l1xx_rtc.o
RTC_OutputConfig                                  Libraries\STM32L1xx_StdPeriph_Driver\src\stm32l1xx_rtc.o
RTC_OutputTypeConfig                              Libraries\STM32L1xx_StdPeriph_Driver\src\stm32l1xx_rtc.o
RTC_ReadBackupRegister                            Libraries\STM32L1xx_StdPeriph_Driver\src\stm32l1xx_rtc.o
RTC_RefClockCmd                                   Libraries\STM32L1xx_StdPeriph_Driver\src\stm32l1xx_rtc.o
RTC_SetAlarm                                      Libraries\STM32L1xx_StdPeriph_Driver\src\stm32l1xx_rtc.o
RTC_SetDate                                       Libraries\STM32L1xx_StdPeriph_Driver\src\stm32l1xx_rtc.o
RTC_SetTime                                       Libraries\STM32L1xx_StdPeriph_Driver\src\stm32l1xx_rtc.o
RTC_SetWakeUpCounter                              Libraries\STM32L1xx_StdPeriph_Driver\src\stm32l1xx_rtc.o
RTC_SmoothCalibConfig                             Libraries\STM32L1xx_StdPeriph_Driver\src\stm32l1xx_rtc.o
RTC_StructInit                                    Libraries\STM32L1xx_StdPeriph_Driver\src\stm32l1xx_rtc.o
RTC_SynchroShiftConfig                            Libraries\STM32L1xx_StdPeriph_Driver\src\stm32l1xx_rtc.o
RTC_TamperCmd                                     Libraries\STM32L1xx_StdPeriph_Driver\src\stm32l1xx_rtc.o
RTC_TamperFilterConfig                            Libraries\STM32L1xx_StdPeriph_Driver\src\stm32l1xx_rtc.o
RTC_TamperPinsPrechargeDuration                   Libraries\STM32L1xx_StdPeriph_Driver\src\stm32l1xx_rtc.o
RTC_TamperPullUpCmd                               Libraries\STM32L1xx_StdPeriph_Driver\src\stm32l1xx_rtc.o
RTC_TamperSamplingFreqConfig                      Libraries\STM32L1xx_StdPeriph_Driver\src\stm32l1xx_rtc.o
RTC_TamperTriggerConfig                           Libraries\STM32L1xx_StdPeriph_Driver\src\stm32l1xx_rtc.o
RTC_TimeStampCmd                                  Libraries\STM32L1xx_StdPeriph_Driver\src\stm32l1xx_rtc.o
RTC_TimeStampOnTamperDetectionCmd                 Libraries\STM32L1xx_StdPeriph_Driver\src\stm32l1xx_rtc.o
RTC_TimeStructInit                                Libraries\STM32L1xx_StdPeriph_Driver\src\stm32l1xx_rtc.o
RTC_WKUP_IRQHandler                               src\startup_stm32l1xx_md.o
RTC_WaitForSynchro                                Libraries\STM32L1xx_StdPeriph_Driver\src\stm32l1xx_rtc.o
RTC_WakeUpClockConfig                             Libraries\STM32L1xx_StdPeriph_Driver\src\stm32l1xx_rtc.o
RTC_WakeUpCmd                                     Libraries\STM32L1xx_StdPeriph_Driver\src\stm32l1xx_rtc.o
RTC_WriteBackupRegister                           Libraries\STM32L1xx_StdPeriph_Driver\src\stm32l1xx_rtc.o
RTC_WriteProtectionCmd                            Libraries\STM32L1xx_StdPeriph_Driver\src\stm32l1xx_rtc.o
Reset_Handler                                     src\startup_stm32l1xx_md.o
SDIO_CEATAITCmd                                   Libraries\STM32L1xx_StdPeriph_Driver\src\stm32l1xx_sdio.o
SDIO_ClearFlag                                    Libraries\STM32L1xx_StdPeriph_Driver\src\stm32l1xx_sdio.o
SDIO_ClearITPendingBit                            Libraries\STM32L1xx_StdPeriph_Driver\src\stm32l1xx_sdio.o
SDIO_ClockCmd                                     Libraries\STM32L1xx_StdPeriph_Driver\src\stm32l1xx_sdio.o
SDIO_CmdStructInit                                Libraries\STM32L1xx_StdPeriph_Driver\src\stm32l1xx_sdio.o
SDIO_CommandCompletionCmd                         Libraries\STM32L1xx_StdPeriph_Driver\src\stm32l1xx_sdio.o
SDIO_DMACmd                                       Libraries\STM32L1xx_StdPeriph_Driver\src\stm32l1xx_sdio.o
SDIO_DataConfig                                   Libraries\STM32L1xx_StdPeriph_Driver\src\stm32l1xx_sdio.o
SDIO_DataStructInit                               Libraries\STM32L1xx_StdPeriph_Driver\src\stm32l1xx_sdio.o
SDIO_DeInit                                       Libraries\STM32L1xx_StdPeriph_Driver\src\stm32l1xx_sdio.o
SDIO_GetCommandResponse                           Libraries\STM32L1xx_StdPeriph_Driver\src\stm32l1xx_sdio.o
SDIO_GetDataCounter                               Libraries\STM32L1xx_StdPeriph_Driver\src\stm32l1xx_sdio.o
SDIO_GetFIFOCount                                 Libraries\STM32L1xx_StdPeriph_Driver\src\stm32l1xx_sdio.o
SDIO_GetFlagStatus                                Libraries\STM32L1xx_StdPeriph_Driver\src\stm32l1xx_sdio.o
SDIO_GetITStatus                                  Libraries\STM32L1xx_StdPeriph_Driver\src\stm32l1xx_sdio.o
SDIO_GetPowerState                                Libraries\STM32L1xx_StdPeriph_Driver\src\stm32l1xx_sdio.o
SDIO_GetResponse                                  Libraries\STM32L1xx_StdPeriph_Driver\src\stm32l1xx_sdio.o
SDIO_ITConfig                                     Libraries\STM32L1xx_StdPeriph_Driver\src\stm32l1xx_sdio.o
SDIO_Init                                         Libraries\STM32L1xx_StdPeriph_Driver\src\stm32l1xx_sdio.o
SDIO_ReadData                                     Libraries\STM32L1xx_StdPeriph_Driver\src\stm32l1xx_sdio.o
SDIO_SendCEATACmd                                 Libraries\STM32L1xx_StdPeriph_Driver\src\stm32l1xx_sdio.o
SDIO_SendCommand                                  Libraries\STM32L1xx_StdPeriph_Driver\src\stm32l1xx_sdio.o
SDIO_SendSDIOSuspendCmd                           Libraries\STM32L1xx_StdPeriph_Driver\src\stm32l1xx_sdio.o
SDIO_SetPowerState                                Libraries\STM32L1xx_StdPeriph_Driver\src\stm32l1xx_sdio.o
SDIO_SetSDIOOperation                             Libraries\STM32L1xx_StdPeriph_Driver\src\stm32l1xx_sdio.o
SDIO_SetSDIOReadWaitMode                          Libraries\STM32L1xx_StdPeriph_Driver\src\stm32l1xx_sdio.o
SDIO_StartSDIOReadWait                            Libraries\STM32L1xx_StdPeriph_Driver\src\stm32l1xx_sdio.o
SDIO_StopSDIOReadWait                             Libraries\STM32L1xx_StdPeriph_Driver\src\stm32l1xx_sdio.o
SDIO_StructInit                                   Libraries\STM32L1xx_StdPeriph_Driver\src\stm32l1xx_sdio.o
SDIO_WriteData                                    Libraries\STM32L1xx_StdPeriph_Driver\src\stm32l1xx_sdio.o
SPI1_IRQHandler                                   src\startup_stm32l1xx_md.o
SPI2_IRQHandler                                   src\startup_stm32l1xx_md.o
SPI_BiDirectionalLineConfig                       Libraries\STM32L1xx_StdPeriph_Driver\src\stm32l1xx_spi.o
SPI_CalculateCRC                                  Libraries\STM32L1xx_StdPeriph_Driver\src\stm32l1xx_spi.o
SPI_Cmd                                           Libraries\STM32L1xx_StdPeriph_Driver\src\stm32l1xx_spi.o
SPI_DataSizeConfig                                Libraries\STM32L1xx_StdPeriph_Driver\src\stm32l1xx_spi.o
SPI_GetCRC                                        Libraries\STM32L1xx_StdPeriph_Driver\src\stm32l1xx_spi.o
SPI_GetCRCPolynomial                              Libraries\STM32L1xx_StdPeriph_Driver\src\stm32l1xx_spi.o
SPI_I2S_ClearFlag                                 Libraries\STM32L1xx_StdPeriph_Driver\src\stm32l1xx_spi.o
SPI_I2S_ClearITPendingBit                         Libraries\STM32L1xx_StdPeriph_Driver\src\stm32l1xx_spi.o
SPI_I2S_DMACmd                                    Libraries\STM32L1xx_StdPeriph_Driver\src\stm32l1xx_spi.o
SPI_I2S_DeInit                                    Libraries\STM32L1xx_StdPeriph_Driver\src\stm32l1xx_spi.o
SPI_I2S_GetFlagStatus                             Libraries\STM32L1xx_StdPeriph_Driver\src\stm32l1xx_spi.o
SPI_I2S_GetITStatus                               Libraries\STM32L1xx_StdPeriph_Driver\src\stm32l1xx_spi.o
SPI_I2S_ITConfig                                  Libraries\STM32L1xx_StdPeriph_Driver\src\stm32l1xx_spi.o
SPI_I2S_ReceiveData                               Libraries\STM32L1xx_StdPeriph_Driver\src\stm32l1xx_spi.o
SPI_I2S_SendData                                  Libraries\STM32L1xx_StdPeriph_Driver\src\stm32l1xx_spi.o
SPI_Init                                          Libraries\STM32L1xx_StdPeriph_Driver\src\stm32l1xx_spi.o
SPI_NSSInternalSoftwareConfig                     Libraries\STM32L1xx_StdPeriph_Driver\src\stm32l1xx_spi.o
SPI_SSOutputCmd                                   Libraries\STM32L1xx_StdPeriph_Driver\src\stm32l1xx_spi.o
SPI_StructInit                                    Libraries\STM32L1xx_StdPeriph_Driver\src\stm32l1xx_spi.o
SPI_TransmitCRC                                   Libraries\STM32L1xx_StdPeriph_Driver\src\stm32l1xx_spi.o
SVC_Handler                                       FreeRTOS_Source\portable\GCC\ARM_CM3\port.o
                                                  src\startup_stm32l1xx_md.o
SYSCFG_DeInit                                     Libraries\STM32L1xx_StdPeriph_Driver\src\stm32l1xx_syscfg.o
SYSCFG_EXTILineConfig                             Libraries\STM32L1xx_StdPeriph_Driver\src\stm32l1xx_syscfg.o
SYSCFG_GetBootMode                                Libraries\STM32L1xx_StdPeriph_Driver\src\stm32l1xx_syscfg.o
SYSCFG_MemoryRemapConfig                          Libraries\STM32L1xx_StdPeriph_Driver\src\stm32l1xx_syscfg.o
SYSCFG_RIChannelSpeedConfig                       Libraries\STM32L1xx_StdPeriph_Driver\src\stm32l1xx_syscfg.o
SYSCFG_RIDeInit                                   Libraries\STM32L1xx_StdPeriph_Driver\src\stm32l1xx_syscfg.o
SYSCFG_RIHysteresisConfig                         Libraries\STM32L1xx_StdPeriph_Driver\src\stm32l1xx_syscfg.o
SYSCFG_RIIOSwitchConfig                           Libraries\STM32L1xx_StdPeriph_Driver\src\stm32l1xx_syscfg.o
SYSCFG_RIResistorConfig                           Libraries\STM32L1xx_StdPeriph_Driver\src\stm32l1xx_syscfg.o
SYSCFG_RISwitchControlModeCmd                     Libraries\STM32L1xx_StdPeriph_Driver\src\stm32l1xx_syscfg.o
SYSCFG_RITIMInputCaptureConfig                    Libraries\STM32L1xx_StdPeriph_Driver\src\stm32l1xx_syscfg.o
SYSCFG_RITIMSelect                                Libraries\STM32L1xx_StdPeriph_Driver\src\stm32l1xx_syscfg.o
SYSCFG_USBPuCmd                                   Libraries\STM32L1xx_StdPeriph_Driver\src\stm32l1xx_syscfg.o
SysTick_CLKSourceConfig                           Libraries\STM32L1xx_StdPeriph_Driver\src\misc.o
SysTick_Handler                                   FreeRTOS_Source\portable\GCC\ARM_CM3\port.o
                                                  src\startup_stm32l1xx_md.o
SystemCoreClock                                   src\system_stm32l1xx.o
SystemCoreClockUpdate                             src\system_stm32l1xx.o
SystemInit                                        src\system_stm32l1xx.o
                                                  src\startup_stm32l1xx_md.o
TAMPER_STAMP_IRQHandler                           src\startup_stm32l1xx_md.o
TIM10_IRQHandler                                  src\startup_stm32l1xx_md.o
TIM11_IRQHandler                                  src\startup_stm32l1xx_md.o
TIM2_IRQHandler                                   src\startup_stm32l1xx_md.o
TIM3_IRQHandler                                   src\startup_stm32l1xx_md.o
TIM4_IRQHandler                                   src\startup_stm32l1xx_md.o
TIM6_IRQHandler                                   src\startup_stm32l1xx_md.o
TIM7_IRQHandler                                   src\startup_stm32l1xx_md.o
TIM9_IRQHandler                                   src\startup_stm32l1xx_md.o
TIM_ARRPreloadConfig                              Libraries\STM32L1xx_StdPeriph_Driver\src\stm32l1xx_tim.o
TIM_CCxCmd                                        Libraries\STM32L1xx_StdPeriph_Driver\src\stm32l1xx_tim.o
TIM_ClearFlag                                     Libraries\STM32L1xx_StdPeriph_Driver\src\stm32l1xx_tim.o
TIM_ClearITPendingBit                             Libraries\STM32L1xx_StdPeriph_Driver\src\stm32l1xx_tim.o
TIM_ClearOC1Ref                                   Libraries\STM32L1xx_StdPeriph_Driver\src\stm32l1xx_tim.o
TIM_ClearOC2Ref                                   Libraries\STM32L1xx_StdPeriph_Driver\src\stm32l1xx_tim.o
TIM_ClearOC3Ref                                   Libraries\STM32L1xx_StdPeriph_Driver\src\stm32l1xx_tim.o
TIM_ClearOC4Ref                                   Libraries\STM32L1xx_StdPeriph_Driver\src\stm32l1xx_tim.o
TIM_Cmd                                           Libraries\STM32L1xx_StdPeriph_Driver\src\stm32l1xx_tim.o
TIM_CounterModeConfig                             Libraries\STM32L1xx_StdPeriph_Driver\src\stm32l1xx_tim.o
TIM_DMACmd                                        Libraries\STM32L1xx_StdPeriph_Driver\src\stm32l1xx_tim.o
TIM_DMAConfig                                     Libraries\STM32L1xx_StdPeriph_Driver\src\stm32l1xx_tim.o
TIM_DeInit                                        Libraries\STM32L1xx_StdPeriph_Driver\src\stm32l1xx_tim.o
TIM_ETRClockMode1Config                           Libraries\STM32L1xx_StdPeriph_Driver\src\stm32l1xx_tim.o
TIM_ETRClockMode2Config                           Libraries\STM32L1xx_StdPeriph_Driver\src\stm32l1xx_tim.o
TIM_ETRConfig                                     Libraries\STM32L1xx_StdPeriph_Driver\src\stm32l1xx_tim.o
TIM_EncoderInterfaceConfig                        Libraries\STM32L1xx_StdPeriph_Driver\src\stm32l1xx_tim.o
TIM_ForcedOC1Config                               Libraries\STM32L1xx_StdPeriph_Driver\src\stm32l1xx_tim.o
TIM_ForcedOC2Config                               Libraries\STM32L1xx_StdPeriph_Driver\src\stm32l1xx_tim.o