Archive member included because of file (symbol)

c:/progra~2/gnutoo~1/44f1d~1.820/bin/../lib/gcc/arm-none-eabi/4.8.4/armv6-m\libgcc.a(_udivsi3.o)
                              ./system/src/stm32l0xx/stm32l0xx_hal.o (__aeabi_uidiv)
c:/progra~2/gnutoo~1/44f1d~1.820/bin/../lib/gcc/arm-none-eabi/4.8.4/armv6-m\libgcc.a(_dvmd_tls.o)
                              c:/progra~2/gnutoo~1/44f1d~1.820/bin/../lib/gcc/arm-none-eabi/4.8.4/armv6-m\libgcc.a(_udivsi3.o) (__aeabi_idiv0)
c:/progra~2/gnutoo~1/44f1d~1.820/bin/../lib/gcc/arm-none-eabi/4.8.4/armv6-m\libgcc.a(unwind-arm.o)
                              ./system/src/newlib/_cxx.o (__aeabi_unwind_cpp_pr1)
c:/progra~2/gnutoo~1/44f1d~1.820/bin/../lib/gcc/arm-none-eabi/4.8.4/armv6-m\libgcc.a(libunwind.o)
                              c:/progra~2/gnutoo~1/44f1d~1.820/bin/../lib/gcc/arm-none-eabi/4.8.4/armv6-m\libgcc.a(unwind-arm.o) (restore_core_regs)
c:/progra~2/gnutoo~1/44f1d~1.820/bin/../lib/gcc/arm-none-eabi/4.8.4/armv6-m\libgcc.a(pr-support.o)
                              c:/progra~2/gnutoo~1/44f1d~1.820/bin/../lib/gcc/arm-none-eabi/4.8.4/armv6-m\libgcc.a(unwind-arm.o) (__gnu_unwind_execute)
c:/progra~2/gnutoo~1/44f1d~1.820/bin/../lib/gcc/arm-none-eabi/4.8.4/../../../../arm-none-eabi/lib/armv6-m\libg.a(lib_a-errno.o)
                              ./system/src/newlib/_sbrk.o (__errno)
c:/progra~2/gnutoo~1/44f1d~1.820/bin/../lib/gcc/arm-none-eabi/4.8.4/../../../../arm-none-eabi/lib/armv6-m\libg.a(lib_a-impure.o)
                              c:/progra~2/gnutoo~1/44f1d~1.820/bin/../lib/gcc/arm-none-eabi/4.8.4/../../../../arm-none-eabi/lib/armv6-m\libg.a(lib_a-errno.o) (_impure_ptr)
c:/progra~2/gnutoo~1/44f1d~1.820/bin/../lib/gcc/arm-none-eabi/4.8.4/../../../../arm-none-eabi/lib/armv6-m\libg.a(lib_a-init.o)
                              ./system/src/cmsis/startup_stm32l051xx.o (__libc_init_array)
c:/progra~2/gnutoo~1/44f1d~1.820/bin/../lib/gcc/arm-none-eabi/4.8.4/../../../../arm-none-eabi/lib/armv6-m\libg.a(lib_a-memcpy-stub.o)
                              ./src/main.o (memcpy)

Allocating common symbols
Common symbol       size              file

errno               0x4               ./system/src/newlib/_syscalls.o
pFlash              0x14              ./system/src/stm32l0xx/stm32l0xx_hal_flash.o
hspi1               0x54              ./src/main.o

Discarded input sections

 .group         0x00000000        0x8 ./system/src/stm32l0xx/stm32l0xx_hal.o
 .group         0x00000000        0x8 ./system/src/stm32l0xx/stm32l0xx_hal.o
 .group         0x00000000        0x8 ./system/src/stm32l0xx/stm32l0xx_hal.o
 .group         0x00000000        0x8 ./system/src/stm32l0xx/stm32l0xx_hal.o
 .group         0x00000000        0x8 ./system/src/stm32l0xx/stm32l0xx_hal.o
 .group         0x00000000        0x8 ./system/src/stm32l0xx/stm32l0xx_hal.o
 .group         0x00000000        0x8 ./system/src/stm32l0xx/stm32l0xx_hal.o
 .group         0x00000000        0x8 ./system/src/stm32l0xx/stm32l0xx_hal.o
 .group         0x00000000        0x8 ./system/src/stm32l0xx/stm32l0xx_hal.o
 .group         0x00000000        0x8 ./system/src/stm32l0xx/stm32l0xx_hal.o
 .group         0x00000000        0x8 ./system/src/stm32l0xx/stm32l0xx_hal.o
 .group         0x00000000        0x8 ./system/src/stm32l0xx/stm32l0xx_hal.o
 .group         0x00000000        0x8 ./system/src/stm32l0xx/stm32l0xx_hal.o
 .group         0x00000000        0x8 ./system/src/stm32l0xx/stm32l0xx_hal.o
 .group         0x00000000        0x8 ./system/src/stm32l0xx/stm32l0xx_hal.o
 .group         0x00000000        0x8 ./system/src/stm32l0xx/stm32l0xx_hal.o
 .group         0x00000000        0x8 ./system/src/stm32l0xx/stm32l0xx_hal.o
 .group         0x00000000        0x8 ./system/src/stm32l0xx/stm32l0xx_hal.o
 .group         0x00000000        0x8 ./system/src/stm32l0xx/stm32l0xx_hal.o
 .group         0x00000000        0x8 ./system/src/stm32l0xx/stm32l0xx_hal.o
 .group         0x00000000        0x8 ./system/src/stm32l0xx/stm32l0xx_hal.o
 .group         0x00000000        0x8 ./system/src/stm32l0xx/stm32l0xx_hal.o
 .group         0x00000000        0x8 ./system/src/stm32l0xx/stm32l0xx_hal.o
 .group         0x00000000        0x8 ./system/src/stm32l0xx/stm32l0xx_hal.o
 .group         0x00000000        0x8 ./system/src/stm32l0xx/stm32l0xx_hal.o
 .group         0x00000000        0x8 ./system/src/stm32l0xx/stm32l0xx_hal.o
 .text          0x00000000        0x0 ./system/src/stm32l0xx/stm32l0xx_hal.o
 .data          0x00000000        0x0 ./system/src/stm32l0xx/stm32l0xx_hal.o
 .bss           0x00000000        0x0 ./system/src/stm32l0xx/stm32l0xx_hal.o
 .text.HAL_DeInit
                0x00000000       0x4c ./system/src/stm32l0xx/stm32l0xx_hal.o
 .text.HAL_MspInit
                0x00000000        0x8 ./system/src/stm32l0xx/stm32l0xx_hal.o
 .text.HAL_MspDeInit
                0x00000000        0x8 ./system/src/stm32l0xx/stm32l0xx_hal.o
 .text.HAL_SuspendTick
                0x00000000       0x18 ./system/src/stm32l0xx/stm32l0xx_hal.o
 .text.HAL_ResumeTick
[...]
Memory Configuration

Name             Origin             Length             Attributes
FLASH            0x08000000         0x00010000         xr
RAM              0x20000000         0x00002000         xrw
*default*        0x00000000         0xffffffff

Linker script and memory map

LOAD ./system/src/stm32l0xx/stm32l0xx_hal.o
LOAD ./system/src/stm32l0xx/stm32l0xx_hal_adc.o
LOAD ./system/src/stm32l0xx/stm32l0xx_hal_adc_ex.o
LOAD ./system/src/stm32l0xx/stm32l0xx_hal_comp.o
LOAD ./system/src/stm32l0xx/stm32l0xx_hal_cortex.o
LOAD ./system/src/stm32l0xx/stm32l0xx_hal_crc.o
LOAD ./system/src/stm32l0xx/stm32l0xx_hal_crc_ex.o
LOAD ./system/src/stm32l0xx/stm32l0xx_hal_cryp.o
LOAD ./system/src/stm32l0xx/stm32l0xx_hal_cryp_ex.o
LOAD ./system/src/stm32l0xx/stm32l0xx_hal_dac.o
LOAD ./system/src/stm32l0xx/stm32l0xx_hal_dac_ex.o
LOAD ./system/src/stm32l0xx/stm32l0xx_hal_dma.o
LOAD ./system/src/stm32l0xx/stm32l0xx_hal_flash.o
LOAD ./system/src/stm32l0xx/stm32l0xx_hal_flash_ex.o
LOAD ./system/src/stm32l0xx/stm32l0xx_hal_flash_ramfunc.o
LOAD ./system/src/stm32l0xx/stm32l0xx_hal_gpio.o
LOAD ./system/src/stm32l0xx/stm32l0xx_hal_i2c.o
LOAD ./system/src/stm32l0xx/stm32l0xx_hal_i2c_ex.o
LOAD ./system/src/stm32l0xx/stm32l0xx_hal_i2s.o
LOAD ./system/src/stm32l0xx/stm32l0xx_hal_irda.o
LOAD ./system/src/stm32l0xx/stm32l0xx_hal_iwdg.o
LOAD ./system/src/stm32l0xx/stm32l0xx_hal_lcd.o
LOAD ./system/src/stm32l0xx/stm32l0xx_hal_lptim.o
LOAD ./system/src/stm32l0xx/stm32l0xx_hal_msp_template.o
LOAD ./system/src/stm32l0xx/stm32l0xx_hal_pcd.o
LOAD ./system/src/stm32l0xx/stm32l0xx_hal_pcd_ex.o
LOAD ./system/src/stm32l0xx/stm32l0xx_hal_pwr.o
LOAD ./system/src/stm32l0xx/stm32l0xx_hal_pwr_ex.o
LOAD ./system/src/stm32l0xx/stm32l0xx_hal_rcc.o
LOAD ./system/src/stm32l0xx/stm32l0xx_hal_rcc_ex.o
LOAD ./system/src/stm32l0xx/stm32l0xx_hal_rng.o
LOAD ./system/src/stm32l0xx/stm32l0xx_hal_rtc.o
LOAD ./system/src/stm32l0xx/stm32l0xx_hal_rtc_ex.o
LOAD ./system/src/stm32l0xx/stm32l0xx_hal_smartcard.o
LOAD ./system/src/stm32l0xx/stm32l0xx_hal_smartcard_ex.o
LOAD ./system/src/stm32l0xx/stm32l0xx_hal_smbus.o
LOAD ./system/src/stm32l0xx/stm32l0xx_hal_spi.o
LOAD ./system/src/stm32l0xx/stm32l0xx_hal_tim.o
LOAD ./system/src/stm32l0xx/stm32l0xx_hal_tim_ex.o
LOAD ./system/src/stm32l0xx/stm32l0xx_hal_tsc.o
LOAD ./system/src/stm32l0xx/stm32l0xx_hal_uart.o
LOAD ./system/src/stm32l0xx/stm32l0xx_hal_uart_ex.o
LOAD ./system/src/stm32l0xx/stm32l0xx_hal_usart.o
LOAD ./system/src/stm32l0xx/stm32l0xx_hal_wwdg.o
LOAD ./system/src/newlib/_cxx.o
LOAD ./system/src/newlib/_exit.o
LOAD ./system/src/newlib/_sbrk.o
LOAD ./system/src/newlib/_startup.o
LOAD ./system/src/newlib/_syscalls.o
LOAD ./system/src/newlib/assert.o
LOAD ./system/src/diag/Trace.o
LOAD ./system/src/diag/trace_impl.o
LOAD ./system/src/cortexm/_initialize_hardware.o
LOAD ./system/src/cortexm/_reset_hardware.o
LOAD ./system/src/cortexm/exception_handlers.o
LOAD ./system/src/cmsis/startup_stm32l051xx.o
LOAD ./system/src/cmsis/system_stm32l0xx.o
LOAD ./system/src/cmsis/vectors_stm32l0xx.o
LOAD ./src/main.o
LOAD ./src/stm32l0xx_hal_msp.o
LOAD ./src/stm32l0xx_it.o
LOAD c:/progra~2/gnutoo~1/44f1d~1.820/bin/../lib/gcc/arm-none-eabi/4.8.4/../../../../arm-none-eabi/lib/armv6-m\libstdc++.a
LOAD c:/progra~2/gnutoo~1/44f1d~1.820/bin/../lib/gcc/arm-none-eabi/4.8.4/../../../../arm-none-eabi/lib/armv6-m\libm.a
START GROUP
LOAD c:/progra~2/gnutoo~1/44f1d~1.820/bin/../lib/gcc/arm-none-eabi/4.8.4/armv6-m\libgcc.a
LOAD c:/progra~2/gnutoo~1/44f1d~1.820/bin/../lib/gcc/arm-none-eabi/4.8.4/../../../../arm-none-eabi/lib/armv6-m\libg.a
LOAD c:/progra~2/gnutoo~1/44f1d~1.820/bin/../lib/gcc/arm-none-eabi/4.8.4/../../../../arm-none-eabi/lib/armv6-m\libc.a
END GROUP
                0x20001fff                _estack = 0x20001fff
                0x00000000                _Min_Heap_Size = 0x0
                0x00000400                _Min_Stack_Size = 0x400

.isr_vector     0x08000000      0x104
                0x08000000                . = ALIGN (0x4)
 *(.isr_vector)
 .isr_vector    0x08000000       0xc0 ./system/src/cmsis/startup_stm32l051xx.o
                0x08000000                g_pfnVectors
 .isr_vector    0x080000c0       0x44 ./system/src/cmsis/vectors_stm32l0xx.o
                0x080000c0                __isr_vectors
                0x08000104                . = ALIGN (0x4)

.text           0x08000104     0x27c0
                0x08000104                . = ALIGN (0x4)
 *(.text)
 .text          0x08000104       0x9c c:/progra~2/gnutoo~1/44f1d~1.820/bin/../lib/gcc/arm-none-eabi/4.8.4/armv6-m\libgcc.a(_udivsi3.o)
                0x08000104                __aeabi_uidiv
                0x08000104                __udivsi3
                0x0800018c                __aeabi_uidivmod
 .text          0x080001a0        0x4 c:/progra~2/gnutoo~1/44f1d~1.820/bin/../lib/gcc/arm-none-eabi/4.8.4/armv6-m\libgcc.a(_dvmd_tls.o)
                0x080001a0                __aeabi_idiv0
                0x080001a0                __aeabi_ldiv0
 *(.text*)
 .text.HAL_Init
                0x080001a4       0x34 ./system/src/stm32l0xx/stm32l0xx_hal.o
                0x080001a4                HAL_Init
 .text.HAL_InitTick
                0x080001d8       0x3c ./system/src/stm32l0xx/stm32l0xx_hal.o
                0x080001d8                HAL_InitTick
 .text.HAL_IncTick
                0x08000214       0x18 ./system/src/stm32l0xx/stm32l0xx_hal.o
                0x08000214                HAL_IncTick
 .text.HAL_GetTick
                0x0800022c       0x14 ./system/src/stm32l0xx/stm32l0xx_hal.o
                0x0800022c                HAL_GetTick
 .text.HAL_Delay
                0x08000240       0x2c ./system/src/stm32l0xx/stm32l0xx_hal.o
                0x08000240                HAL_Delay
 .text.NVIC_EnableIRQ
                0x0800026c       0x2c ./system/src/stm32l0xx/stm32l0xx_hal_cortex.o
 .text.NVIC_SetPriority
                0x08000298       0xe0 ./system/src/stm32l0xx/stm32l0xx_hal_cortex.o
 .text.SysTick_Config
                0x08000378       0x48 ./system/src/stm32l0xx/stm32l0xx_hal_cortex.o
 .text.HAL_NVIC_SetPriority
                0x080003c0       0x2c ./system/src/stm32l0xx/stm32l0xx_hal_cortex.o
                0x080003c0                HAL_NVIC_SetPriority
 .text.HAL_NVIC_EnableIRQ
                0x080003ec       0x20 ./system/src/stm32l0xx/stm32l0xx_hal_cortex.o
                0x080003ec                HAL_NVIC_EnableIRQ
 .text.HAL_SYSTICK_Config
                0x0800040c       0x1c ./system/src/stm32l0xx/stm32l0xx_hal_cortex.o
                0x0800040c                HAL_SYSTICK_Config
 .text.HAL_SYSTICK_IRQHandler
                0x08000428        0xc ./system/src/stm32l0xx/stm32l0xx_hal_cortex.o
                0x08000428                HAL_SYSTICK_IRQHandler
 .text.HAL_SYSTICK_Callback
                0x08000434        0x8 ./system/src/stm32l0xx/stm32l0xx_hal_cortex.o
                0x08000434                HAL_SYSTICK_Callback
 .text.HAL_GPIO_Init
                0x0800043c      0x300 ./system/src/stm32l0xx/stm32l0xx_hal_gpio.o
                0x0800043c                HAL_GPIO_Init
 .text.HAL_GPIO_ReadPin
                0x0800073c       0x3c ./system/src/stm32l0xx/stm32l0xx_hal_gpio.o
                0x0800073c                HAL_GPIO_ReadPin
 .text.HAL_GPIO_WritePin
                0x08000778       0x30 ./system/src/stm32l0xx/stm32l0xx_hal_gpio.o
                0x08000778                HAL_GPIO_WritePin
 .text.HAL_GPIO_TogglePin
                0x080007a8       0x24 ./system/src/stm32l0xx/stm32l0xx_hal_gpio.o
                0x080007a8                HAL_GPIO_TogglePin
 .text.HAL_GPIO_EXTI_IRQHandler
                0x080007cc       0x34 ./system/src/stm32l0xx/stm32l0xx_hal_gpio.o
                0x080007cc                HAL_GPIO_EXTI_IRQHandler
 .text.HAL_MspInit
                0x08000800        0x8 ./system/src/stm32l0xx/stm32l0xx_hal_msp_template.o
                0x08000800                HAL_MspInit
 .text.HAL_RCC_OscConfig
                0x08000808      0x61c ./system/src/stm32l0xx/stm32l0xx_hal_rcc.o
                0x08000808                HAL_RCC_OscConfig
 .text.HAL_RCC_ClockConfig
                0x08000e24      0x358 ./system/src/stm32l0xx/stm32l0xx_hal_rcc.o
                0x08000e24                HAL_RCC_ClockConfig
 .text.HAL_RCC_GetSysClockFreq
                0x0800117c      0x100 ./system/src/stm32l0xx/stm32l0xx_hal_rcc.o
                0x0800117c                HAL_RCC_GetSysClockFreq
 .text.HAL_RCC_GetHCLKFreq
                0x0800127c       0x38 ./system/src/stm32l0xx/stm32l0xx_hal_rcc.o
                0x0800127c                HAL_RCC_GetHCLKFreq
 .text.HAL_SPI_Init
                0x080012b4       0xcc ./system/src/stm32l0xx/stm32l0xx_hal_spi.o
                0x080012b4                HAL_SPI_Init
 .text.HAL_SPI_Transmit
                0x08001380      0x2a8 ./system/src/stm32l0xx/stm32l0xx_hal_spi.o
                0x08001380                HAL_SPI_Transmit
 .text.HAL_SPI_TransmitReceive
                0x08001628      0x51c ./system/src/stm32l0xx/stm32l0xx_hal_spi.o
                0x08001628                HAL_SPI_TransmitReceive
 .text.SPI_WaitOnFlagUntilTimeout
                0x08001b44      0x154 ./system/src/stm32l0xx/stm32l0xx_hal_spi.o
 .text._exit    0x08001c98        0xc ./system/src/newlib/_exit.o
                0x08001c98                _exit
 .text.__initialize_args
                0x08001ca4       0x24 ./system/src/newlib/_syscalls.o
                0x08001ca4                __initialize_args
 .text.__initialize_hardware_early
                0x08001cc8        0xc ./system/src/cortexm/_initialize_hardware.o
                0x08001cc8                __initialize_hardware_early
 .text.__initialize_hardware
                0x08001cd4        0xc ./system/src/cortexm/_initialize_hardware.o
                0x08001cd4                __initialize_hardware
 .text.Default_Handler
                0x08001ce0        0x2 ./system/src/cmsis/startup_stm32l051xx.o
                0x08001ce0                DebugMon_Handler
                0x08001ce0                ADC1_COMP_IRQHandler
                0x08001ce0                TIM6_IRQHandler
                0x08001ce0                PVD_IRQHandler
                0x08001ce0                I2C1_IRQHandler
                0x08001ce0                SPI1_IRQHandler
                0x08001ce0                I2C2_IRQHandler
                0x08001ce0                RTC_IRQHandler
                0x08001ce0                DMA1_Channel4_5_6_7_IRQHandler
                0x08001ce0                RCC_IRQHandler
                0x08001ce0                DMA1_Channel1_IRQHandler
                0x08001ce0                Default_Handler
                0x08001ce0                TIM22_IRQHandler
                0x08001ce0                EXTI0_1_IRQHandler
                0x08001ce0                SPI2_IRQHandler
                0x08001ce0                TIM21_IRQHandler
                0x08001ce0                WWDG_IRQHandler
                0x08001ce0                LPUART1_IRQHandler
                0x08001ce0                TIM2_IRQHandler
                0x08001ce0                DMA1_Channel2_3_IRQHandler
                0x08001ce0                USART2_IRQHandler
                0x08001ce0                FLASH_IRQHandler
                0x08001ce0                USART1_IRQHandler
                0x08001ce0                LPTIM1_IRQHandler
 *fill*         0x08001ce2        0x2 
 .text.SystemInit
                0x08001ce4       0x78 ./system/src/cmsis/system_stm32l0xx.o
                0x08001ce4                SystemInit
 .text.SystemCoreClockUpdate
                0x08001d5c      0x138 ./system/src/cmsis/system_stm32l0xx.o
                0x08001d5c                SystemCoreClockUpdate
 .text.NVIC_SetPriority
                0x08001e94       0xe0 ./src/main.o
 .text.main     0x08001f74       0x40 ./src/main.o
                0x08001f74                main
 .text.utrusta_set_light_off
                0x08001fb4       0x7c ./src/main.o
                0x08001fb4                utrusta_set_light_off
 .text.utrusta_set_light_full
                0x08002030       0x7c ./src/main.o
                0x08002030                utrusta_set_light_full
 .text.utrusta_send_programm
                0x080020ac       0x7c ./src/main.o
                0x080020ac                utrusta_send_programm
 .text.init_cc2500
                0x08002128      0x278 ./src/main.o
                0x08002128                init_cc2500
 .text.cc2500_xfer_tx
                0x080023a0       0x68 ./src/main.o
                0x080023a0                cc2500_xfer_tx
 .text.cc2500_xfer_cmd
                0x08002408       0x4c ./src/main.o
                0x08002408                cc2500_xfer_cmd
 .text.cc2500_xfer_reg
                0x08002454       0x5c ./src/main.o
                0x08002454                cc2500_xfer_reg
 .text.SystemClock_Config
                0x080024b0       0xb0 ./src/main.o
                0x080024b0                SystemClock_Config
 .text.MX_SPI1_Init
                0x08002560       0x60 ./src/main.o
 .text.MX_GPIO_Init
                0x080025c0       0xf4 ./src/main.o
 .text.HAL_GPIO_EXTI_Callback
                0x080026b4       0x94 ./src/stm32l0xx_hal_msp.o
                0x080026b4                HAL_GPIO_EXTI_Callback
 .text.HAL_SPI_MspInit
                0x08002748       0x68 ./src/stm32l0xx_hal_msp.o
                0x08002748                HAL_SPI_MspInit
 .text.SysTick_Handler
                0x080027b0       0x10 ./src/stm32l0xx_it.o
                0x080027b0                SysTick_Handler
 .text.EXTI2_3_IRQHandler
                0x080027c0       0x20 ./src/stm32l0xx_it.o
                0x080027c0                EXTI2_3_IRQHandler
 .text.EXTI4_15_IRQHandler
                0x080027e0       0x60 ./src/stm32l0xx_it.o
                0x080027e0                EXTI4_15_IRQHandler
 .text.memcpy   0x08002840       0x84 c:/progra~2/gnutoo~1/44f1d~1.820/bin/../lib/gcc/arm-none-eabi/4.8.4/../../../../arm-none-eabi/lib/armv6-m\libg.a(lib_a-memcpy-stub.o)
                0x08002840                memcpy
 *(.glue_7)
 .glue_7        0x00000000        0x0 linker stubs
 *(.glue_7t)
 .glue_7t       0x00000000        0x0 linker stubs
 *(.eh_frame)
 *(.init)
 *(.fini)
                0x080028c4                . = ALIGN (0x4)
                0x080028c4                _etext = .

.vfp11_veneer   0x080028c4        0x0
 .vfp11_veneer  0x00000000        0x0 linker stubs

.v4_bx          0x080028c4        0x0
 .v4_bx         0x00000000        0x0 linker stubs

.iplt           0x080028c4        0x0
 .iplt          0x00000000        0x0 ./system/src/stm32l0xx/stm32l0xx_hal.o

.after_vectors  0x080028c4      0x1b4
 .after_vectors
                0x080028c4      0x17c ./system/src/newlib/_startup.o
                0x080028c4                _start
 .after_vectors
                0x08002a40       0x30 ./system/src/cortexm/exception_handlers.o
                0x08002a40                Reset_Handler
                0x08002a48                NMI_Handler
                0x08002a50                HardFault_Handler
                0x08002a58                SVC_Handler
                0x08002a60                PendSV_Handler
 .after_vectors
                0x08002a70        0x8 ./system/src/cmsis/vectors_stm32l0xx.o
                0x08002a70                DeviceInterrupt_Handler

.rodata         0x08002a78       0x1c
                0x08002a78                . = ALIGN (0x4)
 *(.rodata)
 *(.rodata*)
 .rodata.MSIRangeTable
                0x08002a78       0x1c ./system/src/stm32l0xx/stm32l0xx_hal_rcc.o
                0x08002a78                MSIRangeTable
                0x08002a94                . = ALIGN (0x4)

.rel.dyn        0x08002a94        0x0
 .rel.iplt      0x00000000        0x0 ./system/src/stm32l0xx/stm32l0xx_hal.o

.ARM.extab
 *(.ARM.extab* .gnu.linkonce.armextab.*)

.ARM            0x08002a94        0x0
                0x08002a94                __exidx_start = .
 *(.ARM.exidx*)
                0x08002a94                __exidx_end = .

.preinit_array  0x08002a94        0x0
                0x08002a94                PROVIDE (__preinit_array_start, .)
 *(.preinit_array*)
                0x08002a94                PROVIDE (__preinit_array_end, .)

.init_array     0x08002a94        0x0
                0x08002a94                PROVIDE (__init_array_start, .)
 *(SORT(.init_array.*))
 *(.init_array*)
                0x08002a94                PROVIDE (__init_array_end, .)

.fini_array     0x08002a94        0x0
                0x08002a94                PROVIDE (__fini_array_start, .)
 *(SORT(.fini_array.*))
 *(.fini_array*)
                0x08002a94                PROVIDE (__fini_array_end, .)
                0x08002a94                _sidata = LOADADDR (.data)

.data           0x20000000       0x7c load address 0x08002a94
                0x20000000                . = ALIGN (0x4)
                0x20000000                _sdata = .
 *(.data)
 *(.data*)
 .data.PLLMulTable
                0x20000000        0xc ./system/src/stm32l0xx/stm32l0xx_hal_rcc.o
 .data.APBAHBPrescTable
                0x2000000c       0x10 ./system/src/stm32l0xx/stm32l0xx_hal_rcc.o
 .data_begin    0x2000001c        0x4 ./system/src/newlib/_startup.o
 .data_end      0x20000020        0x4 ./system/src/newlib/_startup.o
 .data.argv.4461
                0x20000024        0x8 ./system/src/newlib/_syscalls.o
 .data.SystemCoreClock
                0x2000002c        0x4 ./system/src/cmsis/system_stm32l0xx.o
                0x2000002c                SystemCoreClock
 .data.AHBPrescTable
                0x20000030       0x10 ./system/src/cmsis/system_stm32l0xx.o
                0x20000030                AHBPrescTable
 .data.PLLMulTable
                0x20000040        0xc ./system/src/cmsis/system_stm32l0xx.o
                0x20000040                PLLMulTable
 .data.rf_settings_default
                0x2000004c       0x30 ./src/main.o
                0x2000004c                rf_settings_default
                0x2000007c                . = ALIGN (0x4)
                0x2000007c                _edata = .

.igot.plt       0x2000007c        0x0 load address 0x08002b10
 .igot.plt      0x00000000        0x0 ./system/src/stm32l0xx/stm32l0xx_hal.o
                0x2000007c                . = ALIGN (0x4)

.bss            0x2000007c       0x7c load address 0x08002b10
                0x2000007c                _sbss = .
                0x2000007c                __bss_start__ = _sbss
 *(.bss)
 *(.bss*)
 .bss.uwTick    0x2000007c        0x4 ./system/src/stm32l0xx/stm32l0xx_hal.o
 .bss_begin     0x20000080        0x4 ./system/src/newlib/_startup.o
 .bss_end       0x20000084        0x4 ./system/src/newlib/_startup.o
 .bss.name.4460
                0x20000088        0x4 ./system/src/newlib/_syscalls.o
 .bss.spi_rx_buffer
                0x2000008c        0xc ./src/main.o
                0x2000008c                spi_rx_buffer
 .bss.spi_tx_buffer
                0x20000098        0xc ./src/main.o
                0x20000098                spi_tx_buffer
 *(COMMON)
 COMMON         0x200000a4       0x54 ./src/main.o
                0x200000a4                hspi1
 *(COMMON*)
                0x200000f8                . = ALIGN (0x4)
                0x200000f8                _ebss = .
                0x200000f8                __bss_end__ = _ebss

._user_heap_stack
                0x200000f8      0x400 load address 0x08002b10
                0x200000f8                . = ALIGN (0x4)
                0x200000f8                PROVIDE (end, .)
                0x200000f8                PROVIDE (_end, .)
                0x200000f8                . = (. + _Min_Heap_Size)
                0x200004f8                . = (. + _Min_Stack_Size)
 *fill*         0x200000f8      0x400 
                0x200004f8                . = ALIGN (0x4)

/DISCARD/
 libc.a(*)
 libm.a(*)
 libgcc.a(*)

.ARM.attributes
                0x00000000       0x30
 *(.ARM.attributes)
 .ARM.attributes
                0x00000000       0x32 ./system/src/stm32l0xx/stm32l0xx_hal.o
 .ARM.attributes
                0x00000032       0x32 ./system/src/stm32l0xx/stm32l0xx_hal_cortex.o
 .ARM.attributes
                0x00000064       0x32 ./system/src/stm32l0xx/stm32l0xx_hal_gpio.o
 .ARM.attributes
                0x00000096       0x32 ./system/src/stm32l0xx/stm32l0xx_hal_msp_template.o
 .ARM.attributes
                0x000000c8       0x32 ./system/src/stm32l0xx/stm32l0xx_hal_rcc.o
 .ARM.attributes
                0x000000fa       0x32 ./system/src/stm32l0xx/stm32l0xx_hal_spi.o
 .ARM.attributes
                0x0000012c       0x32 ./system/src/newlib/_exit.o
 .ARM.attributes
                0x0000015e       0x32 ./system/src/newlib/_startup.o
 .ARM.attributes
                0x00000190       0x32 ./system/src/newlib/_syscalls.o
 .ARM.attributes
                0x000001c2       0x32 ./system/src/cortexm/_initialize_hardware.o
 .ARM.attributes
                0x000001f4       0x32 ./system/src/cortexm/exception_handlers.o
 .ARM.attributes
                0x00000226       0x22 ./system/src/cmsis/startup_stm32l051xx.o
 .ARM.attributes
                0x00000248       0x32 ./system/src/cmsis/system_stm32l0xx.o
 .ARM.attributes
                0x0000027a       0x32 ./system/src/cmsis/vectors_stm32l0xx.o
 .ARM.attributes
                0x000002ac       0x32 ./src/main.o
 .ARM.attributes
                0x000002de       0x32 ./src/stm32l0xx_hal_msp.o
 .ARM.attributes
                0x00000310       0x32 ./src/stm32l0xx_it.o
 .ARM.attributes
                0x00000342       0x1e c:/progra~2/gnutoo~1/44f1d~1.820/bin/../lib/gcc/arm-none-eabi/4.8.4/armv6-m\libgcc.a(_udivsi3.o)
 .ARM.attributes
                0x00000360       0x1e c:/progra~2/gnutoo~1/44f1d~1.820/bin/../lib/gcc/arm-none-eabi/4.8.4/armv6-m\libgcc.a(_dvmd_tls.o)
 .ARM.attributes
                0x0000037e       0x2c c:/progra~2/gnutoo~1/44f1d~1.820/bin/../lib/gcc/arm-none-eabi/4.8.4/../../../../arm-none-eabi/lib/armv6-m\libg.a(lib_a-memcpy-stub.o)
OUTPUT(kittchen_remote.elf elf32-littlearm)

.debug_info     0x00000000     0x5708
 .debug_info    0x00000000      0x786 ./system/src/stm32l0xx/stm32l0xx_hal.o
 .debug_info    0x00000786      0x618 ./system/src/stm32l0xx/stm32l0xx_hal_cortex.o
 .debug_info    0x00000d9e      0x62b ./system/src/stm32l0xx/stm32l0xx_hal_gpio.o
 .debug_info    0x000013c9       0xbb ./system/src/stm32l0xx/stm32l0xx_hal_msp_template.o
 .debug_info    0x00001484      0x81c ./system/src/stm32l0xx/stm32l0xx_hal_rcc.o
 .debug_info    0x00001ca0      0xe41 ./system/src/stm32l0xx/stm32l0xx_hal_spi.o
 .debug_info    0x00002ae1       0xdf ./system/src/newlib/_exit.o
 .debug_info    0x00002bc0      0x3e0 ./system/src/newlib/_startup.o
 .debug_info    0x00002fa0      0x7f1 ./system/src/newlib/_syscalls.o
 .debug_info    0x00003791       0x99 ./system/src/cortexm/_initialize_hardware.o
 .debug_info    0x0000382a       0x90 ./system/src/cortexm/exception_handlers.o
 .debug_info    0x000038ba       0xb3 ./system/src/cmsis/startup_stm32l051xx.o
 .debug_info    0x0000396d      0x347 ./system/src/cmsis/system_stm32l0xx.o
 .debug_info    0x00003cb4       0x91 ./system/src/cmsis/vectors_stm32l0xx.o
 .debug_info    0x00003d45     0x1027 ./src/main.o
 .debug_info    0x00004d6c      0x7ff ./src/stm32l0xx_hal_msp.o
 .debug_info    0x0000556b      0x19d ./src/stm32l0xx_it.o

.debug_abbrev   0x00000000     0x13e9
 .debug_abbrev  0x00000000      0x1c3 ./system/src/stm32l0xx/stm32l0xx_hal.o
 .debug_abbrev  0x000001c3      0x20d ./system/src/stm32l0xx/stm32l0xx_hal_cortex.o
 .debug_abbrev  0x000003d0      0x1ab ./system/src/stm32l0xx/stm32l0xx_hal_gpio.o
 .debug_abbrev  0x0000057b       0x45 ./system/src/stm32l0xx/stm32l0xx_hal_msp_template.o
 .debug_abbrev  0x000005c0      0x211 ./system/src/stm32l0xx/stm32l0xx_hal_rcc.o
 .debug_abbrev  0x000007d1      0x1e6 ./system/src/stm32l0xx/stm32l0xx_hal_spi.o
 .debug_abbrev  0x000009b7       0xa0 ./system/src/newlib/_exit.o
 .debug_abbrev  0x00000a57      0x152 ./system/src/newlib/_startup.o
 .debug_abbrev  0x00000ba9      0x165 ./system/src/newlib/_syscalls.o
 .debug_abbrev  0x00000d0e       0x45 ./system/src/cortexm/_initialize_hardware.o
 .debug_abbrev  0x00000d53       0x47 ./system/src/cortexm/exception_handlers.o
 .debug_abbrev  0x00000d9a       0x12 ./system/src/cmsis/startup_stm32l051xx.o
 .debug_abbrev  0x00000dac       0xf3 ./system/src/cmsis/system_stm32l0xx.o
 .debug_abbrev  0x00000e9f       0x92 ./system/src/cmsis/vectors_stm32l0xx.o
 .debug_abbrev  0x00000f31      0x282 ./src/main.o
 .debug_abbrev  0x000011b3      0x17d ./src/stm32l0xx_hal_msp.o
 .debug_abbrev  0x00001330       0xb9 ./src/stm32l0xx_it.o

.debug_aranges  0x00000000      0x708
 .debug_aranges
                0x00000000      0x100 ./system/src/stm32l0xx/stm32l0xx_hal.o
 .debug_aranges
                0x00000100       0xb0 ./system/src/stm32l0xx/stm32l0xx_hal_cortex.o
 .debug_aranges
                0x000001b0       0x58 ./system/src/stm32l0xx/stm32l0xx_hal_gpio.o
 .debug_aranges
                0x00000208       0x38 ./system/src/stm32l0xx/stm32l0xx_hal_msp_template.o
 .debug_aranges
                0x00000240       0x80 ./system/src/stm32l0xx/stm32l0xx_hal_rcc.o
 .debug_aranges
                0x000002c0      0x150 ./system/src/stm32l0xx/stm32l0xx_hal_spi.o
 .debug_aranges
                0x00000410       0x28 ./system/src/newlib/_exit.o
 .debug_aranges
                0x00000438       0x40 ./system/src/newlib/_startup.o
 .debug_aranges
                0x00000478       0xd0 ./system/src/newlib/_syscalls.o
 .debug_aranges
                0x00000548       0x28 ./system/src/cortexm/_initialize_hardware.o
 .debug_aranges
                0x00000570       0x48 ./system/src/cortexm/exception_handlers.o
 .debug_aranges
                0x000005b8       0x28 ./system/src/cmsis/startup_stm32l051xx.o
 .debug_aranges
                0x000005e0       0x28 ./system/src/cmsis/system_stm32l0xx.o
 .debug_aranges
                0x00000608       0x20 ./system/src/cmsis/vectors_stm32l0xx.o
 .debug_aranges
                0x00000628       0x80 ./src/main.o
 .debug_aranges
                0x000006a8       0x30 ./src/stm32l0xx_hal_msp.o
 .debug_aranges
                0x000006d8       0x30 ./src/stm32l0xx_it.o

.debug_ranges   0x00000000      0x600
 .debug_ranges  0x00000000       0xf0 ./system/src/stm32l0xx/stm32l0xx_hal.o
 .debug_ranges  0x000000f0       0xa0 ./system/src/stm32l0xx/stm32l0xx_hal_cortex.o
 .debug_ranges  0x00000190       0x48 ./system/src/stm32l0xx/stm32l0xx_hal_gpio.o
 .debug_ranges  0x000001d8       0x28 ./system/src/stm32l0xx/stm32l0xx_hal_msp_template.o
 .debug_ranges  0x00000200       0x70 ./system/src/stm32l0xx/stm32l0xx_hal_rcc.o
 .debug_ranges  0x00000270      0x140 ./system/src/stm32l0xx/stm32l0xx_hal_spi.o
 .debug_ranges  0x000003b0       0x18 ./system/src/newlib/_exit.o
 .debug_ranges  0x000003c8       0x30 ./system/src/newlib/_startup.o
 .debug_ranges  0x000003f8       0xc0 ./system/src/newlib/_syscalls.o
 .debug_ranges  0x000004b8       0x18 ./system/src/cortexm/_initialize_hardware.o
 .debug_ranges  0x000004d0       0x38 ./system/src/cortexm/exception_handlers.o
 .debug_ranges  0x00000508       0x20 ./system/src/cmsis/startup_stm32l051xx.o
 .debug_ranges  0x00000528       0x18 ./system/src/cmsis/system_stm32l0xx.o
 .debug_ranges  0x00000540       0x10 ./system/src/cmsis/vectors_stm32l0xx.o
 .debug_ranges  0x00000550       0x70 ./src/main.o
 .debug_ranges  0x000005c0       0x20 ./src/stm32l0xx_hal_msp.o
 .debug_ranges  0x000005e0       0x20 ./src/stm32l0xx_it.o

.debug_macro    0x00000000     0x80b6
 .debug_macro   0x00000000      0x161 ./system/src/stm32l0xx/stm32l0xx_hal.o
 .debug_macro   0x00000161      0x81a ./system/src/stm32l0xx/stm32l0xx_hal.o
 .debug_macro   0x0000097b       0x28 ./system/src/stm32l0xx/stm32l0xx_hal.o
 .debug_macro   0x000009a3       0x28 ./system/src/stm32l0xx/stm32l0xx_hal.o
 .debug_macro   0x000009cb       0x3a ./system/src/stm32l0xx/stm32l0xx_hal.o
 .debug_macro   0x00000a05       0x16 ./system/src/stm32l0xx/stm32l0xx_hal.o
 .debug_macro   0x00000a1b       0x44 ./system/src/stm32l0xx/stm32l0xx_hal.o
 .debug_macro   0x00000a5f      0x209 ./system/src/stm32l0xx/stm32l0xx_hal.o
 .debug_macro   0x00000c68       0x1f ./system/src/stm32l0xx/stm32l0xx_hal.o
 .debug_macro   0x00000c87      0x376 ./system/src/stm32l0xx/stm32l0xx_hal.o
 .debug_macro   0x00000ffd     0x398c ./system/src/stm32l0xx/stm32l0xx_hal.o
 .debug_macro   0x00004989       0x3c ./system/src/stm32l0xx/stm32l0xx_hal.o
 .debug_macro   0x000049c5       0x57 ./system/src/stm32l0xx/stm32l0xx_hal.o
 .debug_macro   0x00004a1c       0x82 ./system/src/stm32l0xx/stm32l0xx_hal.o
 .debug_macro   0x00004a9e      0x749 ./system/src/stm32l0xx/stm32l0xx_hal.o
 .debug_macro   0x000051e7      0x3ec ./system/src/stm32l0xx/stm32l0xx_hal.o
 .debug_macro   0x000055d3      0x13f ./system/src/stm32l0xx/stm32l0xx_hal.o
 .debug_macro   0x00005712      0x168 ./system/src/stm32l0xx/stm32l0xx_hal.o
 .debug_macro   0x0000587a      0x26b ./system/src/stm32l0xx/stm32l0xx_hal.o
 .debug_macro   0x00005ae5       0x28 ./system/src/stm32l0xx/stm32l0xx_hal.o
 .debug_macro   0x00005b0d      0x25d ./system/src/stm32l0xx/stm32l0xx_hal.o
 .debug_macro   0x00005d6a      0x14a ./system/src/stm32l0xx/stm32l0xx_hal.o
 .debug_macro   0x00005eb4       0x1c ./system/src/stm32l0xx/stm32l0xx_hal.o
 .debug_macro   0x00005ed0      0x131 ./system/src/stm32l0xx/stm32l0xx_hal.o
 .debug_macro   0x00006001       0x16 ./system/src/stm32l0xx/stm32l0xx_hal.o
 .debug_macro   0x00006017      0x1d1 ./system/src/stm32l0xx/stm32l0xx_hal.o
 .debug_macro   0x000061e8      0x130 ./system/src/stm32l0xx/stm32l0xx_hal.o
 .debug_macro   0x00006318      0x13d ./system/src/stm32l0xx/stm32l0xx_hal_cortex.o
 .debug_macro   0x00006455      0x17c ./system/src/stm32l0xx/stm32l0xx_hal_gpio.o
 .debug_macro   0x000065d1      0x13d ./system/src/stm32l0xx/stm32l0xx_hal_msp_template.o
 .debug_macro   0x0000670e      0x17f ./system/src/stm32l0xx/stm32l0xx_hal_rcc.o
 .debug_macro   0x0000688d      0x144 ./system/src/stm32l0xx/stm32l0xx_hal_spi.o
 .debug_macro   0x000069d1      0x11b ./system/src/newlib/_exit.o
 .debug_macro   0x00006aec       0xa3 ./system/src/newlib/_exit.o
 .debug_macro   0x00006b8f      0x10e ./system/src/newlib/_exit.o
 .debug_macro   0x00006c9d       0x86 ./system/src/newlib/_exit.o
 .debug_macro   0x00006d23       0x43 ./system/src/newlib/_exit.o
 .debug_macro   0x00006d66       0x10 ./system/src/newlib/_exit.o
 .debug_macro   0x00006d76       0x35 ./system/src/newlib/_exit.o
 .debug_macro   0x00006dab       0xe7 ./system/src/newlib/_startup.o
 .debug_macro   0x00006e92      0x169 ./system/src/newlib/_syscalls.o
 .debug_macro   0x00006ffb       0x1c ./system/src/newlib/_syscalls.o
 .debug_macro   0x00007017       0x10 ./system/src/newlib/_syscalls.o
 .debug_macro   0x00007027       0x10 ./system/src/newlib/_syscalls.o
 .debug_macro   0x00007037       0x10 ./system/src/newlib/_syscalls.o
 .debug_macro   0x00007047       0x35 ./system/src/newlib/_syscalls.o
 .debug_macro   0x0000707c      0x120 ./system/src/newlib/_syscalls.o
 .debug_macro   0x0000719c       0x22 ./system/src/newlib/_syscalls.o
 .debug_macro   0x000071be       0x2b ./system/src/newlib/_syscalls.o
 .debug_macro   0x000071e9      0x118 ./system/src/newlib/_syscalls.o
 .debug_macro   0x00007301      0x13a ./system/src/newlib/_syscalls.o
 .debug_macro   0x0000743b       0x16 ./system/src/newlib/_syscalls.o
 .debug_macro   0x00007451      0x147 ./system/src/cortexm/_initialize_hardware.o
 .debug_macro   0x00007598       0x1b ./system/src/cortexm/exception_handlers.o
 .debug_macro   0x000075b3      0x143 ./system/src/cmsis/system_stm32l0xx.o
 .debug_macro   0x000076f6       0x1b ./system/src/cmsis/vectors_stm32l0xx.o
 .debug_macro   0x00007711      0x20f ./src/main.o
 .debug_macro   0x00007920      0x1fc ./src/main.o
 .debug_macro   0x00007b1c       0x3a ./src/main.o
 .debug_macro   0x00007b56       0x22 ./src/main.o
 .debug_macro   0x00007b78      0x283 ./src/main.o
 .debug_macro   0x00007dfb       0x10 ./src/main.o
 .debug_macro   0x00007e0b       0x1f ./src/main.o
 .debug_macro   0x00007e2a      0x13d ./src/stm32l0xx_hal_msp.o
 .debug_macro   0x00007f67      0x14f ./src/stm32l0xx_it.o

.debug_line     0x00000000     0x46e1
 .debug_line    0x00000000      0x5bd ./system/src/stm32l0xx/stm32l0xx_hal.o
 .debug_line    0x000005bd      0x53e ./system/src/stm32l0xx/stm32l0xx_hal_cortex.o
 .debug_line    0x00000afb      0x4cb ./system/src/stm32l0xx/stm32l0xx_hal_gpio.o
 .debug_line    0x00000fc6      0x3dd ./system/src/stm32l0xx/stm32l0xx_hal_msp_template.o
 .debug_line    0x000013a3      0x673 ./system/src/stm32l0xx/stm32l0xx_hal_rcc.o
 .debug_line    0x00001a16      0xb79 ./system/src/stm32l0xx/stm32l0xx_hal_spi.o
 .debug_line    0x0000258f      0x255 ./system/src/newlib/_exit.o
 .debug_line    0x000027e4      0x2c9 ./system/src/newlib/_startup.o
 .debug_line    0x00002aad      0x46f ./system/src/newlib/_syscalls.o
 .debug_line    0x00002f1c      0x3d7 ./system/src/cortexm/_initialize_hardware.o
 .debug_line    0x000032f3       0xac ./system/src/cortexm/exception_handlers.o
 .debug_line    0x0000339f       0x8c ./system/src/cmsis/startup_stm32l051xx.o
 .debug_line    0x0000342b      0x3dc ./system/src/cmsis/system_stm32l0xx.o
 .debug_line    0x00003807       0x8e ./system/src/cmsis/vectors_stm32l0xx.o
 .debug_line    0x00003895      0x69d ./src/main.o
 .debug_line    0x00003f32      0x3cf ./src/stm32l0xx_hal_msp.o
 .debug_line    0x00004301      0x3e0 ./src/stm32l0xx_it.o

.debug_str      0x00000000    0x2eb05
 .debug_str     0x00000000    0x28080 ./system/src/stm32l0xx/stm32l0xx_hal.o
                              0x28287 (size before relaxing)
 .debug_str     0x00028080      0x1f4 ./system/src/stm32l0xx/stm32l0xx_hal_cortex.o
                              0x27f89 (size before relaxing)
 .debug_str     0x00028274      0x444 ./system/src/stm32l0xx/stm32l0xx_hal_gpio.o
                              0x280f2 (size before relaxing)
 .debug_str     0x000286b8       0x57 ./system/src/stm32l0xx/stm32l0xx_hal_msp_template.o
                              0x27bda (size before relaxing)
 .debug_str     0x0002870f      0x48e ./system/src/stm32l0xx/stm32l0xx_hal_rcc.o
                              0x281d4 (size before relaxing)
 .debug_str     0x00028b9d      0x78c ./system/src/stm32l0xx/stm32l0xx_hal_spi.o
                              0x283d9 (size before relaxing)
 .debug_str     0x00029329     0x2803 ./system/src/newlib/_exit.o
                               0x4dc0 (size before relaxing)
 .debug_str     0x0002bb2c      0x21d ./system/src/newlib/_startup.o
                               0x3db1 (size before relaxing)
 .debug_str     0x0002bd49     0x12c7 ./system/src/newlib/_syscalls.o
                               0x522d (size before relaxing)
 .debug_str     0x0002d010       0x6a ./system/src/cortexm/_initialize_hardware.o
                              0x27bd3 (size before relaxing)
 .debug_str     0x0002d07a       0xa1 ./system/src/cortexm/exception_handlers.o
                               0x23b4 (size before relaxing)
 .debug_str     0x0002d11b       0x5d ./system/src/cmsis/system_stm32l0xx.o
                              0x27cfe (size before relaxing)
 .debug_str     0x0002d178       0x57 ./system/src/cmsis/vectors_stm32l0xx.o
                               0x239f (size before relaxing)
 .debug_str     0x0002d1cf     0x18cc ./src/main.o
                              0x2b2fe (size before relaxing)
 .debug_str     0x0002ea9b       0x1b ./src/stm32l0xx_hal_msp.o
                              0x2818f (size before relaxing)
 .debug_str     0x0002eab6       0x4f ./src/stm32l0xx_it.o
                              0x27c3e (size before relaxing)

.comment        0x00000000       0x70
 .comment       0x00000000       0x70 ./system/src/stm32l0xx/stm32l0xx_hal.o
                                 0x71 (size before relaxing)
 .comment       0x00000000       0x71 ./system/src/stm32l0xx/stm32l0xx_hal_cortex.o
 .comment       0x00000000       0x71 ./system/src/stm32l0xx/stm32l0xx_hal_gpio.o
 .comment       0x00000000       0x71 ./system/src/stm32l0xx/stm32l0xx_hal_msp_template.o
 .comment       0x00000000       0x71 ./system/src/stm32l0xx/stm32l0xx_hal_rcc.o
 .comment       0x00000000       0x71 ./system/src/stm32l0xx/stm32l0xx_hal_spi.o
 .comment       0x00000000       0x71 ./system/src/newlib/_exit.o
 .comment       0x00000000       0x71 ./system/src/newlib/_startup.o
 .comment       0x00000000       0x71 ./system/src/newlib/_syscalls.o
 .comment       0x00000000       0x71 ./system/src/cortexm/_initialize_hardware.o
 .comment       0x00000000       0x71 ./system/src/cortexm/exception_handlers.o
 .comment       0x00000000       0x71 ./system/src/cmsis/system_stm32l0xx.o
 .comment       0x00000000       0x71 ./system/src/cmsis/vectors_stm32l0xx.o
 .comment       0x00000000       0x71 ./src/main.o
 .comment       0x00000000       0x71 ./src/stm32l0xx_hal_msp.o
 .comment       0x00000000       0x71 ./src/stm32l0xx_it.o

.debug_frame    0x00000000     0x1610
 .debug_frame   0x00000000      0x368 ./system/src/stm32l0xx/stm32l0xx_hal.o
 .debug_frame   0x00000368      0x264 ./system/src/stm32l0xx/stm32l0xx_hal_cortex.o
 .debug_frame   0x000005cc      0x110 ./system/src/stm32l0xx/stm32l0xx_hal_gpio.o
 .debug_frame   0x000006dc       0x80 ./system/src/stm32l0xx/stm32l0xx_hal_msp_template.o
 .debug_frame   0x0000075c      0x194 ./system/src/stm32l0xx/stm32l0xx_hal_rcc.o
 .debug_frame   0x000008f0      0x4f0 ./system/src/stm32l0xx/stm32l0xx_hal_spi.o
 .debug_frame   0x00000de0       0x50 ./system/src/newlib/_exit.o
 .debug_frame   0x00000e30       0xb0 ./system/src/newlib/_startup.o
 .debug_frame   0x00000ee0      0x2e8 ./system/src/newlib/_syscalls.o
 .debug_frame   0x000011c8       0x48 ./system/src/cortexm/_initialize_hardware.o
 .debug_frame   0x00001210       0xb8 ./system/src/cortexm/exception_handlers.o
 .debug_frame   0x000012c8       0x4c ./system/src/cmsis/system_stm32l0xx.o
 .debug_frame   0x00001314       0x2c ./system/src/cmsis/vectors_stm32l0xx.o
 .debug_frame   0x00001340      0x1ac ./src/main.o
 .debug_frame   0x000014ec       0x70 ./src/stm32l0xx_hal_msp.o
 .debug_frame   0x0000155c       0x64 ./src/stm32l0xx_it.o
 .debug_frame   0x000015c0       0x20 c:/progra~2/gnutoo~1/44f1d~1.820/bin/../lib/gcc/arm-none-eabi/4.8.4/armv6-m\libgcc.a(_udivsi3.o)
 .debug_frame   0x000015e0       0x30 c:/progra~2/gnutoo~1/44f1d~1.820/bin/../lib/gcc/arm-none-eabi/4.8.4/../../../../arm-none-eabi/lib/armv6-m\libg.a(lib_a-memcpy-stub.o)
