Archive member included because of file (symbol)

c:/program files (x86)/atollic/truestudio for arm 5.4.0/armtools/bin/../lib/gcc/arm-atollic-eabi/4.8.3/../../../../arm-atollic-eabi/lib/armv6-m\libc_s.a(lib_a-init.o)
                              src\startup_stm32l053xx.o (__libc_init_array)
c:/program files (x86)/atollic/truestudio for arm 5.4.0/armtools/bin/../lib/gcc/arm-atollic-eabi/4.8.3/../../../../arm-atollic-eabi/lib/armv6-m\libc_s.a(lib_a-memcpy-stub.o)
                              src\main.o (memcpy)
c:/program files (x86)/atollic/truestudio for arm 5.4.0/armtools/bin/../lib/gcc/arm-atollic-eabi/4.8.3/../../../../arm-atollic-eabi/lib/armv6-m\libc_s.a(lib_a-strlen.o)
                              src\tiny_printf.o (strlen)
c:/program files (x86)/atollic/truestudio for arm 5.4.0/armtools/bin/../lib/gcc/arm-atollic-eabi/4.8.3/../../../../arm-atollic-eabi/lib/armv6-m\libc_s.a(lib_a-syscalls.o)
                              src\tiny_printf.o (_write)
c:/program files (x86)/atollic/truestudio for arm 5.4.0/armtools/bin/../lib/gcc/arm-atollic-eabi/4.8.3/../../../../arm-atollic-eabi/lib/armv6-m\libc_s.a(lib_a-reent.o)
                              c:/program files (x86)/atollic/truestudio for arm 5.4.0/armtools/bin/../lib/gcc/arm-atollic-eabi/4.8.3/../../../../arm-atollic-eabi/lib/armv6-m\libc_s.a(lib_a-syscalls.o) (errno)
c:/program files (x86)/atollic/truestudio for arm 5.4.0/armtools/bin/../lib/gcc/arm-atollic-eabi/4.8.3/../../../../arm-atollic-eabi/lib/armv6-m\libc_s.a(lib_a-impure.o)
                              c:/program files (x86)/atollic/truestudio for arm 5.4.0/armtools/bin/../lib/gcc/arm-atollic-eabi/4.8.3/../../../../arm-atollic-eabi/lib/armv6-m\libc_s.a(lib_a-reent.o) (_impure_ptr)
c:/program files (x86)/atollic/truestudio for arm 5.4.0/armtools/bin/../lib/gcc/arm-atollic-eabi/4.8.3/../../../../arm-atollic-eabi/lib/armv6-m\libc_s.a(lib_a-nano-freer.o)
                              c:/program files (x86)/atollic/truestudio for arm 5.4.0/armtools/bin/../lib/gcc/arm-atollic-eabi/4.8.3/../../../../arm-atollic-eabi/lib/armv6-m\libc_s.a(lib_a-reent.o) (_free_r)
c:/program files (x86)/atollic/truestudio for arm 5.4.0/armtools/bin/../lib/gcc/arm-atollic-eabi/4.8.3/../../../../arm-atollic-eabi/lib/armv6-m\libc_s.a(lib_a-nano-mallocr.o)
                              c:/program files (x86)/atollic/truestudio for arm 5.4.0/armtools/bin/../lib/gcc/arm-atollic-eabi/4.8.3/../../../../arm-atollic-eabi/lib/armv6-m\libc_s.a(lib_a-nano-freer.o) (__malloc_free_list)
c:/program files (x86)/atollic/truestudio for arm 5.4.0/armtools/bin/../lib/gcc/arm-atollic-eabi/4.8.3/../../../../arm-atollic-eabi/lib/armv6-m\libc_s.a(lib_a-sbrkr.o)
                              c:/program files (x86)/atollic/truestudio for arm 5.4.0/armtools/bin/../lib/gcc/arm-atollic-eabi/4.8.3/../../../../arm-atollic-eabi/lib/armv6-m\libc_s.a(lib_a-nano-mallocr.o) (_sbrk_r)
c:/program files (x86)/atollic/truestudio for arm 5.4.0/armtools/bin/../lib/gcc/arm-atollic-eabi/4.8.3/armv6-m\libgcc.a(_udivsi3.o)
                              src\tiny_printf.o (__aeabi_uidiv)
c:/program files (x86)/atollic/truestudio for arm 5.4.0/armtools/bin/../lib/gcc/arm-atollic-eabi/4.8.3/armv6-m\libgcc.a(_divsi3.o)
                              src\tiny_printf.o (__aeabi_idiv)
c:/program files (x86)/atollic/truestudio for arm 5.4.0/armtools/bin/../lib/gcc/arm-atollic-eabi/4.8.3/armv6-m\libgcc.a(_dvmd_tls.o)
                              c:/program files (x86)/atollic/truestudio for arm 5.4.0/armtools/bin/../lib/gcc/arm-atollic-eabi/4.8.3/armv6-m\libgcc.a(_udivsi3.o) (__aeabi_idiv0)

Allocating common symbols
Common symbol       size              file

errno               0x4               c:/program files (x86)/atollic/truestudio for arm 5.4.0/armtools/bin/../lib/gcc/arm-atollic-eabi/4.8.3/../../../../arm-atollic-eabi/lib/armv6-m\libc_s.a(lib_a-reent.o)
pFlash              0x14              Drivers\STM32L0xx_HAL_Driver\Src\stm32l0xx_hal_flash.o
hspi1               0x54              src\main.o

Discarded input sections

 .text          0x00000000        0x0 c:/program files (x86)/atollic/truestudio for arm 5.4.0/armtools/bin/../lib/gcc/arm-atollic-eabi/4.8.3/armv6-m/crti.o
 .data          0x00000000        0x0 c:/program files (x86)/atollic/truestudio for arm 5.4.0/armtools/bin/../lib/gcc/arm-atollic-eabi/4.8.3/armv6-m/crti.o
 .bss           0x00000000        0x0 c:/program files (x86)/atollic/truestudio for arm 5.4.0/armtools/bin/../lib/gcc/arm-atollic-eabi/4.8.3/armv6-m/crti.o
 .data          0x00000000        0x4 c:/program files (x86)/atollic/truestudio for arm 5.4.0/armtools/bin/../lib/gcc/arm-atollic-eabi/4.8.3/armv6-m/crtbegin.o
 .text          0x00000000        0x0 src\tiny_printf.o
 .data          0x00000000        0x0 src\tiny_printf.o
 .bss           0x00000000        0x0 src\tiny_printf.o
 .text.ts_itoa  0x00000000       0x98 src\tiny_printf.o
 .text.ts_formatstring
                0x00000000      0x134 src\tiny_printf.o
 .text.ts_formatlength
[...]
Memory Configuration

Name             Origin             Length             Attributes
FLASH            0x08000000         0x00010000         xr
RAM              0x20000000         0x00002000         xrw
MEMORY_B1        0x60000000         0x00000000         xr
*default*        0x00000000         0xffffffff

Linker script and memory map

LOAD c:/program files (x86)/atollic/truestudio for arm 5.4.0/armtools/bin/../lib/gcc/arm-atollic-eabi/4.8.3/armv6-m/crti.o
LOAD c:/program files (x86)/atollic/truestudio for arm 5.4.0/armtools/bin/../lib/gcc/arm-atollic-eabi/4.8.3/armv6-m/crtbegin.o
LOAD src\tiny_printf.o
LOAD src\system_stm32l0xx.o
LOAD src\stm32l0xx_it.o
LOAD src\stm32l0xx_hal_msp.o
LOAD src\startup_stm32l053xx.o
LOAD src\main.o
LOAD Drivers\STM32L0xx_HAL_Driver\Src\stm32l0xx_hal_wwdg.o
LOAD Drivers\STM32L0xx_HAL_Driver\Src\stm32l0xx_hal_usart.o
LOAD Drivers\STM32L0xx_HAL_Driver\Src\stm32l0xx_hal_uart_ex.o
LOAD Drivers\STM32L0xx_HAL_Driver\Src\stm32l0xx_hal_uart.o
LOAD Drivers\STM32L0xx_HAL_Driver\Src\stm32l0xx_hal_tsc.o
LOAD Drivers\STM32L0xx_HAL_Driver\Src\stm32l0xx_hal_tim_ex.o
LOAD Drivers\STM32L0xx_HAL_Driver\Src\stm32l0xx_hal_tim.o
LOAD Drivers\STM32L0xx_HAL_Driver\Src\stm32l0xx_hal_spi.o
LOAD Drivers\STM32L0xx_HAL_Driver\Src\stm32l0xx_hal_smbus.o
LOAD Drivers\STM32L0xx_HAL_Driver\Src\stm32l0xx_hal_smartcard_ex.o
LOAD Drivers\STM32L0xx_HAL_Driver\Src\stm32l0xx_hal_smartcard.o
LOAD Drivers\STM32L0xx_HAL_Driver\Src\stm32l0xx_hal_rtc_ex.o
LOAD Drivers\STM32L0xx_HAL_Driver\Src\stm32l0xx_hal_rtc.o
LOAD Drivers\STM32L0xx_HAL_Driver\Src\stm32l0xx_hal_rng.o
LOAD Drivers\STM32L0xx_HAL_Driver\Src\stm32l0xx_hal_rcc_ex.o
LOAD Drivers\STM32L0xx_HAL_Driver\Src\stm32l0xx_hal_rcc.o
LOAD Drivers\STM32L0xx_HAL_Driver\Src\stm32l0xx_hal_pwr_ex.o
LOAD Drivers\STM32L0xx_HAL_Driver\Src\stm32l0xx_hal_pwr.o
LOAD Drivers\STM32L0xx_HAL_Driver\Src\stm32l0xx_hal_pcd_ex.o
LOAD Drivers\STM32L0xx_HAL_Driver\Src\stm32l0xx_hal_pcd.o
LOAD Drivers\STM32L0xx_HAL_Driver\Src\stm32l0xx_hal_msp_template.o
LOAD Drivers\STM32L0xx_HAL_Driver\Src\stm32l0xx_hal_lptim.o
LOAD Drivers\STM32L0xx_HAL_Driver\Src\stm32l0xx_hal_lcd.o
LOAD Drivers\STM32L0xx_HAL_Driver\Src\stm32l0xx_hal_iwdg.o
LOAD Drivers\STM32L0xx_HAL_Driver\Src\stm32l0xx_hal_irda.o
LOAD Drivers\STM32L0xx_HAL_Driver\Src\stm32l0xx_hal_i2s.o
LOAD Drivers\STM32L0xx_HAL_Driver\Src\stm32l0xx_hal_i2c_ex.o
LOAD Drivers\STM32L0xx_HAL_Driver\Src\stm32l0xx_hal_i2c.o
LOAD Drivers\STM32L0xx_HAL_Driver\Src\stm32l0xx_hal_gpio.o
LOAD Drivers\STM32L0xx_HAL_Driver\Src\stm32l0xx_hal_flash_ramfunc.o
LOAD Drivers\STM32L0xx_HAL_Driver\Src\stm32l0xx_hal_flash_ex.o
LOAD Drivers\STM32L0xx_HAL_Driver\Src\stm32l0xx_hal_flash.o
LOAD Drivers\STM32L0xx_HAL_Driver\Src\stm32l0xx_hal_dma.o
LOAD Drivers\STM32L0xx_HAL_Driver\Src\stm32l0xx_hal_dac_ex.o
LOAD Drivers\STM32L0xx_HAL_Driver\Src\stm32l0xx_hal_dac.o
LOAD Drivers\STM32L0xx_HAL_Driver\Src\stm32l0xx_hal_cryp_ex.o
LOAD Drivers\STM32L0xx_HAL_Driver\Src\stm32l0xx_hal_cryp.o
LOAD Drivers\STM32L0xx_HAL_Driver\Src\stm32l0xx_hal_crc_ex.o
LOAD Drivers\STM32L0xx_HAL_Driver\Src\stm32l0xx_hal_crc.o
LOAD Drivers\STM32L0xx_HAL_Driver\Src\stm32l0xx_hal_cortex.o
LOAD Drivers\STM32L0xx_HAL_Driver\Src\stm32l0xx_hal_comp.o
LOAD Drivers\STM32L0xx_HAL_Driver\Src\stm32l0xx_hal_adc_ex.o
LOAD Drivers\STM32L0xx_HAL_Driver\Src\stm32l0xx_hal_adc.o
LOAD Drivers\STM32L0xx_HAL_Driver\Src\stm32l0xx_hal.o
START GROUP
LOAD c:/program files (x86)/atollic/truestudio for arm 5.4.0/armtools/bin/../lib/gcc/arm-atollic-eabi/4.8.3/../../../../arm-atollic-eabi/lib/armv6-m\libc_s.a
LOAD c:/program files (x86)/atollic/truestudio for arm 5.4.0/armtools/bin/../lib/gcc/arm-atollic-eabi/4.8.3/../../../../arm-atollic-eabi/lib/armv6-m\libm.a
END GROUP
                0x00001000                malloc_getpagesize_P = 0x1000
START GROUP
LOAD c:/program files (x86)/atollic/truestudio for arm 5.4.0/armtools/bin/../lib/gcc/arm-atollic-eabi/4.8.3/armv6-m\libgcc.a
LOAD c:/program files (x86)/atollic/truestudio for arm 5.4.0/armtools/bin/../lib/gcc/arm-atollic-eabi/4.8.3/../../../../arm-atollic-eabi/lib/armv6-m\libc.a
END GROUP
LOAD c:/program files (x86)/atollic/truestudio for arm 5.4.0/armtools/bin/../lib/gcc/arm-atollic-eabi/4.8.3/armv6-m/crtend.o
LOAD c:/program files (x86)/atollic/truestudio for arm 5.4.0/armtools/bin/../lib/gcc/arm-atollic-eabi/4.8.3/armv6-m/crtn.o
                0x20002000                _estack = 0x20002000
                0x00000000                _Min_Heap_Size = 0x0
                0x00000080                _Min_Stack_Size = 0x80

.isr_vector     0x08000000       0xc0
                0x08000000                . = ALIGN (0x4)
 *(.isr_vector)
 .isr_vector    0x08000000       0xc0 src\startup_stm32l053xx.o
                0x08000000                g_pfnVectors
                0x080000c0                . = ALIGN (0x4)

.text           0x080000c0     0x2790
                0x080000c0                . = ALIGN (0x4)
 *(.text)
 .text          0x080000c0       0x48 c:/program files (x86)/atollic/truestudio for arm 5.4.0/armtools/bin/../lib/gcc/arm-atollic-eabi/4.8.3/armv6-m/crtbegin.o
 .text          0x08000108       0x9c c:/program files (x86)/atollic/truestudio for arm 5.4.0/armtools/bin/../lib/gcc/arm-atollic-eabi/4.8.3/armv6-m\libgcc.a(_udivsi3.o)
                0x08000108                __aeabi_uidiv
                0x08000108                __udivsi3
                0x08000190                __aeabi_uidivmod
 .text          0x080001a4        0x4 c:/program files (x86)/atollic/truestudio for arm 5.4.0/armtools/bin/../lib/gcc/arm-atollic-eabi/4.8.3/armv6-m\libgcc.a(_dvmd_tls.o)
                0x080001a4                __aeabi_idiv0
                0x080001a4                __aeabi_ldiv0
 *(.text*)
 .text.SystemInit
                0x080001a8       0x78 src\system_stm32l0xx.o
                0x080001a8                SystemInit
 .text.SysTick_Handler
                0x08000220       0x10 src\stm32l0xx_it.o
                0x08000220                SysTick_Handler
 .text.EXTI2_3_IRQHandler
                0x08000230       0x34 src\stm32l0xx_it.o
                0x08000230                EXTI2_3_IRQHandler
 .text.EXTI4_15_IRQHandler
                0x08000264       0x7c src\stm32l0xx_it.o
                0x08000264                EXTI4_15_IRQHandler
 .text.HAL_GPIO_EXTI_Callback
                0x080002e0       0xa0 src\stm32l0xx_hal_msp.o
                0x080002e0                HAL_GPIO_EXTI_Callback
 .text.HAL_SPI_MspInit
                0x08000380       0xa4 src\stm32l0xx_hal_msp.o
                0x08000380                HAL_SPI_MspInit
 .text.Reset_Handler
                0x08000424       0x50 src\startup_stm32l053xx.o
                0x08000424                Reset_Handler
 .text.Default_Handler
                0x08000474        0x2 src\startup_stm32l053xx.o
                0x08000474                DebugMon_Handler
                0x08000474                TSC_IRQHandler
                0x08000474                HardFault_Handler
                0x08000474                ADC1_COMP_IRQHandler
                0x08000474                PVD_IRQHandler
                0x08000474                PendSV_Handler
                0x08000474                NMI_Handler
                0x08000474                I2C1_IRQHandler
                0x08000474                RCC_CRS_IRQHandler
                0x08000474                SPI1_IRQHandler
                0x08000474                TIM6_DAC_IRQHandler
                0x08000474                I2C2_IRQHandler
                0x08000474                RTC_IRQHandler
                0x08000474                LCD_IRQHandler
                0x08000474                DMA1_Channel4_5_6_7_IRQHandler
                0x08000474                DMA1_Channel1_IRQHandler
                0x08000474                Default_Handler
                0x08000474                TIM22_IRQHandler
                0x08000474                EXTI0_1_IRQHandler
                0x08000474                USB_IRQHandler
                0x08000474                SPI2_IRQHandler
                0x08000474                SVC_Handler
                0x08000474                TIM21_IRQHandler
                0x08000474                WWDG_IRQHandler
                0x08000474                TIM2_IRQHandler
                0x08000474                DMA1_Channel2_3_IRQHandler
                0x08000474                USART2_IRQHandler
                0x08000474                FLASH_IRQHandler
                0x08000474                USART1_IRQHandler
                0x08000474                RNG_LPUART1_IRQHandler
                0x08000474                LPTIM1_IRQHandler
 *fill*         0x08000476        0x2 
 .text.NVIC_SetPriority
                0x08000478       0xe0 src\main.o
 .text.NVIC_SystemReset
                0x08000558       0x1c src\main.o
 .text.main     0x08000574       0x58 src\main.o
                0x08000574                main
 .text.utrusta_set_light_off
                0x080005cc       0x7c src\main.o
                0x080005cc                utrusta_set_light_off
 .text.utrusta_set_light_full
                0x08000648       0x7c src\main.o
                0x08000648                utrusta_set_light_full
 .text.utrusta_send_programm
                0x080006c4       0x7c src\main.o
                0x080006c4                utrusta_send_programm
 .text.init_cc2500
                0x08000740      0x284 src\main.o
                0x08000740                init_cc2500
 .text.us_delay
                0x080009c4       0x28 src\main.o
                0x080009c4                us_delay
 .text.cc2500_xfer_tx
                0x080009ec      0x1fc src\main.o
                0x080009ec                cc2500_xfer_tx
 .text.cc2500_xfer_cmd
                0x08000be8       0x78 src\main.o
                0x08000be8                cc2500_xfer_cmd
 .text.cc2500_xfer_reg
                0x08000c60       0xa8 src\main.o
                0x08000c60                cc2500_xfer_reg
 .text.SystemClock_Config
                0x08000d08       0xb0 src\main.o
                0x08000d08                SystemClock_Config
 .text.MX_SPI1_Init
                0x08000db8       0x60 src\main.o
 .text.MX_GPIO_Init
                0x08000e18       0xf4 src\main.o
 .text.HAL_SPI_Init
                0x08000f0c       0xcc Drivers\STM32L0xx_HAL_Driver\Src\stm32l0xx_hal_spi.o
                0x08000f0c                HAL_SPI_Init
 .text.HAL_SPI_TransmitReceive
                0x08000fd8      0x51c Drivers\STM32L0xx_HAL_Driver\Src\stm32l0xx_hal_spi.o
                0x08000fd8                HAL_SPI_TransmitReceive
 .text.SPI_WaitOnFlagUntilTimeout
                0x080014f4      0x154 Drivers\STM32L0xx_HAL_Driver\Src\stm32l0xx_hal_spi.o
 .text.HAL_RCC_OscConfig
                0x08001648      0x61c Drivers\STM32L0xx_HAL_Driver\Src\stm32l0xx_hal_rcc.o
                0x08001648                HAL_RCC_OscConfig
 .text.HAL_RCC_ClockConfig
                0x08001c64      0x358 Drivers\STM32L0xx_HAL_Driver\Src\stm32l0xx_hal_rcc.o
                0x08001c64                HAL_RCC_ClockConfig
 .text.HAL_RCC_GetSysClockFreq
                0x08001fbc      0x100 Drivers\STM32L0xx_HAL_Driver\Src\stm32l0xx_hal_rcc.o
                0x08001fbc                HAL_RCC_GetSysClockFreq
 .text.HAL_RCC_GetHCLKFreq
                0x080020bc       0x38 Drivers\STM32L0xx_HAL_Driver\Src\stm32l0xx_hal_rcc.o
                0x080020bc                HAL_RCC_GetHCLKFreq
 .text.HAL_MspInit
                0x080020f4        0x8 Drivers\STM32L0xx_HAL_Driver\Src\stm32l0xx_hal_msp_template.o
                0x080020f4                HAL_MspInit
 .text.HAL_GPIO_Init
                0x080020fc      0x300 Drivers\STM32L0xx_HAL_Driver\Src\stm32l0xx_hal_gpio.o
                0x080020fc                HAL_GPIO_Init
 .text.HAL_GPIO_ReadPin
                0x080023fc       0x3c Drivers\STM32L0xx_HAL_Driver\Src\stm32l0xx_hal_gpio.o
                0x080023fc                HAL_GPIO_ReadPin
 .text.HAL_GPIO_WritePin
                0x08002438       0x30 Drivers\STM32L0xx_HAL_Driver\Src\stm32l0xx_hal_gpio.o
                0x08002438                HAL_GPIO_WritePin
 .text.HAL_GPIO_EXTI_IRQHandler
                0x08002468       0x34 Drivers\STM32L0xx_HAL_Driver\Src\stm32l0xx_hal_gpio.o
                0x08002468                HAL_GPIO_EXTI_IRQHandler
 .text.NVIC_EnableIRQ
                0x0800249c       0x2c Drivers\STM32L0xx_HAL_Driver\Src\stm32l0xx_hal_cortex.o
 .text.NVIC_DisableIRQ
                0x080024c8       0x30 Drivers\STM32L0xx_HAL_Driver\Src\stm32l0xx_hal_cortex.o
 .text.NVIC_ClearPendingIRQ
                0x080024f8       0x34 Drivers\STM32L0xx_HAL_Driver\Src\stm32l0xx_hal_cortex.o
 .text.NVIC_SetPriority
                0x0800252c       0xe0 Drivers\STM32L0xx_HAL_Driver\Src\stm32l0xx_hal_cortex.o
 .text.SysTick_Config
                0x0800260c       0x48 Drivers\STM32L0xx_HAL_Driver\Src\stm32l0xx_hal_cortex.o
 .text.HAL_NVIC_SetPriority
                0x08002654       0x2c Drivers\STM32L0xx_HAL_Driver\Src\stm32l0xx_hal_cortex.o
                0x08002654                HAL_NVIC_SetPriority
 .text.HAL_NVIC_EnableIRQ
                0x08002680       0x20 Drivers\STM32L0xx_HAL_Driver\Src\stm32l0xx_hal_cortex.o
                0x08002680                HAL_NVIC_EnableIRQ
 .text.HAL_NVIC_DisableIRQ
                0x080026a0       0x20 Drivers\STM32L0xx_HAL_Driver\Src\stm32l0xx_hal_cortex.o
                0x080026a0                HAL_NVIC_DisableIRQ
 .text.HAL_SYSTICK_Config
                0x080026c0       0x1c Drivers\STM32L0xx_HAL_Driver\Src\stm32l0xx_hal_cortex.o
                0x080026c0                HAL_SYSTICK_Config
 .text.HAL_NVIC_ClearPendingIRQ
                0x080026dc       0x20 Drivers\STM32L0xx_HAL_Driver\Src\stm32l0xx_hal_cortex.o
                0x080026dc                HAL_NVIC_ClearPendingIRQ
 .text.HAL_SYSTICK_IRQHandler
                0x080026fc        0xc Drivers\STM32L0xx_HAL_Driver\Src\stm32l0xx_hal_cortex.o
                0x080026fc                HAL_SYSTICK_IRQHandler
 .text.HAL_SYSTICK_Callback
                0x08002708        0x8 Drivers\STM32L0xx_HAL_Driver\Src\stm32l0xx_hal_cortex.o
                0x08002708                HAL_SYSTICK_Callback
 .text.HAL_Init
                0x08002710       0x34 Drivers\STM32L0xx_HAL_Driver\Src\stm32l0xx_hal.o
                0x08002710                HAL_Init
 .text.HAL_InitTick
                0x08002744       0x3c Drivers\STM32L0xx_HAL_Driver\Src\stm32l0xx_hal.o
                0x08002744                HAL_InitTick
 .text.HAL_IncTick
                0x08002780       0x18 Drivers\STM32L0xx_HAL_Driver\Src\stm32l0xx_hal.o
                0x08002780                HAL_IncTick
 .text.HAL_GetTick
                0x08002798       0x14 Drivers\STM32L0xx_HAL_Driver\Src\stm32l0xx_hal.o
                0x08002798                HAL_GetTick
 .text.HAL_Delay
                0x080027ac       0x2c Drivers\STM32L0xx_HAL_Driver\Src\stm32l0xx_hal.o
                0x080027ac                HAL_Delay
 .text.__libc_init_array
                0x080027d8       0x4c c:/program files (x86)/atollic/truestudio for arm 5.4.0/armtools/bin/../lib/gcc/arm-atollic-eabi/4.8.3/../../../../arm-atollic-eabi/lib/armv6-m\libc_s.a(lib_a-init.o)
                0x080027d8                __libc_init_array
 .text.memcpy   0x08002824       0x12 c:/program files (x86)/atollic/truestudio for arm 5.4.0/armtools/bin/../lib/gcc/arm-atollic-eabi/4.8.3/../../../../arm-atollic-eabi/lib/armv6-m\libc_s.a(lib_a-memcpy-stub.o)
                0x08002824                memcpy
 *(.glue_7)
 .glue_7        0x00000000        0x0 linker stubs
 *(.glue_7t)
 .glue_7t       0x00000000        0x0 linker stubs
 *(.eh_frame)
 *fill*         0x08002836        0x2 
 .eh_frame      0x08002838        0x0 c:/program files (x86)/atollic/truestudio for arm 5.4.0/armtools/bin/../lib/gcc/arm-atollic-eabi/4.8.3/armv6-m/crtbegin.o
 *(.init)
 .init          0x08002838        0x4 c:/program files (x86)/atollic/truestudio for arm 5.4.0/armtools/bin/../lib/gcc/arm-atollic-eabi/4.8.3/armv6-m/crti.o
                0x08002838                _init
 .init          0x0800283c        0x8 c:/program files (x86)/atollic/truestudio for arm 5.4.0/armtools/bin/../lib/gcc/arm-atollic-eabi/4.8.3/armv6-m/crtn.o
 *(.fini)
 .fini          0x08002844        0x4 c:/program files (x86)/atollic/truestudio for arm 5.4.0/armtools/bin/../lib/gcc/arm-atollic-eabi/4.8.3/armv6-m/crti.o
                0x08002844                _fini
 .fini          0x08002848        0x8 c:/program files (x86)/atollic/truestudio for arm 5.4.0/armtools/bin/../lib/gcc/arm-atollic-eabi/4.8.3/armv6-m/crtn.o
                0x08002850                . = ALIGN (0x4)
                0x08002850                _etext = .

.vfp11_veneer   0x08002850        0x0
 .vfp11_veneer  0x00000000        0x0 linker stubs

.v4_bx          0x08002850        0x0
 .v4_bx         0x00000000        0x0 linker stubs

.iplt           0x08002850        0x0
 .iplt          0x00000000        0x0 c:/program files (x86)/atollic/truestudio for arm 5.4.0/armtools/bin/../lib/gcc/arm-atollic-eabi/4.8.3/armv6-m/crtbegin.o

.rodata         0x08002850       0x1c
                0x08002850                . = ALIGN (0x4)
 *(.rodata)
 *(.rodata*)
 .rodata.MSIRangeTable
                0x08002850       0x1c Drivers\STM32L0xx_HAL_Driver\Src\stm32l0xx_hal_rcc.o
                0x08002850                MSIRangeTable
                0x0800286c                . = ALIGN (0x4)

.rel.dyn        0x0800286c        0x0
 .rel.iplt      0x00000000        0x0 c:/program files (x86)/atollic/truestudio for arm 5.4.0/armtools/bin/../lib/gcc/arm-atollic-eabi/4.8.3/armv6-m/crtbegin.o

.ARM.extab
 *(.ARM.extab* .gnu.linkonce.armextab.*)

.ARM            0x0800286c        0x0
                0x0800286c                __exidx_start = .
 *(.ARM.exidx*)
                0x0800286c                __exidx_end = .

.preinit_array  0x0800286c        0x0
                0x0800286c                PROVIDE (__preinit_array_start, .)
 *(.preinit_array*)
                0x0800286c                PROVIDE (__preinit_array_end, .)

.init_array     0x0800286c        0x4
                0x0800286c                PROVIDE (__init_array_start, .)
 *(SORT(.init_array.*))
 *(.init_array*)
 .init_array    0x0800286c        0x4 c:/program files (x86)/atollic/truestudio for arm 5.4.0/armtools/bin/../lib/gcc/arm-atollic-eabi/4.8.3/armv6-m/crtbegin.o
                0x08002870                PROVIDE (__init_array_end, .)

.fini_array     0x08002870        0x4
                0x08002870                PROVIDE (__fini_array_start, .)
 *(SORT(.fini_array.*))
 *(.fini_array*)
 .fini_array    0x08002870        0x4 c:/program files (x86)/atollic/truestudio for arm 5.4.0/armtools/bin/../lib/gcc/arm-atollic-eabi/4.8.3/armv6-m/crtbegin.o
                0x08002874                PROVIDE (__fini_array_end, .)
                0x08002874                _sidata = LOADADDR (.data)

.data           0x20000000       0x50 load address 0x08002874
                0x20000000                . = ALIGN (0x4)
                0x20000000                _sdata = .
 *(.data)
 *(.data*)
 .data.SystemCoreClock
                0x20000000        0x4 src\system_stm32l0xx.o
                0x20000000                SystemCoreClock
 .data.rf_settings_default
                0x20000004       0x30 src\main.o
                0x20000004                rf_settings_default
 .data.PLLMulTable
                0x20000034        0xc Drivers\STM32L0xx_HAL_Driver\Src\stm32l0xx_hal_rcc.o
 .data.APBAHBPrescTable
                0x20000040       0x10 Drivers\STM32L0xx_HAL_Driver\Src\stm32l0xx_hal_rcc.o
                0x20000050                . = ALIGN (0x4)
                0x20000050                _edata = .

.igot.plt       0x20000050        0x0 load address 0x080028c4
 .igot.plt      0x00000000        0x0 c:/program files (x86)/atollic/truestudio for arm 5.4.0/armtools/bin/../lib/gcc/arm-atollic-eabi/4.8.3/armv6-m/crtbegin.o
                0x20000050                . = ALIGN (0x4)

.bss            0x20000050       0x94 load address 0x080028c4
                0x20000050                _sbss = .
                0x20000050                __bss_start__ = _sbss
 *(.bss)
 .bss           0x20000050       0x1c c:/program files (x86)/atollic/truestudio for arm 5.4.0/armtools/bin/../lib/gcc/arm-atollic-eabi/4.8.3/armv6-m/crtbegin.o
 *(.bss*)
 .bss.spi_rx_buffer
                0x2000006c        0xc src\main.o
                0x2000006c                spi_rx_buffer
 .bss.spi_tx_buffer
                0x20000078        0xc src\main.o
                0x20000078                spi_tx_buffer
 .bss.global_loop_counter
                0x20000084        0x1 src\main.o
                0x20000084                global_loop_counter
 *fill*         0x20000085        0x3 
 .bss.delay_time
                0x20000088        0x4 src\main.o
                0x20000088                delay_time
 .bss.uwTick    0x2000008c        0x4 Drivers\STM32L0xx_HAL_Driver\Src\stm32l0xx_hal.o
 *(COMMON)
 COMMON         0x20000090       0x54 src\main.o
                0x20000090                hspi1
                0x200000e4                . = ALIGN (0x4)
                0x200000e4                _ebss = .
                0x200000e4                __bss_end__ = _ebss

._user_heap_stack
                0x200000e4       0x80 load address 0x080028c4
                0x200000e4                . = ALIGN (0x4)
                0x200000e4                PROVIDE (end, .)
                0x200000e4                PROVIDE (_end, .)
                0x200000e4                . = (. + _Min_Heap_Size)
                0x20000164                . = (. + _Min_Stack_Size)
 *fill*         0x200000e4       0x80 
                0x20000164                . = ALIGN (0x4)

.memory_b1_text
 *(.mb1text)
 *(.mb1text*)
 *(.mb1rodata)
 *(.mb1rodata*)

/DISCARD/
 libc.a(*)
 libm.a(*)
 libgcc.a(*)

.ARM.attributes
                0x00000000       0x28
 *(.ARM.attributes)
 .ARM.attributes
                0x00000000       0x1e c:/program files (x86)/atollic/truestudio for arm 5.4.0/armtools/bin/../lib/gcc/arm-atollic-eabi/4.8.3/armv6-m/crti.o
 .ARM.attributes
                0x0000001e       0x2c c:/program files (x86)/atollic/truestudio for arm 5.4.0/armtools/bin/../lib/gcc/arm-atollic-eabi/4.8.3/armv6-m/crtbegin.o
 .ARM.attributes
                0x0000004a       0x32 src\system_stm32l0xx.o
 .ARM.attributes
                0x0000007c       0x32 src\stm32l0xx_it.o
 .ARM.attributes
                0x000000ae       0x32 src\stm32l0xx_hal_msp.o
 .ARM.attributes
                0x000000e0       0x22 src\startup_stm32l053xx.o
 .ARM.attributes
                0x00000102       0x32 src\main.o
 .ARM.attributes
                0x00000134       0x32 Drivers\STM32L0xx_HAL_Driver\Src\stm32l0xx_hal_spi.o
 .ARM.attributes
                0x00000166       0x32 Drivers\STM32L0xx_HAL_Driver\Src\stm32l0xx_hal_rcc.o
 .ARM.attributes
                0x00000198       0x32 Drivers\STM32L0xx_HAL_Driver\Src\stm32l0xx_hal_msp_template.o
 .ARM.attributes
                0x000001ca       0x32 Drivers\STM32L0xx_HAL_Driver\Src\stm32l0xx_hal_gpio.o
 .ARM.attributes
                0x000001fc       0x32 Drivers\STM32L0xx_HAL_Driver\Src\stm32l0xx_hal_cortex.o
 .ARM.attributes
                0x0000022e       0x32 Drivers\STM32L0xx_HAL_Driver\Src\stm32l0xx_hal.o
 .ARM.attributes
                0x00000260       0x2c c:/program files (x86)/atollic/truestudio for arm 5.4.0/armtools/bin/../lib/gcc/arm-atollic-eabi/4.8.3/../../../../arm-atollic-eabi/lib/armv6-m\libc_s.a(lib_a-init.o)
 .ARM.attributes
                0x0000028c       0x2c c:/program files (x86)/atollic/truestudio for arm 5.4.0/armtools/bin/../lib/gcc/arm-atollic-eabi/4.8.3/../../../../arm-atollic-eabi/lib/armv6-m\libc_s.a(lib_a-memcpy-stub.o)
 .ARM.attributes
                0x000002b8       0x1e c:/program files (x86)/atollic/truestudio for arm 5.4.0/armtools/bin/../lib/gcc/arm-atollic-eabi/4.8.3/armv6-m\libgcc.a(_udivsi3.o)
 .ARM.attributes
                0x000002d6       0x1e c:/program files (x86)/atollic/truestudio for arm 5.4.0/armtools/bin/../lib/gcc/arm-atollic-eabi/4.8.3/armv6-m\libgcc.a(_dvmd_tls.o)
 .ARM.attributes
                0x000002f4       0x1e c:/program files (x86)/atollic/truestudio for arm 5.4.0/armtools/bin/../lib/gcc/arm-atollic-eabi/4.8.3/armv6-m/crtn.o
OUTPUT(kittchen_remote_atollic.elf elf32-littlearm)

.debug_info     0x00000000     0x4a94
 .debug_info    0x00000000      0x343 src\system_stm32l0xx.o
 .debug_info    0x00000343      0x2ab src\stm32l0xx_it.o
 .debug_info    0x000005ee      0x7fb src\stm32l0xx_hal_msp.o
 .debug_info    0x00000de9       0xae src\startup_stm32l053xx.o
 .debug_info    0x00000e97     0x1134 src\main.o
 .debug_info    0x00001fcb      0xe3d Drivers\STM32L0xx_HAL_Driver\Src\stm32l0xx_hal_spi.o
 .debug_info    0x00002e08      0x818 Drivers\STM32L0xx_HAL_Driver\Src\stm32l0xx_hal_rcc.o
 .debug_info    0x00003620       0xb7 Drivers\STM32L0xx_HAL_Driver\Src\stm32l0xx_hal_msp_template.o
 .debug_info    0x000036d7      0x627 Drivers\STM32L0xx_HAL_Driver\Src\stm32l0xx_hal_gpio.o
 .debug_info    0x00003cfe      0x614 Drivers\STM32L0xx_HAL_Driver\Src\stm32l0xx_hal_cortex.o
 .debug_info    0x00004312      0x782 Drivers\STM32L0xx_HAL_Driver\Src\stm32l0xx_hal.o

.debug_abbrev   0x00000000      0xf90
 .debug_abbrev  0x00000000       0xf0 src\system_stm32l0xx.o
 .debug_abbrev  0x000000f0       0xe1 src\stm32l0xx_it.o
 .debug_abbrev  0x000001d1      0x17a src\stm32l0xx_hal_msp.o
 .debug_abbrev  0x0000034b       0x12 src\startup_stm32l053xx.o
 .debug_abbrev  0x0000035d      0x28e src\main.o
 .debug_abbrev  0x000005eb      0x1e3 Drivers\STM32L0xx_HAL_Driver\Src\stm32l0xx_hal_spi.o
 .debug_abbrev  0x000007ce      0x20e Drivers\STM32L0xx_HAL_Driver\Src\stm32l0xx_hal_rcc.o
 .debug_abbrev  0x000009dc       0x42 Drivers\STM32L0xx_HAL_Driver\Src\stm32l0xx_hal_msp_template.o
 .debug_abbrev  0x00000a1e      0x1a8 Drivers\STM32L0xx_HAL_Driver\Src\stm32l0xx_hal_gpio.o
 .debug_abbrev  0x00000bc6      0x20a Drivers\STM32L0xx_HAL_Driver\Src\stm32l0xx_hal_cortex.o
 .debug_abbrev  0x00000dd0      0x1c0 Drivers\STM32L0xx_HAL_Driver\Src\stm32l0xx_hal.o

.debug_aranges  0x00000000      0x550
 .debug_aranges
                0x00000000       0x28 src\system_stm32l0xx.o
 .debug_aranges
                0x00000028       0x30 src\stm32l0xx_it.o
 .debug_aranges
                0x00000058       0x30 src\stm32l0xx_hal_msp.o
 .debug_aranges
                0x00000088       0x28 src\startup_stm32l053xx.o
 .debug_aranges
                0x000000b0       0x90 src\main.o
 .debug_aranges
                0x00000140      0x150 Drivers\STM32L0xx_HAL_Driver\Src\stm32l0xx_hal_spi.o
 .debug_aranges
                0x00000290       0x80 Drivers\STM32L0xx_HAL_Driver\Src\stm32l0xx_hal_rcc.o
 .debug_aranges
                0x00000310       0x38 Drivers\STM32L0xx_HAL_Driver\Src\stm32l0xx_hal_msp_template.o
 .debug_aranges
                0x00000348       0x58 Drivers\STM32L0xx_HAL_Driver\Src\stm32l0xx_hal_gpio.o
 .debug_aranges
                0x000003a0       0xb0 Drivers\STM32L0xx_HAL_Driver\Src\stm32l0xx_hal_cortex.o
 .debug_aranges
                0x00000450      0x100 Drivers\STM32L0xx_HAL_Driver\Src\stm32l0xx_hal.o

.debug_ranges   0x00000000      0x4a8
 .debug_ranges  0x00000000       0x18 src\system_stm32l0xx.o
 .debug_ranges  0x00000018       0x20 src\stm32l0xx_it.o
 .debug_ranges  0x00000038       0x20 src\stm32l0xx_hal_msp.o
 .debug_ranges  0x00000058       0x20 src\startup_stm32l053xx.o
 .debug_ranges  0x00000078       0x80 src\main.o
 .debug_ranges  0x000000f8      0x140 Drivers\STM32L0xx_HAL_Driver\Src\stm32l0xx_hal_spi.o
 .debug_ranges  0x00000238       0x70 Drivers\STM32L0xx_HAL_Driver\Src\stm32l0xx_hal_rcc.o
 .debug_ranges  0x000002a8       0x28 Drivers\STM32L0xx_HAL_Driver\Src\stm32l0xx_hal_msp_template.o
 .debug_ranges  0x000002d0       0x48 Drivers\STM32L0xx_HAL_Driver\Src\stm32l0xx_hal_gpio.o
 .debug_ranges  0x00000318       0xa0 Drivers\STM32L0xx_HAL_Driver\Src\stm32l0xx_hal_cortex.o
 .debug_ranges  0x000003b8       0xf0 Drivers\STM32L0xx_HAL_Driver\Src\stm32l0xx_hal.o

.debug_line     0x00000000     0x2401
 .debug_line    0x00000000      0x1c1 src\system_stm32l0xx.o
 .debug_line    0x000001c1      0x1a2 src\stm32l0xx_it.o
 .debug_line    0x00000363      0x200 src\stm32l0xx_hal_msp.o
 .debug_line    0x00000563       0x7f src\startup_stm32l053xx.o
 .debug_line    0x000005e2      0x500 src\main.o
 .debug_line    0x00000ae2      0x9a6 Drivers\STM32L0xx_HAL_Driver\Src\stm32l0xx_hal_spi.o
 .debug_line    0x00001488      0x4b7 Drivers\STM32L0xx_HAL_Driver\Src\stm32l0xx_hal_rcc.o
 .debug_line    0x0000193f       0xa5 Drivers\STM32L0xx_HAL_Driver\Src\stm32l0xx_hal_msp_template.o
 .debug_line    0x000019e4      0x2e2 Drivers\STM32L0xx_HAL_Driver\Src\stm32l0xx_hal_gpio.o
 .debug_line    0x00001cc6      0x354 Drivers\STM32L0xx_HAL_Driver\Src\stm32l0xx_hal_cortex.o
 .debug_line    0x0000201a      0x3e7 Drivers\STM32L0xx_HAL_Driver\Src\stm32l0xx_hal.o

.debug_str      0x00000000     0x196a
 .debug_str     0x00000000      0x2b0 src\system_stm32l0xx.o
                                0x308 (size before relaxing)
 .debug_str     0x000002b0      0x233 src\stm32l0xx_it.o
                                0x3e5 (size before relaxing)
 .debug_str     0x000004e3      0x4bd src\stm32l0xx_hal_msp.o
                                0x7bb (size before relaxing)
 .debug_str     0x000009a0      0x453 src\main.o
                                0xd9a (size before relaxing)
 .debug_str     0x00000df3      0x3c0 Drivers\STM32L0xx_HAL_Driver\Src\stm32l0xx_hal_spi.o
                                0x9fb (size before relaxing)
 .debug_str     0x000011b3      0x1fd Drivers\STM32L0xx_HAL_Driver\Src\stm32l0xx_hal_rcc.o
                                0x6a9 (size before relaxing)
 .debug_str     0x000013b0       0x7d Drivers\STM32L0xx_HAL_Driver\Src\stm32l0xx_hal_msp_template.o
                                0x212 (size before relaxing)
 .debug_str     0x0000142d       0xef Drivers\STM32L0xx_HAL_Driver\Src\stm32l0xx_hal_gpio.o
                                0x485 (size before relaxing)
 .debug_str     0x0000151c      0x186 Drivers\STM32L0xx_HAL_Driver\Src\stm32l0xx_hal_cortex.o
                                0x5c1 (size before relaxing)
 .debug_str     0x000016a2      0x2c8 Drivers\STM32L0xx_HAL_Driver\Src\stm32l0xx_hal.o
                                0x75f (size before relaxing)

.comment        0x00000000       0x82
 .comment       0x00000000       0x82 src\system_stm32l0xx.o
                                 0x83 (size before relaxing)
 .comment       0x00000000       0x83 src\stm32l0xx_it.o
 .comment       0x00000000       0x83 src\stm32l0xx_hal_msp.o
 .comment       0x00000000       0x83 src\main.o
 .comment       0x00000000       0x83 Drivers\STM32L0xx_HAL_Driver\Src\stm32l0xx_hal_spi.o
 .comment       0x00000000       0x83 Drivers\STM32L0xx_HAL_Driver\Src\stm32l0xx_hal_rcc.o
 .comment       0x00000000       0x83 Drivers\STM32L0xx_HAL_Driver\Src\stm32l0xx_hal_msp_template.o
 .comment       0x00000000       0x83 Drivers\STM32L0xx_HAL_Driver\Src\stm32l0xx_hal_gpio.o
 .comment       0x00000000       0x83 Drivers\STM32L0xx_HAL_Driver\Src\stm32l0xx_hal_cortex.o
 .comment       0x00000000       0x83 Drivers\STM32L0xx_HAL_Driver\Src\stm32l0xx_hal.o

.debug_frame    0x00000000     0x115c
 .debug_frame   0x00000000       0x4c src\system_stm32l0xx.o
 .debug_frame   0x0000004c       0x64 src\stm32l0xx_it.o
 .debug_frame   0x000000b0       0x70 src\stm32l0xx_hal_msp.o
 .debug_frame   0x00000120      0x1e8 src\main.o
 .debug_frame   0x00000308      0x4f0 Drivers\STM32L0xx_HAL_Driver\Src\stm32l0xx_hal_spi.o
 .debug_frame   0x000007f8      0x194 Drivers\STM32L0xx_HAL_Driver\Src\stm32l0xx_hal_rcc.o
 .debug_frame   0x0000098c       0x80 Drivers\STM32L0xx_HAL_Driver\Src\stm32l0xx_hal_msp_template.o
 .debug_frame   0x00000a0c      0x110 Drivers\STM32L0xx_HAL_Driver\Src\stm32l0xx_hal_gpio.o
 .debug_frame   0x00000b1c      0x264 Drivers\STM32L0xx_HAL_Driver\Src\stm32l0xx_hal_cortex.o
 .debug_frame   0x00000d80      0x368 Drivers\STM32L0xx_HAL_Driver\Src\stm32l0xx_hal.o
 .debug_frame   0x000010e8       0x2c c:/program files (x86)/atollic/truestudio for arm 5.4.0/armtools/bin/../lib/gcc/arm-atollic-eabi/4.8.3/../../../../arm-atollic-eabi/lib/armv6-m\libc_s.a(lib_a-init.o)
 .debug_frame   0x00001114       0x28 c:/program files (x86)/atollic/truestudio for arm 5.4.0/armtools/bin/../lib/gcc/arm-atollic-eabi/4.8.3/../../../../arm-atollic-eabi/lib/armv6-m\libc_s.a(lib_a-memcpy-stub.o)
 .debug_frame   0x0000113c       0x20 c:/program files (x86)/atollic/truestudio for arm 5.4.0/armtools/bin/../lib/gcc/arm-atollic-eabi/4.8.3/armv6-m\libgcc.a(_udivsi3.o)

Cross Reference Table

Symbol                                            File
ADC1_COMP_IRQHandler                              src\startup_stm32l053xx.o
AHBPrescTable                                     src\system_stm32l0xx.o
DMA1_Channel1_IRQHandler                          src\startup_stm32l053xx.o
DMA1_Channel2_3_IRQHandler                        src\startup_stm32l053xx.o
DMA1_Channel4_5_6_7_IRQHandler                    src\startup_stm32l053xx.o
DebugMon_Handler                                  src\startup_stm32l053xx.o
Default_Handler                                   src\startup_stm32l053xx.o
EXTI0_1_IRQHandler                                src\startup_stm32l053xx.o
EXTI2_3_IRQHandler                                src\stm32l0xx_it.o
EXTI4_15_IRQHandler                               src\stm32l0xx_it.o
FLASH_Erase_Page                                  Drivers\STM32L0xx_HAL_Driver\Src\stm32l0xx_hal_flash.o
                                                  Drivers\STM32L0xx_HAL_Driver\Src\stm32l0xx_hal_flash_ex.o
FLASH_IRQHandler                                  src\startup_stm32l053xx.o
FLASH_WaitForLastOperation                        Drivers\STM32L0xx_HAL_Driver\Src\stm32l0xx_hal_flash.o
                                                  Drivers\STM32L0xx_HAL_Driver\Src\stm32l0xx_hal_flash_ex.o
HAL_ADC_EnableBufferSensor_Cmd                    Drivers\STM32L0xx_HAL_Driver\Src\stm32l0xx_hal.o
HAL_ADC_EnableBuffer_Cmd                          Drivers\STM32L0xx_HAL_Driver\Src\stm32l0xx_hal.o
HAL_COMP_EnableBuffer_Cmd                         Drivers\STM32L0xx_HAL_Driver\Src\stm32l0xx_hal.o
HAL_DBG_LowPowerConfig                            Drivers\STM32L0xx_HAL_Driver\Src\stm32l0xx_hal.o
HAL_DMA_Abort                                     Drivers\STM32L0xx_HAL_Driver\Src\stm32l0xx_hal_dma.o
                                                  Drivers\STM32L0xx_HAL_Driver\Src\stm32l0xx_hal_spi.o
HAL_DMA_DeInit                                    Drivers\STM32L0xx_HAL_Driver\Src\stm32l0xx_hal_dma.o
HAL_DMA_GetError                                  Drivers\STM32L0xx_HAL_Driver\Src\stm32l0xx_hal_dma.o
HAL_DMA_GetState                                  Drivers\STM32L0xx_HAL_Driver\Src\stm32l0xx_hal_dma.o
HAL_DMA_IRQHandler                                Drivers\STM32L0xx_HAL_Driver\Src\stm32l0xx_hal_dma.o
HAL_DMA_Init                                      Drivers\STM32L0xx_HAL_Driver\Src\stm32l0xx_hal_dma.o
HAL_DMA_PollForTransfer                           Drivers\STM32L0xx_HAL_Driver\Src\stm32l0xx_hal_dma.o
HAL_DMA_Start                                     Drivers\STM32L0xx_HAL_Driver\Src\stm32l0xx_hal_dma.o
HAL_DMA_Start_IT                                  Drivers\STM32L0xx_HAL_Driver\Src\stm32l0xx_hal_dma.o
                                                  Drivers\STM32L0xx_HAL_Driver\Src\stm32l0xx_hal_spi.o
HAL_DeInit                                        Drivers\STM32L0xx_HAL_Driver\Src\stm32l0xx_hal.o
HAL_Delay                                         Drivers\STM32L0xx_HAL_Driver\Src\stm32l0xx_hal.o
                                                  src\main.o
                                                  src\stm32l0xx_hal_msp.o
                                                  src\stm32l0xx_it.o
HAL_DisableDBGSleepMode                           Drivers\STM32L0xx_HAL_Driver\Src\stm32l0xx_hal.o
HAL_DisableDBGStandbyMode                         Drivers\STM32L0xx_HAL_Driver\Src\stm32l0xx_hal.o
HAL_DisableDBGStopMode                            Drivers\STM32L0xx_HAL_Driver\Src\stm32l0xx_hal.o
HAL_EnableDBGSleepMode                            Drivers\STM32L0xx_HAL_Driver\Src\stm32l0xx_hal.o
HAL_EnableDBGStandbyMode                          Drivers\STM32L0xx_HAL_Driver\Src\stm32l0xx_hal.o
HAL_EnableDBGStopMode                             Drivers\STM32L0xx_HAL_Driver\Src\stm32l0xx_hal.o
HAL_FLASHEx_AdvOBGetConfig                        Drivers\STM32L0xx_HAL_Driver\Src\stm32l0xx_hal_flash_ex.o
HAL_FLASHEx_AdvOBProgram                          Drivers\STM32L0xx_HAL_Driver\Src\stm32l0xx_hal_flash_ex.o
HAL_FLASHEx_DATAEEPROM_Erase                      Drivers\STM32L0xx_HAL_Driver\Src\stm32l0xx_hal_flash_ex.o
HAL_FLASHEx_DATAEEPROM_Lock                       Drivers\STM32L0xx_HAL_Driver\Src\stm32l0xx_hal_flash_ex.o
HAL_FLASHEx_DATAEEPROM_Program                    Drivers\STM32L0xx_HAL_Driver\Src\stm32l0xx_hal_flash_ex.o
HAL_FLASHEx_DATAEEPROM_Unlock                     Drivers\STM32L0xx_HAL_Driver\Src\stm32l0xx_hal_flash_ex.o
HAL_FLASHEx_DisableRunPowerDown                   Drivers\STM32L0xx_HAL_Driver\Src\stm32l0xx_hal_flash_ramfunc.o
HAL_FLASHEx_EnableRunPowerDown                    Drivers\STM32L0xx_HAL_Driver\Src\stm32l0xx_hal_flash_ramfunc.o
HAL_FLASHEx_Erase                                 Drivers\STM32L0xx_HAL_Driver\Src\stm32l0xx_hal_flash_ex.o
HAL_FLASHEx_Erase_IT                              Drivers\STM32L0xx_HAL_Driver\Src\stm32l0xx_hal_flash_ex.o
HAL_FLASHEx_HalfPageProgram                       Drivers\STM32L0xx_HAL_Driver\Src\stm32l0xx_hal_flash_ramfunc.o
HAL_FLASHEx_OBGetConfig                           Drivers\STM32L0xx_HAL_Driver\Src\stm32l0xx_hal_flash_ex.o
HAL_FLASHEx_OBProgram                             Drivers\STM32L0xx_HAL_Driver\Src\stm32l0xx_hal_flash_ex.o
HAL_FLASHEx_OB_DeSelectPCROP                      Drivers\STM32L0xx_HAL_Driver\Src\stm32l0xx_hal_flash_ex.o
HAL_FLASHEx_OB_SelectPCROP                        Drivers\STM32L0xx_HAL_Driver\Src\stm32l0xx_hal_flash_ex.o
HAL_FLASH_EndOfOperationCallback                  Drivers\STM32L0xx_HAL_Driver\Src\stm32l0xx_hal_flash.o
HAL_FLASH_GetError                                Drivers\STM32L0xx_HAL_Driver\Src\stm32l0xx_hal_flash.o
HAL_FLASH_IRQHandler                              Drivers\STM32L0xx_HAL_Driver\Src\stm32l0xx_hal_flash.o
HAL_FLASH_Lock                                    Drivers\STM32L0xx_HAL_Driver\Src\stm32l0xx_hal_flash.o
HAL_FLASH_OB_Launch                               Drivers\STM32L0xx_HAL_Driver\Src\stm32l0xx_hal_flash.o
HAL_FLASH_OB_Lock                                 Drivers\STM32L0xx_HAL_Driver\Src\stm32l0xx_hal_flash.o
HAL_FLASH_OB_Unlock                               Drivers\STM32L0xx_HAL_Driver\Src\stm32l0xx_hal_flash.o
HAL_FLASH_OperationErrorCallback                  Drivers\STM32L0xx_HAL_Driver\Src\stm32l0xx_hal_flash.o
HAL_FLASH_Program                                 Drivers\STM32L0xx_HAL_Driver\Src\stm32l0xx_hal_flash.o
HAL_FLASH_Program_IT                              Drivers\STM32L0xx_HAL_Driver\Src\stm32l0xx_hal_flash.o
HAL_FLASH_Unlock                                  Drivers\STM32L0xx_HAL_Driver\Src\stm32l0xx_hal_flash.o
HAL_GPIO_DeInit                                   Drivers\STM32L0xx_HAL_Driver\Src\stm32l0xx_hal_gpio.o
                                                  src\stm32l0xx_hal_msp.o
HAL_GPIO_EXTI_Callback                            src\stm32l0xx_hal_msp.o
HAL_GPIO_EXTI_IRQHandler                          Drivers\STM32L0xx_HAL_Driver\Src\stm32l0xx_hal_gpio.o
                                                  src\stm32l0xx_it.o
HAL_GPIO_Init                                     Drivers\STM32L0xx_HAL_Driver\Src\stm32l0xx_hal_gpio.o
                                                  Drivers\STM32L0xx_HAL_Driver\Src\stm32l0xx_hal_rcc.o
                                                  src\main.o
                                                  src\stm32l0xx_hal_msp.o
HAL_GPIO_LockPin                                  Drivers\STM32L0xx_HAL_Driver\Src\stm32l0xx_hal_gpio.o
HAL_GPIO_ReadPin                                  Drivers\STM32L0xx_HAL_Driver\Src\stm32l0xx_hal_gpio.o
                                                  src\stm32l0xx_it.o
HAL_GPIO_TogglePin                                Drivers\STM32L0xx_HAL_Driver\Src\stm32l0xx_hal_gpio.o
HAL_GPIO_WritePin                                 Drivers\STM32L0xx_HAL_Driver\Src\stm32l0xx_hal_gpio.o
                                                  src\main.o
                                                  src\stm32l0xx_hal_msp.o
                                                  src\stm32l0xx_it.o
HAL_GetBootMode                                   Drivers\STM32L0xx_HAL_Driver\Src\stm32l0xx_hal.o
HAL_GetDEVID                                      Drivers\STM32L0xx_HAL_Driver\Src\stm32l0xx_hal.o
HAL_GetHalVersion                                 Drivers\STM32L0xx_HAL_Driver\Src\stm32l0xx_hal.o
HAL_GetREVID                                      Drivers\STM32L0xx_HAL_Driver\Src\stm32l0xx_hal.o
HAL_GetTick                                       Drivers\STM32L0xx_HAL_Driver\Src\stm32l0xx_hal.o
                                                  Drivers\STM32L0xx_HAL_Driver\Src\stm32l0xx_hal_dma.o
                                                  Drivers\STM32L0xx_HAL_Driver\Src\stm32l0xx_hal_flash.o
                                                  Drivers\STM32L0xx_HAL_Driver\Src\stm32l0xx_hal_rcc.o
                                                  Drivers\STM32L0xx_HAL_Driver\Src\stm32l0xx_hal_rcc_ex.o
                                                  Drivers\STM32L0xx_HAL_Driver\Src\stm32l0xx_hal_spi.o
HAL_I2CFastModePlusConfig                         Drivers\STM32L0xx_HAL_Driver\Src\stm32l0xx_hal.o
HAL_IncTick                                       Drivers\STM32L0xx_HAL_Driver\Src\stm32l0xx_hal.o
                                                  src\stm32l0xx_it.o
HAL_Init                                          Drivers\STM32L0xx_HAL_Driver\Src\stm32l0xx_hal.o
                                                  src\main.o
HAL_InitTick                                      Drivers\STM32L0xx_HAL_Driver\Src\stm32l0xx_hal.o
                                                  Drivers\STM32L0xx_HAL_Driver\Src\stm32l0xx_hal_rcc.o
HAL_Lock_Cmd                                      Drivers\STM32L0xx_HAL_Driver\Src\stm32l0xx_hal.o
HAL_MspDeInit                                     Drivers\STM32L0xx_HAL_Driver\Src\stm32l0xx_hal_msp_template.o
HAL_MspInit                                       Drivers\STM32L0xx_HAL_Driver\Src\stm32l0xx_hal_msp_template.o
HAL_NVIC_ClearPendingIRQ                          Drivers\STM32L0xx_HAL_Driver\Src\stm32l0xx_hal_cortex.o
                                                  src\main.o
HAL_NVIC_DisableIRQ                               Drivers\STM32L0xx_HAL_Driver\Src\stm32l0xx_hal_cortex.o
                                                  src\main.o
                                                  src\stm32l0xx_it.o
HAL_NVIC_EnableIRQ                                Drivers\STM32L0xx_HAL_Driver\Src\stm32l0xx_hal_cortex.o
                                                  src\main.o
                                                  src\stm32l0xx_it.o
HAL_NVIC_GetPendingIRQ                            Drivers\STM32L0xx_HAL_Driver\Src\stm32l0xx_hal_cortex.o
HAL_NVIC_SetPendingIRQ                            Drivers\STM32L0xx_HAL_Driver\Src\stm32l0xx_hal_cortex.o
HAL_NVIC_SetPriority                              Drivers\STM32L0xx_HAL_Driver\Src\stm32l0xx_hal_cortex.o
                                                  Drivers\STM32L0xx_HAL_Driver\Src\stm32l0xx_hal.o
                                                  src\main.o
HAL_NVIC_SystemReset                              Drivers\STM32L0xx_HAL_Driver\Src\stm32l0xx_hal_cortex.o
HAL_PPP_MspDeInit                                 Drivers\STM32L0xx_HAL_Driver\Src\stm32l0xx_hal_msp_template.o
HAL_PPP_MspInit                                   Drivers\STM32L0xx_HAL_Driver\Src\stm32l0xx_hal_msp_template.o
HAL_PWREx_DisableFastWakeUp                       Drivers\STM32L0xx_HAL_Driver\Src\stm32l0xx_hal_pwr_ex.o
HAL_PWREx_DisableLowPowerRunMode                  Drivers\STM32L0xx_HAL_Driver\Src\stm32l0xx_hal_pwr_ex.o
HAL_PWREx_DisableUltraLowPower                    Drivers\STM32L0xx_HAL_Driver\Src\stm32l0xx_hal_pwr_ex.o
HAL_PWREx_EnableFastWakeUp                        Drivers\STM32L0xx_HAL_Driver\Src\stm32l0xx_hal_pwr_ex.o
HAL_PWREx_EnableLowPowerRunMode                   Drivers\STM32L0xx_HAL_Driver\Src\stm32l0xx_hal_pwr_ex.o
HAL_PWREx_EnableUltraLowPower                     Drivers\STM32L0xx_HAL_Driver\Src\stm32l0xx_hal_pwr_ex.o
HAL_PWR_DeInit                                    Drivers\STM32L0xx_HAL_Driver\Src\stm32l0xx_hal_pwr.o
HAL_PWR_DisableBkUpAccess                         Drivers\STM32L0xx_HAL_Driver\Src\stm32l0xx_hal_pwr.o
HAL_PWR_DisablePVD                                Drivers\STM32L0xx_HAL_Driver\Src\stm32l0xx_hal_pwr.o
HAL_PWR_DisableWakeUpPin                          Drivers\STM32L0xx_HAL_Driver\Src\stm32l0xx_hal_pwr.o
HAL_PWR_EnableBkUpAccess                          Drivers\STM32L0xx_HAL_Driver\Src\stm32l0xx_hal_pwr.o
HAL_PWR_EnablePVD                                 Drivers\STM32L0xx_HAL_Driver\Src\stm32l0xx_hal_pwr.o
HAL_PWR_EnableWakeUpPin                           Drivers\STM32L0xx_HAL_Driver\Src\stm32l0xx_hal_pwr.o
HAL_PWR_EnterSLEEPMode                            Drivers\STM32L0xx_HAL_Driver\Src\stm32l0xx_hal_pwr.o
HAL_PWR_EnterSTANDBYMode                          Drivers\STM32L0xx_HAL_Driver\Src\stm32l0xx_hal_pwr.o
HAL_PWR_EnterSTOPMode                             Drivers\STM32L0xx_HAL_Driver\Src\stm32l0xx_hal_pwr.o
HAL_PWR_PVDCallback                               Drivers\STM32L0xx_HAL_Driver\Src\stm32l0xx_hal_pwr.o
HAL_PWR_PVDConfig                                 Drivers\STM32L0xx_HAL_Driver\Src\stm32l0xx_hal_pwr.o
HAL_PWR_PVD_IRQHandler                            Drivers\STM32L0xx_HAL_Driver\Src\stm32l0xx_hal_pwr.o
HAL_RC48_EnableBuffer_Cmd                         Drivers\STM32L0xx_HAL_Driver\Src\stm32l0xx_hal.o
HAL_RCCEx_DisableLSECSS                           Drivers\STM32L0xx_HAL_Driver\Src\stm32l0xx_hal_rcc_ex.o
HAL_RCCEx_EnableLSECSS                            Drivers\STM32L0xx_HAL_Driver\Src\stm32l0xx_hal_rcc_ex.o
HAL_RCCEx_GetPeriphCLKConfig                      Drivers\STM32L0xx_HAL_Driver\Src\stm32l0xx_hal_rcc_ex.o
HAL_RCCEx_PeriphCLKConfig                         Drivers\STM32L0xx_HAL_Driver\Src\stm32l0xx_hal_rcc_ex.o
HAL_RCC_CCSCallback                               Drivers\STM32L0xx_HAL_Driver\Src\stm32l0xx_hal_rcc.o
HAL_RCC_ClockConfig                               Drivers\STM32L0xx_HAL_Driver\Src\stm32l0xx_hal_rcc.o
                                                  src\main.o
HAL_RCC_DeInit                                    Drivers\STM32L0xx_HAL_Driver\Src\stm32l0xx_hal_rcc.o
HAL_RCC_EnableCSS                                 Drivers\STM32L0xx_HAL_Driver\Src\stm32l0xx_hal_rcc.o
HAL_RCC_GetClockConfig                            Drivers\STM32L0xx_HAL_Driver\Src\stm32l0xx_hal_rcc.o
HAL_RCC_GetHCLKFreq                               Drivers\STM32L0xx_HAL_Driver\Src\stm32l0xx_hal_rcc.o
                                                  Drivers\STM32L0xx_HAL_Driver\Src\stm32l0xx_hal.o
HAL_RCC_GetOscConfig                              Drivers\STM32L0xx_HAL_Driver\Src\stm32l0xx_hal_rcc.o
HAL_RCC_GetPCLK1Freq                              Drivers\STM32L0xx_HAL_Driver\Src\stm32l0xx_hal_rcc.o
HAL_RCC_GetPCLK2Freq                              Drivers\STM32L0xx_HAL_Driver\Src\stm32l0xx_hal_rcc.o
HAL_RCC_GetSysClockFreq                           Drivers\STM32L0xx_HAL_Driver\Src\stm32l0xx_hal_rcc.o
HAL_RCC_MCOConfig                                 Drivers\STM32L0xx_HAL_Driver\Src\stm32l0xx_hal_rcc.o
HAL_RCC_NMI_IRQHandler                            Drivers\STM32L0xx_HAL_Driver\Src\stm32l0xx_hal_rcc.o
HAL_RCC_OscConfig                                 Drivers\STM32L0xx_HAL_Driver\Src\stm32l0xx_hal_rcc.o
                                                  src\main.o
HAL_ResumeTick                                    Drivers\STM32L0xx_HAL_Driver\Src\stm32l0xx_hal.o
HAL_SPI_DMAPause                                  Drivers\STM32L0xx_HAL_Driver\Src\stm32l0xx_hal_spi.o
HAL_SPI_DMAResume                                 Drivers\STM32L0xx_HAL_Driver\Src\stm32l0xx_hal_spi.o
HAL_SPI_DMAStop                                   Drivers\STM32L0xx_HAL_Driver\Src\stm32l0xx_hal_spi.o
HAL_SPI_DeInit                                    Drivers\STM32L0xx_HAL_Driver\Src\stm32l0xx_hal_spi.o
HAL_SPI_ErrorCallback                             Drivers\STM32L0xx_HAL_Driver\Src\stm32l0xx_hal_spi.o
HAL_SPI_GetError                                  Drivers\STM32L0xx_HAL_Driver\Src\stm32l0xx_hal_spi.o
HAL_SPI_GetState                                  Drivers\STM32L0xx_HAL_Driver\Src\stm32l0xx_hal_spi.o
HAL_SPI_IRQHandler                                Drivers\STM32L0xx_HAL_Driver\Src\stm32l0xx_hal_spi.o
HAL_SPI_Init                                      Drivers\STM32L0xx_HAL_Driver\Src\stm32l0xx_hal_spi.o
                                                  src\main.o
HAL_SPI_MspDeInit                                 src\stm32l0xx_hal_msp.o
HAL_SPI_MspInit                                   src\stm32l0xx_hal_msp.o
HAL_SPI_Receive                                   Drivers\STM32L0xx_HAL_Driver\Src\stm32l0xx_hal_spi.o
HAL_SPI_Receive_DMA                               Drivers\STM32L0xx_HAL_Driver\Src\stm32l0xx_hal_spi.o
HAL_SPI_Receive_IT                                Drivers\STM32L0xx_HAL_Driver\Src\stm32l0xx_hal_spi.o
HAL_SPI_RxCpltCallback                            Drivers\STM32L0xx_HAL_Driver\Src\stm32l0xx_hal_spi.o
HAL_SPI_RxHalfCpltCallback                        Drivers\STM32L0xx_HAL_Driver\Src\stm32l0xx_hal_spi.o
HAL_SPI_Transmit                                  Drivers\STM32L0xx_HAL_Driver\Src\stm32l0xx_hal_spi.o
HAL_SPI_TransmitReceive                           Drivers\STM32L0xx_HAL_Driver\Src\stm32l0xx_hal_spi.o
                                                  src\main.o
HAL_SPI_TransmitReceive_DMA                       Drivers\STM32L0xx_HAL_Driver\Src\stm32l0xx_hal_spi.o
HAL_SPI_TransmitReceive_IT                        Drivers\STM32L0xx_HAL_Driver\Src\stm32l0xx_hal_spi.o
HAL_SPI_Transmit_DMA                              Drivers\STM32L0xx_HAL_Driver\Src\stm32l0xx_hal_spi.o
HAL_SPI_Transmit_IT                               Drivers\STM32L0xx_HAL_Driver\Src\stm32l0xx_hal_spi.o
HAL_SPI_TxCpltCallback                            Drivers\STM32L0xx_HAL_Driver\Src\stm32l0xx_hal_spi.o
HAL_SPI_TxHalfCpltCallback                        Drivers\STM32L0xx_HAL_Driver\Src\stm32l0xx_hal_spi.o
HAL_SPI_TxRxCpltCallback                          Drivers\STM32L0xx_HAL_Driver\Src\stm32l0xx_hal_spi.o
HAL_SPI_TxRxHalfCpltCallback                      Drivers\STM32L0xx_HAL_Driver\Src\stm32l0xx_hal_spi.o
HAL_SYSTICK_CLKSourceConfig                       Drivers\STM32L0xx_HAL_Driver\Src\stm32l0xx_hal_cortex.o
HAL_SYSTICK_Callback                              Drivers\STM32L0xx_HAL_Driver\Src\stm32l0xx_hal_cortex.o
HAL_SYSTICK_Config                                Drivers\STM32L0xx_HAL_Driver\Src\stm32l0xx_hal_cortex.o
                                                  Drivers\STM32L0xx_HAL_Driver\Src\stm32l0xx_hal.o
HAL_SYSTICK_IRQHandler                            Drivers\STM32L0xx_HAL_Driver\Src\stm32l0xx_hal_cortex.o
                                                  src\stm32l0xx_it.o
HAL_SuspendTick                                   Drivers\STM32L0xx_HAL_Driver\Src\stm32l0xx_hal.o
HAL_VREFINT_Cmd                                   Drivers\STM32L0xx_HAL_Driver\Src\stm32l0xx_hal.o
HAL_VREFINT_OutputSelect                          Drivers\STM32L0xx_HAL_Driver\Src\stm32l0xx_hal.o
HardFault_Handler                                 src\startup_stm32l053xx.o
I2C1_IRQHandler                                   src\startup_stm32l053xx.o
I2C2_IRQHandler                                   src\startup_stm32l053xx.o
LCD_IRQHandler                                    src\startup_stm32l053xx.o
LPTIM1_IRQHandler                                 src\startup_stm32l053xx.o
MSIRangeTable                                     Drivers\STM32L0xx_HAL_Driver\Src\stm32l0xx_hal_rcc.o
NMI_Handler                                       src\startup_stm32l053xx.o
PLLMulTable                                       src\system_stm32l0xx.o
PVD_IRQHandler                                    src\startup_stm32l053xx.o
PendSV_Handler                                    src\startup_stm32l053xx.o
RCC_CRS_IRQHandler                                src\startup_stm32l053xx.o
RNG_LPUART1_IRQHandler                            src\startup_stm32l053xx.o
RTC_IRQHandler                                    src\startup_stm32l053xx.o
Reset_Handler                                     src\startup_stm32l053xx.o
SPI1_IRQHandler                                   src\startup_stm32l053xx.o
SPI2_IRQHandler                                   src\startup_stm32l053xx.o
SVC_Handler                                       src\startup_stm32l053xx.o
SysTick_Handler                                   src\stm32l0xx_it.o
SystemClock_Config                                src\main.o
SystemCoreClock                                   src\system_stm32l0xx.o
                                                  Drivers\STM32L0xx_HAL_Driver\Src\stm32l0xx_hal_rcc.o
SystemCoreClockUpdate                             src\system_stm32l0xx.o
SystemInit                                        src\system_stm32l0xx.o
                                                  src\startup_stm32l053xx.o
TIM21_IRQHandler                                  src\startup_stm32l053xx.o
TIM22_IRQHandler                                  src\startup_stm32l053xx.o
TIM2_IRQHandler                                   src\startup_stm32l053xx.o
TIM6_DAC_IRQHandler                               src\startup_stm32l053xx.o
TSC_IRQHandler                                    src\startup_stm32l053xx.o
USART1_IRQHandler                                 src\startup_stm32l053xx.o
USART2_IRQHandler                                 src\startup_stm32l053xx.o
USB_IRQHandler                                    src\startup_stm32l053xx.o
WWDG_IRQHandler                                   src\startup_stm32l053xx.o
__aeabi_idiv                                      c:/program files (x86)/atollic/truestudio for arm 5.4.0/armtools/bin/../lib/gcc/arm-atollic-eabi/4.8.3/armv6-m\libgcc.a(_divsi3.o)
                                                  src\tiny_printf.o
__aeabi_idiv0                                     c:/program files (x86)/atollic/truestudio for arm 5.4.0/armtools/bin/../lib/gcc/arm-atollic-eabi/4.8.3/armv6-m\libgcc.a(_dvmd_tls.o)
                                                  c:/program files (x86)/atollic/truestudio for arm 5.4.0/armtools/bin/../lib/gcc/arm-atollic-eabi/4.8.3/armv6-m\libgcc.a(_divsi3.o)
                                                  c:/program files (x86)/atollic/truestudio for arm 5.4.0/armtools/bin/../lib/gcc/arm-atollic-eabi/4.8.3/armv6-m\libgcc.a(_udivsi3.o)
__aeabi_idivmod                                   c:/program files (x86)/atollic/truestudio for arm 5.4.0/armtools/bin/../lib/gcc/arm-atollic-eabi/4.8.3/armv6-m\libgcc.a(_divsi3.o)
__aeabi_ldiv0                                     c:/program files (x86)/atollic/truestudio for arm 5.4.0/armtools/bin/../lib/gcc/arm-atollic-eabi/4.8.3/armv6-m\libgcc.a(_dvmd_tls.o)
__aeabi_uidiv                                     c:/program files (x86)/atollic/truestudio for arm 5.4.0/armtools/bin/../lib/gcc/arm-atollic-eabi/4.8.3/armv6-m\libgcc.a(_udivsi3.o)
                                                  Drivers\STM32L0xx_HAL_Driver\Src\stm32l0xx_hal.o
                                                  Drivers\STM32L0xx_HAL_Driver\Src\stm32l0xx_hal_rcc.o
                                                  src\system_stm32l0xx.o
                                                  src\tiny_printf.o
__aeabi_uidivmod                                  c:/program files (x86)/atollic/truestudio for arm 5.4.0/armtools/bin/../lib/gcc/arm-atollic-eabi/4.8.3/armv6-m\libgcc.a(_udivsi3.o)
                                                  src\tiny_printf.o
__deregister_frame_info                           c:/program files (x86)/atollic/truestudio for arm 5.4.0/armtools/bin/../lib/gcc/arm-atollic-eabi/4.8.3/armv6-m/crtbegin.o
__divsi3                                          c:/program files (x86)/atollic/truestudio for arm 5.4.0/armtools/bin/../lib/gcc/arm-atollic-eabi/4.8.3/armv6-m\libgcc.a(_divsi3.o)
__dso_handle                                      c:/program files (x86)/atollic/truestudio for arm 5.4.0/armtools/bin/../lib/gcc/arm-atollic-eabi/4.8.3/armv6-m/crtbegin.o
__env                                             c:/program files (x86)/atollic/truestudio for arm 5.4.0/armtools/bin/../lib/gcc/arm-atollic-eabi/4.8.3/../../../../arm-atollic-eabi/lib/armv6-m\libc_s.a(lib_a-syscalls.o)
__init_array_end                                  c:/program files (x86)/atollic/truestudio for arm 5.4.0/armtools/bin/../lib/gcc/arm-atollic-eabi/4.8.3/../../../../arm-atollic-eabi/lib/armv6-m\libc_s.a(lib_a-init.o)
__init_array_start                                c:/program files (x86)/atollic/truestudio for arm 5.4.0/armtools/bin/../lib/gcc/arm-atollic-eabi/4.8.3/../../../../arm-atollic-eabi/lib/armv6-m\libc_s.a(lib_a-init.o)
__libc_init_array                                 c:/program files (x86)/atollic/truestudio for arm 5.4.0/armtools/bin/../lib/gcc/arm-atollic-eabi/4.8.3/../../../../arm-atollic-eabi/lib/armv6-m\libc_s.a(lib_a-init.o)
                                                  src\startup_stm32l053xx.o
__malloc_free_list                                c:/program files (x86)/atollic/truestudio for arm 5.4.0/armtools/bin/../lib/gcc/arm-atollic-eabi/4.8.3/../../../../arm-atollic-eabi/lib/armv6-m\libc_s.a(lib_a-nano-mallocr.o)
                                                  c:/program files (x86)/atollic/truestudio for arm 5.4.0/armtools/bin/../lib/gcc/arm-atollic-eabi/4.8.3/../../../../arm-atollic-eabi/lib/armv6-m\libc_s.a(lib_a-nano-freer.o)
__malloc_sbrk_start                               c:/program files (x86)/atollic/truestudio for arm 5.4.0/armtools/bin/../lib/gcc/arm-atollic-eabi/4.8.3/../../../../arm-atollic-eabi/lib/armv6-m\libc_s.a(lib_a-nano-mallocr.o)
__preinit_array_end                               c:/program files (x86)/atollic/truestudio for arm 5.4.0/armtools/bin/../lib/gcc/arm-atollic-eabi/4.8.3/../../../../arm-atollic-eabi/lib/armv6-m\libc_s.a(lib_a-init.o)
__preinit_array_start                             c:/program files (x86)/atollic/truestudio for arm 5.4.0/armtools/bin/../lib/gcc/arm-atollic-eabi/4.8.3/../../../../arm-atollic-eabi/lib/armv6-m\libc_s.a(lib_a-init.o)
__register_frame_info                             c:/program files (x86)/atollic/truestudio for arm 5.4.0/armtools/bin/../lib/gcc/arm-atollic-eabi/4.8.3/armv6-m/crtbegin.o
__sf_fake_stderr                                  c:/program files (x86)/atollic/truestudio for arm 5.4.0/armtools/bin/../lib/gcc/arm-atollic-eabi/4.8.3/../../../../arm-atollic-eabi/lib/armv6-m\libc_s.a(lib_a-impure.o)
__sf_fake_stdin                                   c:/program files (x86)/atollic/truestudio for arm 5.4.0/armtools/bin/../lib/gcc/arm-atollic-eabi/4.8.3/../../../../arm-atollic-eabi/lib/armv6-m\libc_s.a(lib_a-impure.o)
__sf_fake_stdout                                  c:/program files (x86)/atollic/truestudio for arm 5.4.0/armtools/bin/../lib/gcc/arm-atollic-eabi/4.8.3/../../../../arm-atollic-eabi/lib/armv6-m\libc_s.a(lib_a-impure.o)
__udivsi3                                         c:/program files (x86)/atollic/truestudio for arm 5.4.0/armtools/bin/../lib/gcc/arm-atollic-eabi/4.8.3/armv6-m\libgcc.a(_udivsi3.o)
_close                                            c:/program files (x86)/atollic/truestudio for arm 5.4.0/armtools/bin/../lib/gcc/arm-atollic-eabi/4.8.3/../../../../arm-atollic-eabi/lib/armv6-m\libc_s.a(lib_a-syscalls.o)
_ebss                                             src\startup_stm32l053xx.o
_edata                                            src\startup_stm32l053xx.o
_estack                                           src\startup_stm32l053xx.o
_execve                                           c:/program files (x86)/atollic/truestudio for arm 5.4.0/armtools/bin/../lib/gcc/arm-atollic-eabi/4.8.3/../../../../arm-atollic-eabi/lib/armv6-m\libc_s.a(lib_a-syscalls.o)
_exit                                             c:/program files (x86)/atollic/truestudio for arm 5.4.0/armtools/bin/../lib/gcc/arm-atollic-eabi/4.8.3/../../../../arm-atollic-eabi/lib/armv6-m\libc_s.a(lib_a-syscalls.o)
_fini                                             c:/program files (x86)/atollic/truestudio for arm 5.4.0/armtools/bin/../lib/gcc/arm-atollic-eabi/4.8.3/armv6-m/crti.o
_fork                                             c:/program files (x86)/atollic/truestudio for arm 5.4.0/armtools/bin/../lib/gcc/arm-atollic-eabi/4.8.3/../../../../arm-atollic-eabi/lib/armv6-m\libc_s.a(lib_a-syscalls.o)
_free_r                                           c:/program files (x86)/atollic/truestudio for arm 5.4.0/armtools/bin/../lib/gcc/arm-atollic-eabi/4.8.3/../../../../arm-atollic-eabi/lib/armv6-m\libc_s.a(lib_a-nano-freer.o)
                                                  c:/program files (x86)/atollic/truestudio for arm 5.4.0/armtools/bin/../lib/gcc/arm-atollic-eabi/4.8.3/../../../../arm-atollic-eabi/lib/armv6-m\libc_s.a(lib_a-reent.o)
_fstat                                            c:/program files (x86)/atollic/truestudio for arm 5.4.0/armtools/bin/../lib/gcc/arm-atollic-eabi/4.8.3/../../../../arm-atollic-eabi/lib/armv6-m\libc_s.a(lib_a-syscalls.o)
_getpid                                           c:/program files (x86)/atollic/truestudio for arm 5.4.0/armtools/bin/../lib/gcc/arm-atollic-eabi/4.8.3/../../../../arm-atollic-eabi/lib/armv6-m\libc_s.a(lib_a-syscalls.o)
_global_impure_ptr                                c:/program files (x86)/atollic/truestudio for arm 5.4.0/armtools/bin/../lib/gcc/arm-atollic-eabi/4.8.3/../../../../arm-atollic-eabi/lib/armv6-m\libc_s.a(lib_a-impure.o)
_impure_ptr                                       c:/program files (x86)/atollic/truestudio for arm 5.4.0/armtools/bin/../lib/gcc/arm-atollic-eabi/4.8.3/../../../../arm-atollic-eabi/lib/armv6-m\libc_s.a(lib_a-impure.o)
                                                  c:/program files (x86)/atollic/truestudio for arm 5.4.0/armtools/bin/../lib/gcc/arm-atollic-eabi/4.8.3/../../../../arm-atollic-eabi/lib/armv6-m\libc_s.a(lib_a-reent.o)
_init                                             c:/program files (x86)/atollic/truestudio for arm 5.4.0/armtools/bin/../lib/gcc/arm-atollic-eabi/4.8.3/armv6-m/crti.o
                                                  c:/program files (x86)/atollic/truestudio for arm 5.4.0/armtools/bin/../lib/gcc/arm-atollic-eabi/4.8.3/../../../../arm-atollic-eabi/lib/armv6-m\libc_s.a(lib_a-init.o)
_isatty                                           c:/program files (x86)/atollic/truestudio for arm 5.4.0/armtools/bin/../lib/gcc/arm-atollic-eabi/4.8.3/../../../../arm-atollic-eabi/lib/armv6-m\libc_s.a(lib_a-syscalls.o)
_kill                                             c:/program files (x86)/atollic/truestudio for arm 5.4.0/armtools/bin/../lib/gcc/arm-atollic-eabi/4.8.3/../../../../arm-atollic-eabi/lib/armv6-m\libc_s.a(lib_a-syscalls.o)
_link                                             c:/program files (x86)/atollic/truestudio for arm 5.4.0/armtools/bin/../lib/gcc/arm-atollic-eabi/4.8.3/../../../../arm-atollic-eabi/lib/armv6-m\libc_s.a(lib_a-syscalls.o)
_lseek                                            c:/program files (x86)/atollic/truestudio for arm 5.4.0/armtools/bin/../lib/gcc/arm-atollic-eabi/4.8.3/../../../../arm-atollic-eabi/lib/armv6-m\libc_s.a(lib_a-syscalls.o)
_malloc_r                                         c:/program files (x86)/atollic/truestudio for arm 5.4.0/armtools/bin/../lib/gcc/arm-atollic-eabi/4.8.3/../../../../arm-atollic-eabi/lib/armv6-m\libc_s.a(lib_a-nano-mallocr.o)
_open                                             c:/program files (x86)/atollic/truestudio for arm 5.4.0/armtools/bin/../lib/gcc/arm-atollic-eabi/4.8.3/../../../../arm-atollic-eabi/lib/armv6-m\libc_s.a(lib_a-syscalls.o)
_read                                             c:/program files (x86)/atollic/truestudio for arm 5.4.0/armtools/bin/../lib/gcc/arm-atollic-eabi/4.8.3/../../../../arm-atollic-eabi/lib/armv6-m\libc_s.a(lib_a-syscalls.o)
_reclaim_reent                                    c:/program files (x86)/atollic/truestudio for arm 5.4.0/armtools/bin/../lib/gcc/arm-atollic-eabi/4.8.3/../../../../arm-atollic-eabi/lib/armv6-m\libc_s.a(lib_a-reent.o)
_sbrk                                             c:/program files (x86)/atollic/truestudio for arm 5.4.0/armtools/bin/../lib/gcc/arm-atollic-eabi/4.8.3/../../../../arm-atollic-eabi/lib/armv6-m\libc_s.a(lib_a-syscalls.o)
                                                  c:/program files (x86)/atollic/truestudio for arm 5.4.0/armtools/bin/../lib/gcc/arm-atollic-eabi/4.8.3/../../../../arm-atollic-eabi/lib/armv6-m\libc_s.a(lib_a-sbrkr.o)
_sbrk_r                                           c:/program files (x86)/atollic/truestudio for arm 5.4.0/armtools/bin/../lib/gcc/arm-atollic-eabi/4.8.3/../../../../arm-atollic-eabi/lib/armv6-m\libc_s.a(lib_a-sbrkr.o)
                                                  c:/program files (x86)/atollic/truestudio for arm 5.4.0/armtools/bin/../lib/gcc/arm-atollic-eabi/4.8.3/../../../../arm-atollic-eabi/lib/armv6-m\libc_s.a(lib_a-nano-mallocr.o)
_sbss                                             src\startup_stm32l053xx.o
_sdata                                            src\startup_stm32l053xx.o
_sidata                                           src\startup_stm32l053xx.o
_stat                                             c:/program files (x86)/atollic/truestudio for arm 5.4.0/armtools/bin/../lib/gcc/arm-atollic-eabi/4.8.3/../../../../arm-atollic-eabi/lib/armv6-m\libc_s.a(lib_a-syscalls.o)
_times                                            c:/program files (x86)/atollic/truestudio for arm 5.4.0/armtools/bin/../lib/gcc/arm-atollic-eabi/4.8.3/../../../../arm-atollic-eabi/lib/armv6-m\libc_s.a(lib_a-syscalls.o)
_unlink                                           c:/program files (x86)/atollic/truestudio for arm 5.4.0/armtools/bin/../lib/gcc/arm-atollic-eabi/4.8.3/../../../../arm-atollic-eabi/lib/armv6-m\libc_s.a(lib_a-syscalls.o)
_wait                                             c:/program files (x86)/atollic/truestudio for arm 5.4.0/armtools/bin/../lib/gcc/arm-atollic-eabi/4.8.3/../../../../arm-atollic-eabi/lib/armv6-m\libc_s.a(lib_a-syscalls.o)
_write                                            c:/program files (x86)/atollic/truestudio for arm 5.4.0/armtools/bin/../lib/gcc/arm-atollic-eabi/4.8.3/../../../../arm-atollic-eabi/lib/armv6-m\libc_s.a(lib_a-syscalls.o)
                                                  src\tiny_printf.o
cc2500_xfer_cmd                                   src\main.o
cc2500_xfer_reg                                   src\main.o
cc2500_xfer_tx                                    src\main.o
cleanup_glue                                      c:/program files (x86)/atollic/truestudio for arm 5.4.0/armtools/bin/../lib/gcc/arm-atollic-eabi/4.8.3/../../../../arm-atollic-eabi/lib/armv6-m\libc_s.a(lib_a-reent.o)
delay_time                                        src\main.o
end                                               c:/program files (x86)/atollic/truestudio for arm 5.4.0/armtools/bin/../lib/gcc/arm-atollic-eabi/4.8.3/../../../../arm-atollic-eabi/lib/armv6-m\libc_s.a(lib_a-syscalls.o)
environ                                           c:/program files (x86)/atollic/truestudio for arm 5.4.0/armtools/bin/../lib/gcc/arm-atollic-eabi/4.8.3/../../../../arm-atollic-eabi/lib/armv6-m\libc_s.a(lib_a-syscalls.o)
errno                                             c:/program files (x86)/atollic/truestudio for arm 5.4.0/armtools/bin/../lib/gcc/arm-atollic-eabi/4.8.3/../../../../arm-atollic-eabi/lib/armv6-m\libc_s.a(lib_a-sbrkr.o)
                                                  c:/program files (x86)/atollic/truestudio for arm 5.4.0/armtools/bin/../lib/gcc/arm-atollic-eabi/4.8.3/../../../../arm-atollic-eabi/lib/armv6-m\libc_s.a(lib_a-reent.o)
                                                  c:/program files (x86)/atollic/truestudio for arm 5.4.0/armtools/bin/../lib/gcc/arm-atollic-eabi/4.8.3/../../../../arm-atollic-eabi/lib/armv6-m\libc_s.a(lib_a-syscalls.o)
fiprintf                                          src\tiny_printf.o
fprintf                                           src\tiny_printf.o
fputs                                             src\tiny_printf.o
fwrite                                            src\tiny_printf.o
g_pfnVectors                                      src\startup_stm32l053xx.o
global_loop_counter                               src\main.o
hspi1                                             src\main.o
init_cc2500                                       src\main.o
initialise_monitor_handles                        c:/program files (x86)/atollic/truestudio for arm 5.4.0/armtools/bin/../lib/gcc/arm-atollic-eabi/4.8.3/../../../../arm-atollic-eabi/lib/armv6-m\libc_s.a(lib_a-syscalls.o)
iprintf                                           src\tiny_printf.o
main                                              src\main.o
                                                  src\startup_stm32l053xx.o
memcpy                                            c:/program files (x86)/atollic/truestudio for arm 5.4.0/armtools/bin/../lib/gcc/arm-atollic-eabi/4.8.3/../../../../arm-atollic-eabi/lib/armv6-m\libc_s.a(lib_a-memcpy-stub.o)
                                                  src\main.o
pFlash                                            Drivers\STM32L0xx_HAL_Driver\Src\stm32l0xx_hal_flash.o
                                                  Drivers\STM32L0xx_HAL_Driver\Src\stm32l0xx_hal_flash_ex.o
printf                                            src\tiny_printf.o
puts                                              src\tiny_printf.o
rf_settings_default                               src\main.o
siprintf                                          src\tiny_printf.o
spi_rx_buffer                                     src\main.o
spi_tx_buffer                                     src\main.o
sprintf                                           src\tiny_printf.o
strlen                                            c:/program files (x86)/atollic/truestudio for arm 5.4.0/armtools/bin/../lib/gcc/arm-atollic-eabi/4.8.3/../../../../arm-atollic-eabi/lib/armv6-m\libc_s.a(lib_a-strlen.o)
                                                  src\tiny_printf.o
ts_formatlength                                   src\tiny_printf.o
ts_formatstring                                   src\tiny_printf.o
ts_itoa                                           src\tiny_printf.o
us_delay                                          src\main.o
utrusta_send_programm                             src\main.o
                                                  src\stm32l0xx_hal_msp.o
utrusta_set_light_full                            src\main.o
                                                  src\stm32l0xx_hal_msp.o
utrusta_set_light_low                             src\main.o
utrusta_set_light_off                             src\main.o
                                                  src\stm32l0xx_hal_msp.o
